\BOOKMARK [1][-]{section.1}{\376\377\000E\000x\000e\000c\000u\000t\000i\000v\000e\000\040\000S\000u\000m\000m\000a\000r\000y}{}% 1
\BOOKMARK [1][-]{section.2}{\376\377\000M\000o\000d\000e\000l\000\040\000P\000u\000r\000p\000o\000s\000e\000\040\000a\000n\000d\000\040\000S\000c\000o\000p\000e}{}% 2
\BOOKMARK [2][-]{subsection.2.1}{\376\377\000P\000u\000r\000p\000o\000s\000e}{section.2}% 3
\BOOKMARK [2][-]{subsection.2.2}{\376\377\000S\000c\000o\000p\000e}{section.2}% 4
\BOOKMARK [1][-]{section.3}{\376\377\000M\000a\000t\000h\000e\000m\000a\000t\000i\000c\000a\000l\000\040\000F\000r\000a\000m\000e\000w\000o\000r\000k}{}% 5
\BOOKMARK [2][-]{subsection.3.1}{\376\377\000D\000e\000p\000t\000h\000-\000D\000a\000m\000a\000g\000e\000\040\000M\000o\000d\000e\000l}{section.3}% 6
\BOOKMARK [3][-]{subsubsection.3.1.1}{\376\377\000U\000K\000-\000C\000a\000l\000i\000b\000r\000a\000t\000e\000d\000\040\000V\000u\000l\000n\000e\000r\000a\000b\000i\000l\000i\000t\000y\000\040\000C\000u\000r\000v\000e}{subsection.3.1}% 7
\BOOKMARK [3][-]{subsubsection.3.1.2}{\376\377\000P\000r\000o\000p\000e\000r\000t\000y\000\040\000T\000y\000p\000e\000\040\000A\000d\000j\000u\000s\000t\000m\000e\000n\000t\000s}{subsection.3.1}% 8
\BOOKMARK [3][-]{subsubsection.3.1.3}{\376\377\000F\000l\000o\000o\000r\000\040\000L\000e\000v\000e\000l\000\040\000A\000d\000j\000u\000s\000t\000m\000e\000n\000t}{subsection.3.1}% 9
\BOOKMARK [3][-]{subsubsection.3.1.4}{\376\377\000F\000i\000n\000a\000l\000\040\000D\000a\000m\000a\000g\000e\000\040\000R\000a\000t\000i\000o}{subsection.3.1}% 10
\BOOKMARK [3][-]{subsubsection.3.1.5}{\376\377\000F\000l\000o\000o\000d\000\040\000D\000e\000p\000t\000h\000\040\000C\000a\000l\000c\000u\000l\000a\000t\000i\000o\000n}{subsection.3.1}% 11
\BOOKMARK [2][-]{subsection.3.2}{\376\377\000S\000p\000a\000t\000i\000a\000l\000\040\000M\000o\000d\000e\000l}{section.3}% 12
\BOOKMARK [3][-]{subsubsection.3.2.1}{\376\377\000H\000a\000v\000e\000r\000s\000i\000n\000e\000\040\000D\000i\000s\000t\000a\000n\000c\000e}{subsection.3.2}% 13
\BOOKMARK [3][-]{subsubsection.3.2.2}{\376\377\000K\000D\000T\000r\000e\000e\000\040\000S\000p\000a\000t\000i\000a\000l\000\040\000I\000n\000d\000e\000x}{subsection.3.2}% 14
\BOOKMARK [3][-]{subsubsection.3.2.3}{\376\377\000I\000n\000v\000e\000r\000s\000e\000-\000D\000i\000s\000t\000a\000n\000c\000e\000-\000W\000e\000i\000g\000h\000t\000e\000d\000\040\000I\000n\000t\000e\000r\000p\000o\000l\000a\000t\000i\000o\000n}{subsection.3.2}% 15
\BOOKMARK [3][-]{subsubsection.3.2.4}{\376\377\000S\000p\000a\000t\000i\000a\000l\000\040\000C\000o\000r\000r\000e\000l\000a\000t\000i\000o\000n\000\040\000M\000a\000t\000r\000i\000x}{subsection.3.2}% 16
\BOOKMARK [2][-]{subsection.3.3}{\376\377\000V\000e\000l\000o\000c\000i\000t\000y\000\040\000M\000o\000d\000e\000l}{section.3}% 17
\BOOKMARK [3][-]{subsubsection.3.3.1}{\376\377\000M\000a\000n\000n\000i\000n\000g\000'\000s\000\040\000E\000q\000u\000a\000t\000i\000o\000n}{subsection.3.3}% 18
\BOOKMARK [3][-]{subsubsection.3.3.2}{\376\377\000G\000r\000o\000u\000n\000d\000\040\000S\000l\000o\000p\000e\000\040\000E\000s\000t\000i\000m\000a\000t\000i\000o\000n}{subsection.3.3}% 19
\BOOKMARK [3][-]{subsubsection.3.3.3}{\376\377\000T\000r\000a\000v\000e\000l\000\040\000T\000i\000m\000e}{subsection.3.3}% 20
\BOOKMARK [3][-]{subsubsection.3.3.4}{\376\377\000E\000x\000p\000o\000n\000e\000n\000t\000i\000a\000l\000\040\000D\000i\000s\000t\000a\000n\000c\000e\000\040\000A\000t\000t\000e\000n\000u\000a\000t\000i\000o\000n}{subsection.3.3}% 21
\BOOKMARK [3][-]{subsubsection.3.3.5}{\376\377\000P\000r\000o\000p\000e\000r\000t\000y\000\040\000H\000y\000d\000r\000o\000g\000r\000a\000p\000h\000\040\000C\000o\000n\000s\000t\000r\000u\000c\000t\000i\000o\000n}{subsection.3.3}% 22
\BOOKMARK [2][-]{subsection.3.4}{\376\377\000P\000o\000r\000t\000f\000o\000l\000i\000o\000\040\000R\000i\000s\000k\000\040\000A\000n\000a\000l\000y\000t\000i\000c\000s}{section.3}% 23
\BOOKMARK [3][-]{subsubsection.3.4.1}{\376\377\000M\000o\000n\000t\000e\000\040\000C\000a\000r\000l\000o\000\040\000S\000i\000m\000u\000l\000a\000t\000i\000o\000n\000\040\000w\000i\000t\000h\000\040\000C\000o\000r\000r\000e\000l\000a\000t\000e\000d\000\040\000L\000o\000s\000s\000e\000s}{subsection.3.4}% 24
\BOOKMARK [3][-]{subsubsection.3.4.2}{\376\377\000V\000a\000l\000u\000e\000-\000a\000t\000-\000R\000i\000s\000k\000\040\000a\000n\000d\000\040\000E\000x\000p\000e\000c\000t\000e\000d\000\040\000S\000h\000o\000r\000t\000f\000a\000l\000l}{subsection.3.4}% 25
\BOOKMARK [3][-]{subsubsection.3.4.3}{\376\377\000H\000e\000r\000f\000i\000n\000d\000a\000h\000l\040\023\000H\000i\000r\000s\000c\000h\000m\000a\000n\000\040\000I\000n\000d\000e\000x}{subsection.3.4}% 26
\BOOKMARK [3][-]{subsubsection.3.4.4}{\376\377\000G\000r\000i\000d\000-\000B\000a\000s\000e\000d\000\040\000S\000p\000a\000t\000i\000a\000l\000\040\000C\000o\000n\000c\000e\000n\000t\000r\000a\000t\000i\000o\000n}{subsection.3.4}% 27
\BOOKMARK [3][-]{subsubsection.3.4.5}{\376\377\000K\000M\000e\000a\000n\000s\000\040\000R\000i\000s\000k\000\040\000C\000l\000u\000s\000t\000e\000r\000i\000n\000g}{subsection.3.4}% 28
\BOOKMARK [3][-]{subsubsection.3.4.6}{\376\377\000A\000d\000v\000a\000n\000c\000e\000d\000\040\000P\000o\000r\000t\000f\000o\000l\000i\000o\000\040\000M\000e\000t\000r\000i\000c\000s}{subsection.3.4}% 29
\BOOKMARK [1][-]{section.4}{\376\377\000I\000n\000p\000u\000t\000\040\000P\000a\000r\000a\000m\000e\000t\000e\000r\000s\000\040\000a\000n\000d\000\040\000C\000a\000l\000i\000b\000r\000a\000t\000i\000o\000n}{}% 30
\BOOKMARK [2][-]{subsection.4.1}{\376\377\000M\000o\000d\000e\000l\000\040\000P\000a\000r\000a\000m\000e\000t\000e\000r\000s}{section.4}% 31
\BOOKMARK [2][-]{subsection.4.2}{\376\377\000D\000e\000p\000t\000h\000-\000D\000a\000m\000a\000g\000e\000\040\000C\000a\000l\000i\000b\000r\000a\000t\000i\000o\000n}{section.4}% 32
\BOOKMARK [2][-]{subsection.4.3}{\376\377\000P\000r\000o\000p\000e\000r\000t\000y\000\040\000T\000y\000p\000e\000\040\000F\000a\000c\000t\000o\000r\000\040\000C\000a\000l\000i\000b\000r\000a\000t\000i\000o\000n}{section.4}% 33
\BOOKMARK [2][-]{subsection.4.4}{\376\377\000M\000a\000n\000n\000i\000n\000g\000'\000s\000\040\000R\000o\000u\000g\000h\000n\000e\000s\000s}{section.4}% 34
\BOOKMARK [1][-]{section.5}{\376\377\000I\000m\000p\000l\000e\000m\000e\000n\000t\000a\000t\000i\000o\000n\000\040\000D\000e\000t\000a\000i\000l\000s}{}% 35
\BOOKMARK [2][-]{subsection.5.1}{\376\377\000M\000o\000d\000u\000l\000e\000\040\000A\000r\000c\000h\000i\000t\000e\000c\000t\000u\000r\000e}{section.5}% 36
\BOOKMARK [2][-]{subsection.5.2}{\376\377\000K\000e\000y\000\040\000D\000e\000p\000e\000n\000d\000e\000n\000c\000i\000e\000s}{section.5}% 37
\BOOKMARK [2][-]{subsection.5.3}{\376\377\000C\000o\000m\000p\000u\000t\000a\000t\000i\000o\000n\000a\000l\000\040\000W\000o\000r\000k\000f\000l\000o\000w}{section.5}% 38
\BOOKMARK [2][-]{subsection.5.4}{\376\377\000N\000u\000m\000e\000r\000i\000c\000a\000l\000\040\000C\000o\000n\000s\000i\000d\000e\000r\000a\000t\000i\000o\000n\000s}{section.5}% 39
\BOOKMARK [1][-]{section.6}{\376\377\000S\000e\000n\000s\000i\000t\000i\000v\000i\000t\000y\000\040\000A\000n\000a\000l\000y\000s\000i\000s}{}% 40
\BOOKMARK [2][-]{subsection.6.1}{\376\377\000D\000e\000p\000t\000h\000-\000D\000a\000m\000a\000g\000e\000\040\000C\000u\000r\000v\000e\000\040\000S\000e\000n\000s\000i\000t\000i\000v\000i\000t\000y}{section.6}% 41
\BOOKMARK [2][-]{subsection.6.2}{\376\377\000M\000a\000n\000n\000i\000n\000g\000'\000s\000\040\000R\000o\000u\000g\000h\000n\000e\000s\000s\000\040\000S\000e\000n\000s\000i\000t\000i\000v\000i\000t\000y}{section.6}% 42
\BOOKMARK [2][-]{subsection.6.3}{\376\377\000A\000t\000t\000e\000n\000u\000a\000t\000i\000o\000n\000\040\000L\000e\000n\000g\000t\000h\000\040\000S\000e\000n\000s\000i\000t\000i\000v\000i\000t\000y}{section.6}% 43
\BOOKMARK [2][-]{subsection.6.4}{\376\377\000C\000o\000r\000r\000e\000l\000a\000t\000i\000o\000n\000\040\000D\000i\000s\000t\000a\000n\000c\000e\000\040\000S\000e\000n\000s\000i\000t\000i\000v\000i\000t\000y}{section.6}% 44
\BOOKMARK [2][-]{subsection.6.5}{\376\377\000M\000o\000n\000t\000e\000\040\000C\000a\000r\000l\000o\000\040\000S\000a\000m\000p\000l\000e\000\040\000S\000i\000z\000e}{section.6}% 45
\BOOKMARK [1][-]{section.7}{\376\377\000V\000a\000l\000i\000d\000a\000t\000i\000o\000n\000\040\000a\000n\000d\000\040\000B\000a\000c\000k\000t\000e\000s\000t\000i\000n\000g}{}% 46
\BOOKMARK [2][-]{subsection.7.1}{\376\377\000D\000e\000p\000t\000h\000-\000D\000a\000m\000a\000g\000e\000\040\000C\000u\000r\000v\000e\000\040\000V\000a\000l\000i\000d\000a\000t\000i\000o\000n}{section.7}% 47
\BOOKMARK [2][-]{subsection.7.2}{\376\377\000I\000D\000W\000\040\000I\000n\000t\000e\000r\000p\000o\000l\000a\000t\000i\000o\000n\000\040\000V\000a\000l\000i\000d\000a\000t\000i\000o\000n}{section.7}% 48
\BOOKMARK [2][-]{subsection.7.3}{\376\377\000V\000e\000l\000o\000c\000i\000t\000y\000\040\000M\000o\000d\000e\000l\000\040\000V\000a\000l\000i\000d\000a\000t\000i\000o\000n}{section.7}% 49
\BOOKMARK [2][-]{subsection.7.4}{\376\377\000M\000o\000n\000t\000e\000\040\000C\000a\000r\000l\000o\000\040\000C\000o\000n\000v\000e\000r\000g\000e\000n\000c\000e\000\040\000T\000e\000s\000t\000i\000n\000g}{section.7}% 50
\BOOKMARK [2][-]{subsection.7.5}{\376\377\000P\000o\000r\000t\000f\000o\000l\000i\000o\000\040\000B\000a\000c\000k\000t\000e\000s\000t\000i\000n\000g}{section.7}% 51
\BOOKMARK [1][-]{section.8}{\376\377\000M\000o\000d\000e\000l\000\040\000L\000i\000m\000i\000t\000a\000t\000i\000o\000n\000s\000\040\000a\000n\000d\000\040\000K\000n\000o\000w\000n\000\040\000W\000e\000a\000k\000n\000e\000s\000s\000e\000s}{}% 52
\BOOKMARK [1][-]{section.9}{\376\377\000G\000o\000v\000e\000r\000n\000a\000n\000c\000e\000\040\000V\000a\000l\000i\000d\000a\000t\000i\000o\000n\000\040\000Q\000u\000e\000s\000t\000i\000o\000n\000s}{}% 53
\BOOKMARK [2][-]{subsection.9.1}{\376\377\000Q\0001\000\040\040\024\000\040\000R\000o\000n\000s\000e\000a\000l\000\040\000T\000e\000s\000t}{section.9}% 54
\BOOKMARK [2][-]{subsection.9.2}{\376\377\000Q\0002\000\040\040\024\000\040\000A\000c\000c\000u\000r\000a\000c\000y\000\040\000a\000n\000d\000\040\000S\000t\000a\000b\000i\000l\000i\000t\000y}{section.9}% 55
\BOOKMARK [2][-]{subsection.9.3}{\376\377\000Q\0003\000\040\040\024\000\040\000R\000e\000s\000o\000u\000r\000c\000e\000\040\000U\000s\000a\000g\000e}{section.9}% 56
\BOOKMARK [2][-]{subsection.9.4}{\376\377\000Q\0004\000\040\040\024\000\040\000O\000v\000e\000r\000r\000i\000d\000e\000\040\000C\000o\000n\000t\000r\000o\000l\000s}{section.9}% 57
\BOOKMARK [2][-]{subsection.9.5}{\376\377\000Q\0005\000\040\040\024\000\040\000O\000u\000t\000p\000u\000t\000\040\000C\000o\000n\000s\000u\000m\000p\000t\000i\000o\000n}{section.9}% 58
\BOOKMARK [2][-]{subsection.9.6}{\376\377\000Q\0006\000\040\040\024\000\040\000M\000o\000d\000e\000l\000\040\000C\000h\000a\000i\000n\000i\000n\000g}{section.9}% 59
\BOOKMARK [2][-]{subsection.9.7}{\376\377\000Q\0007\000\040\040\024\000\040\000W\000e\000a\000k\000n\000e\000s\000s\000e\000s}{section.9}% 60
\BOOKMARK [2][-]{subsection.9.8}{\376\377\000Q\0008\000\040\040\024\000\040\000M\000o\000n\000i\000t\000o\000r\000i\000n\000g}{section.9}% 61
\BOOKMARK [2][-]{subsection.9.9}{\376\377\000Q\0009\000\040\040\024\000\040\000O\000v\000e\000r\000a\000l\000l\000\040\000R\000i\000s\000k}{section.9}% 62
\BOOKMARK [1][-]{section.10}{\376\377\000C\000h\000a\000n\000g\000e\000\040\000H\000i\000s\000t\000o\000r\000y}{}% 63
\BOOKMARK [1][-]{section.11}{\376\377\000D\000o\000c\000u\000m\000e\000n\000t\000\040\000H\000i\000s\000t\000o\000r\000y}{}% 64
