\BOOKMARK [1][-]{section.1}{\376\377\000E\000x\000e\000c\000u\000t\000i\000v\000e\000\040\000S\000u\000m\000m\000a\000r\000y}{}% 1
\BOOKMARK [2][-]{subsection.1.1}{\376\377\000C\000a\000p\000a\000b\000i\000l\000i\000t\000i\000e\000s}{section.1}% 2
\BOOKMARK [2][-]{subsection.1.2}{\376\377\000A\000r\000c\000h\000i\000t\000e\000c\000t\000u\000r\000e\000\040\000O\000v\000e\000r\000v\000i\000e\000w}{section.1}% 3
\BOOKMARK [1][-]{section.2}{\376\377\000I\000n\000s\000t\000a\000l\000l\000a\000t\000i\000o\000n\000\040\000a\000n\000d\000\040\000S\000e\000t\000u\000p}{}% 4
\BOOKMARK [2][-]{subsection.2.1}{\376\377\000P\000r\000e\000r\000e\000q\000u\000i\000s\000i\000t\000e\000s}{section.2}% 5
\BOOKMARK [2][-]{subsection.2.2}{\376\377\000I\000n\000s\000t\000a\000l\000l\000a\000t\000i\000o\000n}{section.2}% 6
\BOOKMARK [2][-]{subsection.2.3}{\376\377\000E\000n\000v\000i\000r\000o\000n\000m\000e\000n\000t\000\040\000V\000a\000r\000i\000a\000b\000l\000e\000s}{section.2}% 7
\BOOKMARK [1][-]{section.3}{\376\377\000C\000o\000n\000f\000i\000g\000u\000r\000a\000t\000i\000o\000n}{}% 8
\BOOKMARK [2][-]{subsection.3.1}{\376\377\000C\000o\000n\000f\000i\000g\000u\000r\000a\000t\000i\000o\000n\000\040\000S\000y\000s\000t\000e\000m}{section.3}% 9
\BOOKMARK [2][-]{subsection.3.2}{\376\377\000D\000i\000r\000e\000c\000t\000o\000r\000y\000\040\000S\000t\000r\000u\000c\000t\000u\000r\000e}{section.3}% 10
\BOOKMARK [2][-]{subsection.3.3}{\376\377\000C\000a\000t\000c\000h\000m\000e\000n\000t\000\040\000S\000y\000s\000t\000e\000m}{section.3}% 11
\BOOKMARK [1][-]{section.4}{\376\377\000C\000L\000I\000\040\000R\000e\000f\000e\000r\000e\000n\000c\000e}{}% 12
\BOOKMARK [2][-]{subsection.4.1}{\376\377\000s\000e\000r\000v\000e\000r\000\040\040\024\000\040\000S\000t\000a\000r\000t\000\040\000W\000e\000b\000\040\000S\000e\000r\000v\000e\000r}{section.4}% 13
\BOOKMARK [2][-]{subsection.4.2}{\376\377\000p\000o\000r\000t\000\040\040\024\000\040\000G\000e\000n\000e\000r\000a\000t\000e\000\040\000P\000o\000r\000t\000f\000o\000l\000i\000o\000\040\000D\000a\000t\000a}{section.4}% 14
\BOOKMARK [3][-]{subsubsection.4.2.1}{\376\377\000S\000e\000g\000m\000e\000n\000t\000\040\000F\000l\000a\000g\000s}{subsection.4.2}% 15
\BOOKMARK [3][-]{subsubsection.4.2.2}{\376\377\000G\000l\000o\000b\000a\000l\000\040\000O\000p\000t\000i\000o\000n\000s}{subsection.4.2}% 16
\BOOKMARK [2][-]{subsection.4.3}{\376\377\000v\000i\000s\000u\000a\000l\000\040\040\024\000\040\000G\000e\000n\000e\000r\000a\000t\000e\000\040\000I\000n\000t\000e\000r\000a\000c\000t\000i\000v\000e\000\040\000M\000a\000p}{section.4}% 17
\BOOKMARK [2][-]{subsection.4.4}{\376\377\000c\000h\000e\000c\000k\000\040\040\024\000\040\000V\000e\000r\000i\000f\000y\000\040\000D\000e\000p\000e\000n\000d\000e\000n\000c\000i\000e\000s}{section.4}% 18
\BOOKMARK [2][-]{subsection.4.5}{\376\377\000c\000o\000n\000f\000i\000g\000\040\040\024\000\040\000S\000h\000o\000w\000\040\000C\000o\000n\000f\000i\000g\000u\000r\000a\000t\000i\000o\000n}{section.4}% 19
\BOOKMARK [1][-]{section.5}{\376\377\000D\000a\000t\000a\000\040\000P\000i\000p\000e\000l\000i\000n\000e}{}% 20
\BOOKMARK [2][-]{subsection.5.1}{\376\377\000G\000e\000n\000e\000r\000a\000t\000i\000o\000n\000\040\000S\000e\000q\000u\000e\000n\000c\000e}{section.5}% 21
\BOOKMARK [2][-]{subsection.5.2}{\376\377\000D\000a\000t\000a\000\040\000B\000a\000c\000k\000u\000p}{section.5}% 22
\BOOKMARK [2][-]{subsection.5.3}{\376\377\000S\000e\000g\000m\000e\000n\000t\000\040\000D\000e\000t\000a\000i\000l\000s}{section.5}% 23
\BOOKMARK [3][-]{subsubsection.5.3.1}{\376\377\000G\000a\000u\000g\000e\000s}{subsection.5.3}% 24
\BOOKMARK [3][-]{subsubsection.5.3.2}{\376\377\000P\000r\000o\000p\000e\000r\000t\000i\000e\000s}{subsection.5.3}% 25
\BOOKMARK [3][-]{subsubsection.5.3.3}{\376\377\000M\000o\000r\000t\000g\000a\000g\000e\000s}{subsection.5.3}% 26
\BOOKMARK [3][-]{subsubsection.5.3.4}{\376\377\000G\000a\000u\000g\000e\000\040\000T\000i\000m\000e\000\040\000S\000e\000r\000i\000e\000s\000\040\000\050\000g\000a\000u\000g\000e\000t\000s\000\051}{subsection.5.3}% 27
\BOOKMARK [3][-]{subsubsection.5.3.5}{\376\377\000S\000t\000o\000r\000m\000s}{subsection.5.3}% 28
\BOOKMARK [3][-]{subsubsection.5.3.6}{\376\377\000G\000a\000u\000g\000e\000\040\000H\000i\000s\000t\000o\000r\000i\000c\000a\000l\000\040\000D\000a\000t\000a\000\040\000\050\000g\000a\000u\000g\000e\000h\000d\000\051}{subsection.5.3}% 29
\BOOKMARK [3][-]{subsubsection.5.3.7}{\376\377\000H\000a\000z\000a\000r\000d\000\040\000C\000u\000r\000v\000e\000s}{subsection.5.3}% 30
\BOOKMARK [3][-]{subsubsection.5.3.8}{\376\377\000P\000r\000o\000p\000e\000r\000t\000y\000\040\000T\000i\000m\000e\000\040\000S\000e\000r\000i\000e\000s\000\040\000\050\000p\000r\000o\000p\000e\000r\000t\000y\000t\000s\000\051}{subsection.5.3}% 31
\BOOKMARK [3][-]{subsubsection.5.3.9}{\376\377\000P\000r\000o\000p\000e\000r\000t\000y\000\040\000H\000a\000z\000a\000r\000d\000\040\000C\000u\000r\000v\000e\000s\000\040\000\050\000p\000r\000o\000p\000e\000r\000t\000y\000h\000c\000\051}{subsection.5.3}% 32
\BOOKMARK [3][-]{subsubsection.5.3.10}{\376\377\000C\000o\000u\000n\000t\000e\000r\000p\000a\000r\000t\000i\000e\000s}{subsection.5.3}% 33
\BOOKMARK [2][-]{subsection.5.4}{\376\377\000C\000o\000m\000m\000o\000n\000\040\000D\000a\000t\000a\000\040\000M\000o\000d\000e\000l\000\040\000\050\000C\000D\000M\000\051}{section.5}% 34
\BOOKMARK [1][-]{section.6}{\376\377\000W\000e\000b\000\040\000S\000e\000r\000v\000e\000r\000\040\000a\000n\000d\000\040\000A\000P\000I\000\040\000R\000e\000f\000e\000r\000e\000n\000c\000e}{}% 35
\BOOKMARK [2][-]{subsection.6.1}{\376\377\000S\000t\000a\000r\000t\000i\000n\000g\000\040\000t\000h\000e\000\040\000S\000e\000r\000v\000e\000r}{section.6}% 36
\BOOKMARK [2][-]{subsection.6.2}{\376\377\000B\000l\000u\000e\000p\000r\000i\000n\000t\000\040\000O\000r\000g\000a\000n\000i\000s\000a\000t\000i\000o\000n}{section.6}% 37
\BOOKMARK [2][-]{subsection.6.3}{\376\377\000R\000e\000s\000p\000o\000n\000s\000e\000\040\000F\000o\000r\000m\000a\000t}{section.6}% 38
\BOOKMARK [2][-]{subsection.6.4}{\376\377\000H\000e\000a\000l\000t\000h\000\040\000a\000n\000d\000\040\000S\000y\000s\000t\000e\000m\000\040\000E\000n\000d\000p\000o\000i\000n\000t\000s}{section.6}% 39
\BOOKMARK [2][-]{subsection.6.5}{\376\377\000P\000r\000o\000p\000e\000r\000t\000y\000\040\000E\000n\000d\000p\000o\000i\000n\000t\000s}{section.6}% 40
\BOOKMARK [2][-]{subsection.6.6}{\376\377\000G\000a\000u\000g\000e\000\040\000E\000n\000d\000p\000o\000i\000n\000t\000s}{section.6}% 41
\BOOKMARK [2][-]{subsection.6.7}{\376\377\000P\000r\000o\000p\000e\000r\000t\000y\000\040\000F\000l\000o\000o\000d\000\040\000T\000i\000m\000e\000s\000e\000r\000i\000e\000s\000\040\000E\000n\000d\000p\000o\000i\000n\000t\000s}{section.6}% 42
\BOOKMARK [2][-]{subsection.6.8}{\376\377\000P\000r\000o\000p\000e\000r\000t\000y\000\040\000H\000a\000z\000a\000r\000d\000\040\000C\000u\000r\000v\000e\000\040\000E\000n\000d\000p\000o\000i\000n\000t\000s}{section.6}% 43
\BOOKMARK [2][-]{subsection.6.9}{\376\377\000C\000o\000u\000n\000t\000e\000r\000p\000a\000r\000t\000y\000\040\000a\000n\000d\000\040\000P\000R\000S\000\040\000E\000n\000d\000p\000o\000i\000n\000t\000s}{section.6}% 44
\BOOKMARK [1][-]{section.7}{\376\377\000I\000n\000t\000e\000r\000a\000c\000t\000i\000v\000e\000\040\000V\000i\000s\000u\000a\000l\000i\000s\000a\000t\000i\000o\000n}{}% 45
\BOOKMARK [2][-]{subsection.7.1}{\376\377\000M\000a\000p\000\040\000G\000e\000n\000e\000r\000a\000t\000i\000o\000n}{section.7}% 46
\BOOKMARK [2][-]{subsection.7.2}{\376\377\000M\000a\000p\000\040\000L\000a\000y\000e\000r\000s}{section.7}% 47
\BOOKMARK [3][-]{subsubsection.7.2.1}{\376\377\000G\000a\000u\000g\000e\000\040\000L\000a\000y\000e\000r}{subsection.7.2}% 48
\BOOKMARK [3][-]{subsubsection.7.2.2}{\376\377\000P\000r\000o\000p\000e\000r\000t\000y\000\040\000L\000a\000y\000e\000r}{subsection.7.2}% 49
\BOOKMARK [3][-]{subsubsection.7.2.3}{\376\377\000M\000o\000r\000t\000g\000a\000g\000e\000\040\000L\000a\000y\000e\000r}{subsection.7.2}% 50
\BOOKMARK [2][-]{subsection.7.3}{\376\377\000C\000o\000n\000t\000e\000x\000t\000\040\000M\000e\000n\000u\000s}{section.7}% 51
\BOOKMARK [2][-]{subsection.7.4}{\376\377\000I\000n\000t\000e\000r\000a\000c\000t\000i\000v\000e\000\040\000P\000a\000n\000e\000l\000s}{section.7}% 52
\BOOKMARK [3][-]{subsubsection.7.4.1}{\376\377\000P\000r\000o\000p\000e\000r\000t\000y\000\040\000S\000t\000o\000r\000m\000\040\000A\000n\000a\000l\000y\000s\000i\000s}{subsection.7.4}% 53
\BOOKMARK [3][-]{subsubsection.7.4.2}{\376\377\000G\000a\000u\000g\000e\000\040\000S\000t\000o\000r\000m\000\040\000A\000n\000a\000l\000y\000s\000i\000s}{subsection.7.4}% 54
\BOOKMARK [3][-]{subsubsection.7.4.3}{\376\377\000P\000r\000o\000p\000e\000r\000t\000y\000\040\000H\000a\000z\000a\000r\000d\000\040\000C\000u\000r\000v\000e\000\040\000a\000n\000d\000\040\000P\000R\000S\000\040\000P\000r\000i\000c\000i\000n\000g}{subsection.7.4}% 55
\BOOKMARK [3][-]{subsubsection.7.4.4}{\376\377\000G\000a\000u\000g\000e\000\040\000H\000a\000z\000a\000r\000d\000\040\000C\000u\000r\000v\000e}{subsection.7.4}% 56
\BOOKMARK [3][-]{subsubsection.7.4.5}{\376\377\000G\000a\000u\000g\000e\000\040\000H\000i\000s\000t\000o\000r\000i\000c\000a\000l\000\040\000D\000a\000t\000a}{subsection.7.4}% 57
\BOOKMARK [3][-]{subsubsection.7.4.6}{\376\377\000F\000l\000o\000o\000d\000\040\000A\000n\000i\000m\000a\000t\000i\000o\000n}{subsection.7.4}% 58
\BOOKMARK [3][-]{subsubsection.7.4.7}{\376\377\000M\000o\000r\000t\000g\000a\000g\000e\000\040\000D\000e\000t\000a\000i\000l\000\040\000P\000a\000n\000e\000l}{subsection.7.4}% 59
\BOOKMARK [3][-]{subsubsection.7.4.8}{\376\377\000P\000D\000F\000\040\000R\000e\000p\000o\000r\000t\000\040\000V\000i\000e\000w\000e\000r\000s}{subsection.7.4}% 60
\BOOKMARK [2][-]{subsection.7.5}{\376\377\000N\000o\000t\000i\000f\000i\000c\000a\000t\000i\000o\000n\000\040\000S\000y\000s\000t\000e\000m}{section.7}% 61
\BOOKMARK [2][-]{subsection.7.6}{\376\377\000B\000a\000c\000k\000e\000n\000d\000\040\000C\000o\000m\000m\000u\000n\000i\000c\000a\000t\000i\000o\000n}{section.7}% 62
\BOOKMARK [1][-]{section.8}{\376\377\000P\000D\000F\000\040\000R\000e\000p\000o\000r\000t\000s}{}% 63
\BOOKMARK [2][-]{subsection.8.1}{\376\377\000P\000r\000o\000p\000e\000r\000t\000y\000\040\000R\000e\000p\000o\000r\000t\000s}{section.8}% 64
\BOOKMARK [2][-]{subsection.8.2}{\376\377\000G\000a\000u\000g\000e\000\040\000R\000e\000p\000o\000r\000t\000s}{section.8}% 65
\BOOKMARK [2][-]{subsection.8.3}{\376\377\000R\000i\000s\000k\000\040\000P\000o\000r\000t\000f\000o\000l\000i\000o\000\040\000R\000e\000p\000o\000r\000t\000s}{section.8}% 66
\BOOKMARK [2][-]{subsection.8.4}{\376\377\000P\000R\000S\000\040\000T\000r\000a\000d\000e\000\040\000C\000o\000n\000f\000i\000r\000m\000a\000t\000i\000o\000n\000s}{section.8}% 67
\BOOKMARK [1][-]{section.9}{\376\377\000A\000n\000a\000l\000y\000t\000i\000c\000a\000l\000\040\000M\000o\000d\000e\000l\000s\000\040\000R\000e\000f\000e\000r\000e\000n\000c\000e}{}% 68
\BOOKMARK [2][-]{subsection.9.1}{\376\377\000H\000a\000z\000a\000r\000d\000\040\000M\000o\000d\000e\000l\000s}{section.9}% 69
\BOOKMARK [2][-]{subsection.9.2}{\376\377\000F\000l\000o\000o\000d\000\040\000R\000i\000s\000k\000\040\000M\000o\000d\000e\000l\000s}{section.9}% 70
\BOOKMARK [2][-]{subsection.9.3}{\376\377\000V\000a\000l\000u\000a\000t\000i\000o\000n\000\040\000a\000n\000d\000\040\000R\000i\000s\000k\000\040\000M\000o\000d\000e\000l\000s}{section.9}% 71
\BOOKMARK [2][-]{subsection.9.4}{\376\377\000S\000t\000a\000t\000i\000s\000t\000i\000c\000s\000\040\000a\000n\000d\000\040\000I\000n\000t\000e\000n\000s\000i\000t\000y\000\040\000M\000o\000d\000e\000l\000s}{section.9}% 72
\BOOKMARK [2][-]{subsection.9.5}{\376\377\000M\000o\000d\000e\000l\000\040\000D\000o\000c\000u\000m\000e\000n\000t\000a\000t\000i\000o\000n}{section.9}% 73
\BOOKMARK [1][-]{section.10}{\376\377\000D\000o\000c\000k\000e\000r\000\040\000D\000e\000p\000l\000o\000y\000m\000e\000n\000t}{}% 74
\BOOKMARK [2][-]{subsection.10.1}{\376\377\000C\000o\000n\000t\000a\000i\000n\000e\000r\000\040\000I\000m\000a\000g\000e}{section.10}% 75
\BOOKMARK [2][-]{subsection.10.2}{\376\377\000D\000o\000c\000k\000e\000r\000\040\000C\000o\000m\000p\000o\000s\000e}{section.10}% 76
\BOOKMARK [1][-]{section.11}{\376\377\000T\000e\000s\000t\000i\000n\000g}{}% 77
\BOOKMARK [2][-]{subsection.11.1}{\376\377\000T\000e\000s\000t\000\040\000A\000r\000c\000h\000i\000t\000e\000c\000t\000u\000r\000e}{section.11}% 78
\BOOKMARK [2][-]{subsection.11.2}{\376\377\000R\000u\000n\000n\000i\000n\000g\000\040\000T\000e\000s\000t\000s}{section.11}% 79
\BOOKMARK [2][-]{subsection.11.3}{\376\377\000T\000e\000s\000t\000\040\000C\000o\000n\000v\000e\000n\000t\000i\000o\000n\000s}{section.11}% 80
\BOOKMARK [1][-]{section*.18}{\376\377\000A\000p\000p\000e\000n\000d\000i\000x\000\040\000A\000:\000\040\000D\000a\000t\000a\000\040\000F\000i\000l\000e\000\040\000R\000e\000f\000e\000r\000e\000n\000c\000e}{}% 81
\BOOKMARK [1][-]{section.12}{\376\377\000D\000o\000c\000u\000m\000e\000n\000t\000\040\000H\000i\000s\000t\000o\000r\000y}{}% 82
