\BOOKMARK [1][-]{section.1}{\376\377\000E\000x\000e\000c\000u\000t\000i\000v\000e\000\040\000S\000u\000m\000m\000a\000r\000y}{}% 1
\BOOKMARK [1][-]{section.2}{\376\377\000M\000o\000d\000e\000l\000\040\000P\000u\000r\000p\000o\000s\000e\000\040\000a\000n\000d\000\040\000S\000c\000o\000p\000e}{}% 2
\BOOKMARK [2][-]{subsection.2.1}{\376\377\000P\000u\000r\000p\000o\000s\000e}{section.2}% 3
\BOOKMARK [2][-]{subsection.2.2}{\376\377\000S\000c\000o\000p\000e}{section.2}% 4
\BOOKMARK [2][-]{subsection.2.3}{\376\377\000T\000r\000i\000g\000g\000e\000r\000\040\000L\000e\000v\000e\000l\000s}{section.2}% 5
\BOOKMARK [1][-]{section.3}{\376\377\000M\000a\000t\000h\000e\000m\000a\000t\000i\000c\000a\000l\000\040\000F\000r\000a\000m\000e\000w\000o\000r\000k}{}% 6
\BOOKMARK [2][-]{subsection.3.1}{\376\377\000A\000n\000a\000l\000y\000t\000i\000c\000a\000l\000\040\000P\000r\000i\000c\000i\000n\000g\000\040\000\050\000p\000r\000s\000\137\000a\000n\000a\000l\000y\000t\000i\000c\000a\000l\000.\000p\000y\000\051}{section.3}% 7
\BOOKMARK [3][-]{subsubsection.3.1.1}{\376\377\000H\000a\000z\000a\000r\000d\000\040\000R\000a\000t\000e\000\040\000C\000o\000n\000v\000e\000r\000s\000i\000o\000n}{subsection.3.1}% 8
\BOOKMARK [3][-]{subsubsection.3.1.2}{\376\377\000S\000u\000r\000v\000i\000v\000a\000l\000\040\000a\000n\000d\000\040\000D\000i\000s\000c\000o\000u\000n\000t\000\040\000F\000u\000n\000c\000t\000i\000o\000n\000s}{subsection.3.1}% 9
\BOOKMARK [3][-]{subsubsection.3.1.3}{\376\377\000Q\000u\000a\000r\000t\000e\000r\000l\000y\000\040\000D\000i\000s\000c\000r\000e\000t\000i\000s\000a\000t\000i\000o\000n}{subsection.3.1}% 10
\BOOKMARK [3][-]{subsubsection.3.1.4}{\376\377\000R\000i\000s\000k\000y\000\040\000A\000n\000n\000u\000i\000t\000y\000\040\000\050\000P\000r\000e\000m\000i\000u\000m\000\040\000L\000e\000g\000\051}{subsection.3.1}% 11
\BOOKMARK [3][-]{subsubsection.3.1.5}{\376\377\000P\000r\000o\000t\000e\000c\000t\000i\000o\000n\000\040\000L\000e\000g}{subsection.3.1}% 12
\BOOKMARK [3][-]{subsubsection.3.1.6}{\376\377\000F\000a\000i\000r\000\040\000S\000p\000r\000e\000a\000d}{subsection.3.1}% 13
\BOOKMARK [3][-]{subsubsection.3.1.7}{\376\377\000F\000a\000l\000l\000b\000a\000c\000k\000\040\000P\000r\000i\000c\000i\000n\000g}{subsection.3.1}% 14
\BOOKMARK [2][-]{subsection.3.2}{\376\377\000R\000e\000c\000o\000v\000e\000r\000y\000\040\000R\000a\000t\000e}{section.3}% 15
\BOOKMARK [2][-]{subsection.3.3}{\376\377\000B\000a\000s\000i\000s\000\040\000W\000a\000t\000e\000r\000f\000a\000l\000l}{section.3}% 16
\BOOKMARK [3][-]{subsubsection.3.3.1}{\376\377\000C\000o\000m\000p\000o\000n\000e\000n\000t\000\040\0001\000:\000\040\000M\000o\000d\000e\000l\000\040\000U\000n\000c\000e\000r\000t\000a\000i\000n\000t\000y}{subsection.3.3}% 17
\BOOKMARK [3][-]{subsubsection.3.3.2}{\376\377\000C\000o\000m\000p\000o\000n\000e\000n\000t\000\040\0002\000:\000\040\000D\000i\000s\000t\000a\000n\000c\000e\000\040\000B\000a\000s\000i\000s}{subsection.3.3}% 18
\BOOKMARK [3][-]{subsubsection.3.3.3}{\376\377\000C\000o\000m\000p\000o\000n\000e\000n\000t\000\040\0003\000:\000\040\000E\000l\000e\000v\000a\000t\000i\000o\000n\000\040\000B\000a\000s\000i\000s}{subsection.3.3}% 19
\BOOKMARK [3][-]{subsubsection.3.3.4}{\376\377\000C\000o\000m\000p\000o\000n\000e\000n\000t\000\040\0004\000:\000\040\000T\000e\000r\000r\000a\000i\000n\000\040\000V\000a\000r\000i\000a\000t\000i\000o\000n}{subsection.3.3}% 20
\BOOKMARK [3][-]{subsubsection.3.3.5}{\376\377\000C\000o\000m\000p\000o\000n\000e\000n\000t\000\040\0005\000:\000\040\000P\000r\000o\000p\000e\000r\000t\000y\000\040\000C\000o\000m\000p\000o\000s\000i\000t\000i\000o\000n}{subsection.3.3}% 21
\BOOKMARK [2][-]{subsection.3.4}{\376\377\000Q\000u\000a\000n\000t\000L\000i\000b\000\040\000P\000r\000i\000c\000i\000n\000g\000\040\000\050\000p\000r\000s\000\137\000w\000i\000t\000h\000\137\000h\000a\000z\000a\000r\000d\000\137\000c\000u\000r\000v\000e\000.\000p\000y\000\051}{section.3}% 22
\BOOKMARK [3][-]{subsubsection.3.4.1}{\376\377\000C\000u\000r\000v\000e\000\040\000C\000o\000n\000s\000t\000r\000u\000c\000t\000i\000o\000n}{subsection.3.4}% 23
\BOOKMARK [3][-]{subsubsection.3.4.2}{\376\377\000C\000D\000S\000\040\000I\000n\000s\000t\000r\000u\000m\000e\000n\000t\000\040\000C\000o\000n\000s\000t\000r\000u\000c\000t\000i\000o\000n}{subsection.3.4}% 24
\BOOKMARK [3][-]{subsubsection.3.4.3}{\376\377\000P\000r\000i\000c\000i\000n\000g\000\040\000E\000n\000g\000i\000n\000e}{subsection.3.4}% 25
\BOOKMARK [1][-]{section.4}{\376\377\000I\000n\000p\000u\000t\000\040\000P\000a\000r\000a\000m\000e\000t\000e\000r\000s\000\040\000a\000n\000d\000\040\000C\000a\000l\000i\000b\000r\000a\000t\000i\000o\000n}{}% 26
\BOOKMARK [2][-]{subsection.4.1}{\376\377\000P\000r\000i\000c\000i\000n\000g\000\040\000P\000a\000r\000a\000m\000e\000t\000e\000r\000s}{section.4}% 27
\BOOKMARK [2][-]{subsection.4.2}{\376\377\000B\000a\000s\000i\000s\000\040\000W\000a\000t\000e\000r\000f\000a\000l\000l\000\040\000P\000a\000r\000a\000m\000e\000t\000e\000r\000s}{section.4}% 28
\BOOKMARK [2][-]{subsection.4.3}{\376\377\000B\000a\000s\000i\000s\000\040\000W\000a\000t\000e\000r\000f\000a\000l\000l\000\040\000I\000n\000p\000u\000t\000s}{section.4}% 29
\BOOKMARK [2][-]{subsection.4.4}{\376\377\000C\000a\000l\000i\000b\000r\000a\000t\000i\000o\000n}{section.4}% 30
\BOOKMARK [1][-]{section.5}{\376\377\000I\000m\000p\000l\000e\000m\000e\000n\000t\000a\000t\000i\000o\000n\000\040\000D\000e\000t\000a\000i\000l\000s}{}% 31
\BOOKMARK [2][-]{subsection.5.1}{\376\377\000S\000o\000u\000r\000c\000e\000\040\000F\000i\000l\000e\000s}{section.5}% 32
\BOOKMARK [2][-]{subsection.5.2}{\376\377\000T\000w\000o\000\040\000P\000r\000i\000c\000i\000n\000g\000\040\000P\000a\000t\000h\000s}{section.5}% 33
\BOOKMARK [2][-]{subsection.5.3}{\376\377\000K\000e\000y\000\040\000I\000m\000p\000l\000e\000m\000e\000n\000t\000a\000t\000i\000o\000n\000\040\000D\000e\000t\000a\000i\000l\000s}{section.5}% 34
\BOOKMARK [3][-]{subsubsection.5.3.1}{\376\377\000H\000a\000z\000a\000r\000d\000\040\000R\000a\000t\000e\000\040\000C\000l\000a\000m\000p\000i\000n\000g}{subsection.5.3}% 35
\BOOKMARK [3][-]{subsubsection.5.3.2}{\376\377\000I\000D\000W\000\040\000W\000e\000i\000g\000h\000t\000i\000n\000g}{subsection.5.3}% 36
\BOOKMARK [3][-]{subsubsection.5.3.3}{\376\377\000R\000o\000u\000n\000d\000i\000n\000g}{subsection.5.3}% 37
\BOOKMARK [3][-]{subsubsection.5.3.4}{\376\377\000Q\000u\000a\000n\000t\000L\000i\000b\000\040\000D\000a\000t\000e\000\040\000C\000o\000n\000v\000e\000n\000t\000i\000o\000n\000s}{subsection.5.3}% 38
\BOOKMARK [1][-]{section.6}{\376\377\000S\000e\000n\000s\000i\000t\000i\000v\000i\000t\000y\000\040\000A\000n\000a\000l\000y\000s\000i\000s}{}% 39
\BOOKMARK [2][-]{subsection.6.1}{\376\377\000H\000a\000z\000a\000r\000d\000\040\000R\000a\000t\000e\000\040\000S\000e\000n\000s\000i\000t\000i\000v\000i\000t\000y}{section.6}% 40
\BOOKMARK [2][-]{subsection.6.2}{\376\377\000R\000e\000c\000o\000v\000e\000r\000y\000\040\000R\000a\000t\000e\000\040\000S\000e\000n\000s\000i\000t\000i\000v\000i\000t\000y}{section.6}% 41
\BOOKMARK [2][-]{subsection.6.3}{\376\377\000R\000i\000s\000k\000-\000F\000r\000e\000e\000\040\000R\000a\000t\000e\000\040\000S\000e\000n\000s\000i\000t\000i\000v\000i\000t\000y}{section.6}% 42
\BOOKMARK [2][-]{subsection.6.4}{\376\377\000T\000e\000n\000o\000r\000\040\000S\000e\000n\000s\000i\000t\000i\000v\000i\000t\000y}{section.6}% 43
\BOOKMARK [2][-]{subsection.6.5}{\376\377\000D\000i\000s\000t\000a\000n\000c\000e\000\040\000S\000e\000n\000s\000i\000t\000i\000v\000i\000t\000y}{section.6}% 44
\BOOKMARK [2][-]{subsection.6.6}{\376\377\000E\000l\000e\000v\000a\000t\000i\000o\000n\000\040\000S\000e\000n\000s\000i\000t\000i\000v\000i\000t\000y}{section.6}% 45
\BOOKMARK [1][-]{section.7}{\376\377\000V\000a\000l\000i\000d\000a\000t\000i\000o\000n\000\040\000a\000n\000d\000\040\000B\000a\000c\000k\000t\000e\000s\000t\000i\000n\000g}{}% 46
\BOOKMARK [2][-]{subsection.7.1}{\376\377\000C\000r\000o\000s\000s\000-\000V\000a\000l\000i\000d\000a\000t\000i\000o\000n\000:\000\040\000A\000n\000a\000l\000y\000t\000i\000c\000a\000l\000\040\000v\000s\000\040\000Q\000u\000a\000n\000t\000L\000i\000b}{section.7}% 47
\BOOKMARK [2][-]{subsection.7.2}{\376\377\000B\000a\000s\000i\000s\000\040\000D\000e\000c\000o\000m\000p\000o\000s\000i\000t\000i\000o\000n\000\040\000S\000a\000n\000i\000t\000y\000\040\000C\000h\000e\000c\000k\000s}{section.7}% 48
\BOOKMARK [2][-]{subsection.7.3}{\376\377\000C\000o\000m\000p\000a\000r\000i\000s\000o\000n\000\040\000w\000i\000t\000h\000\040\000F\000l\000o\000o\000d\000R\000E\000\040\000I\000n\000d\000i\000c\000a\000t\000i\000v\000e\000\040\000R\000a\000t\000e\000s}{section.7}% 49
\BOOKMARK [1][-]{section.8}{\376\377\000M\000o\000d\000e\000l\000\040\000L\000i\000m\000i\000t\000a\000t\000i\000o\000n\000s\000\040\000a\000n\000d\000\040\000K\000n\000o\000w\000n\000\040\000W\000e\000a\000k\000n\000e\000s\000s\000e\000s}{}% 50
\BOOKMARK [2][-]{subsection.8.1}{\376\377\000C\000o\000n\000s\000t\000a\000n\000t\000\040\000H\000a\000z\000a\000r\000d\000\040\000R\000a\000t\000e\000\040\000A\000s\000s\000u\000m\000p\000t\000i\000o\000n}{section.8}% 51
\BOOKMARK [2][-]{subsection.8.2}{\376\377\000N\000o\000\040\000C\000o\000u\000n\000t\000e\000r\000p\000a\000r\000t\000y\000\040\000C\000r\000e\000d\000i\000t\000\040\000R\000i\000s\000k}{section.8}% 52
\BOOKMARK [2][-]{subsection.8.3}{\376\377\000Q\000u\000a\000r\000t\000e\000r\000l\000y\000\040\000D\000i\000s\000c\000r\000e\000t\000i\000s\000a\000t\000i\000o\000n\000\040\000E\000r\000r\000o\000r}{section.8}% 53
\BOOKMARK [2][-]{subsection.8.4}{\376\377\000F\000l\000a\000t\000\040\000R\000i\000s\000k\000-\000F\000r\000e\000e\000\040\000C\000u\000r\000v\000e}{section.8}% 54
\BOOKMARK [2][-]{subsection.8.5}{\376\377\000A\000d\000d\000i\000t\000i\000v\000e\000\040\000B\000a\000s\000i\000s\000\040\000M\000o\000d\000e\000l}{section.8}% 55
\BOOKMARK [2][-]{subsection.8.6}{\376\377\000N\000o\000\040\000C\000o\000r\000r\000e\000l\000a\000t\000i\000o\000n\000\040\000M\000o\000d\000e\000l\000l\000i\000n\000g}{section.8}% 56
\BOOKMARK [2][-]{subsection.8.7}{\376\377\000R\000e\000c\000o\000v\000e\000r\000y\000\040\000R\000a\000t\000e\000\040\000A\000s\000s\000u\000m\000p\000t\000i\000o\000n\000s}{section.8}% 57
\BOOKMARK [1][-]{section.9}{\376\377\000G\000o\000v\000e\000r\000n\000a\000n\000c\000e\000\040\000V\000a\000l\000i\000d\000a\000t\000i\000o\000n\000\040\000Q\000u\000e\000s\000t\000i\000o\000n\000s}{}% 58
\BOOKMARK [2][-]{subsection.9.1}{\376\377\000Q\0001\000\040\040\024\000\040\000R\000o\000n\000s\000e\000a\000l\000\040\000T\000e\000s\000t}{section.9}% 59
\BOOKMARK [2][-]{subsection.9.2}{\376\377\000Q\0002\000\040\040\024\000\040\000A\000c\000c\000u\000r\000a\000c\000y\000\040\000a\000n\000d\000\040\000S\000t\000a\000b\000i\000l\000i\000t\000y}{section.9}% 60
\BOOKMARK [2][-]{subsection.9.3}{\376\377\000Q\0003\000\040\040\024\000\040\000R\000e\000s\000o\000u\000r\000c\000e\000\040\000U\000s\000a\000g\000e}{section.9}% 61
\BOOKMARK [2][-]{subsection.9.4}{\376\377\000Q\0004\000\040\040\024\000\040\000O\000v\000e\000r\000r\000i\000d\000e\000\040\000C\000o\000n\000t\000r\000o\000l\000s}{section.9}% 62
\BOOKMARK [2][-]{subsection.9.5}{\376\377\000Q\0005\000\040\040\024\000\040\000O\000u\000t\000p\000u\000t\000\040\000C\000o\000n\000s\000u\000m\000p\000t\000i\000o\000n}{section.9}% 63
\BOOKMARK [2][-]{subsection.9.6}{\376\377\000Q\0006\000\040\040\024\000\040\000M\000o\000d\000e\000l\000\040\000C\000h\000a\000i\000n\000i\000n\000g}{section.9}% 64
\BOOKMARK [2][-]{subsection.9.7}{\376\377\000Q\0007\000\040\040\024\000\040\000W\000e\000a\000k\000n\000e\000s\000s\000e\000s}{section.9}% 65
\BOOKMARK [2][-]{subsection.9.8}{\376\377\000Q\0008\000\040\040\024\000\040\000M\000o\000n\000i\000t\000o\000r\000i\000n\000g}{section.9}% 66
\BOOKMARK [2][-]{subsection.9.9}{\376\377\000Q\0009\000\040\040\024\000\040\000O\000v\000e\000r\000a\000l\000l\000\040\000R\000i\000s\000k}{section.9}% 67
\BOOKMARK [1][-]{section.10}{\376\377\000C\000h\000a\000n\000g\000e\000\040\000H\000i\000s\000t\000o\000r\000y}{}% 68
\BOOKMARK [1][-]{section.11}{\376\377\000D\000o\000c\000u\000m\000e\000n\000t\000\040\000H\000i\000s\000t\000o\000r\000y}{}% 69
