This is pdfTeX, Version 3.141592653-2.6-1.40.26 (TeX Live 2024) (preloaded format=pdflatex 2024.8.12)  21 JUL 2026 14:28
entering extended mode
 restricted \write18 enabled.
 %&-line parsing enabled.
**typhoon.tex
(./typhoon.tex
LaTeX2e <2023-11-01> patch level 1
L3 programming layer <2024-02-20>
(/usr/local/texlive/2024/texmf-dist/tex/latex/base/article.cls
Document Class: article 2023/05/17 v1.4n Standard LaTeX document class
(/usr/local/texlive/2024/texmf-dist/tex/latex/base/size11.clo
File: size11.clo 2023/05/17 v1.4n Standard LaTeX file (size option)
)
\c@part=\count188
\c@section=\count189
\c@subsection=\count190
\c@subsubsection=\count191
\c@paragraph=\count192
\c@subparagraph=\count193
\c@figure=\count194
\c@table=\count195
\abovecaptionskip=\skip48
\belowcaptionskip=\skip49
\bibindent=\dimen140
)
(../shared/mkm_header.tex
(/usr/local/texlive/2024/texmf-dist/tex/latex/base/inputenc.sty
Package: inputenc 2021/02/14 v1.3d Input encoding file
\inpenc@prehook=\toks17
\inpenc@posthook=\toks18
)
(/usr/local/texlive/2024/texmf-dist/tex/latex/amsmath/amsmath.sty
Package: amsmath 2023/05/13 v2.17o AMS math features
\@mathmargin=\skip50

For additional information on amsmath, use the `?' option.
(/usr/local/texlive/2024/texmf-dist/tex/latex/amsmath/amstext.sty
Package: amstext 2021/08/26 v2.01 AMS text

(/usr/local/texlive/2024/texmf-dist/tex/latex/amsmath/amsgen.sty
File: amsgen.sty 1999/11/30 v2.0 generic functions
\@emptytoks=\toks19
\ex@=\dimen141
))
(/usr/local/texlive/2024/texmf-dist/tex/latex/amsmath/amsbsy.sty
Package: amsbsy 1999/11/29 v1.2d Bold Symbols
\pmbraise@=\dimen142
)
(/usr/local/texlive/2024/texmf-dist/tex/latex/amsmath/amsopn.sty
Package: amsopn 2022/04/08 v2.04 operator names
)
\inf@bad=\count196
LaTeX Info: Redefining \frac on input line 234.
\uproot@=\count197
\leftroot@=\count198
LaTeX Info: Redefining \overline on input line 399.
LaTeX Info: Redefining \colon on input line 410.
\classnum@=\count199
\DOTSCASE@=\count266
LaTeX Info: Redefining \ldots on input line 496.
LaTeX Info: Redefining \dots on input line 499.
LaTeX Info: Redefining \cdots on input line 620.
\Mathstrutbox@=\box51
\strutbox@=\box52
LaTeX Info: Redefining \big on input line 722.
LaTeX Info: Redefining \Big on input line 723.
LaTeX Info: Redefining \bigg on input line 724.
LaTeX Info: Redefining \Bigg on input line 725.
\big@size=\dimen143
LaTeX Font Info:    Redeclaring font encoding OML on input line 743.
LaTeX Font Info:    Redeclaring font encoding OMS on input line 744.
\macc@depth=\count267
LaTeX Info: Redefining \bmod on input line 905.
LaTeX Info: Redefining \pmod on input line 910.
LaTeX Info: Redefining \smash on input line 940.
LaTeX Info: Redefining \relbar on input line 970.
LaTeX Info: Redefining \Relbar on input line 971.
\c@MaxMatrixCols=\count268
\dotsspace@=\muskip16
\c@parentequation=\count269
\dspbrk@lvl=\count270
\tag@help=\toks20
\row@=\count271
\column@=\count272
\maxfields@=\count273
\andhelp@=\toks21
\eqnshift@=\dimen144
\alignsep@=\dimen145
\tagshift@=\dimen146
\tagwidth@=\dimen147
\totwidth@=\dimen148
\lineht@=\dimen149
\@envbody=\toks22
\multlinegap=\skip51
\multlinetaggap=\skip52
\mathdisplay@stack=\toks23
LaTeX Info: Redefining \[ on input line 2953.
LaTeX Info: Redefining \] on input line 2954.
)
(/usr/local/texlive/2024/texmf-dist/tex/latex/amsfonts/amsfonts.sty
Package: amsfonts 2013/01/14 v3.01 Basic AMSFonts support
\symAMSa=\mathgroup4
\symAMSb=\mathgroup5
LaTeX Font Info:    Redeclaring math symbol \hbar on input line 98.
LaTeX Font Info:    Overwriting math alphabet `\mathfrak' in version `bold'
(Font)                  U/euf/m/n --> U/euf/b/n on input line 106.
)
(/usr/local/texlive/2024/texmf-dist/tex/latex/amsfonts/amssymb.sty
Package: amssymb 2013/01/14 v3.01 AMS font symbols
)
(/usr/local/texlive/2024/texmf-dist/tex/latex/listings/listings.sty
(/usr/local/texlive/2024/texmf-dist/tex/latex/graphics/keyval.sty
Package: keyval 2022/05/29 v1.15 key=value parser (DPC)
\KV@toks@=\toks24
)
\lst@mode=\count274
\lst@gtempboxa=\box53
\lst@token=\toks25
\lst@length=\count275
\lst@currlwidth=\dimen150
\lst@column=\count276
\lst@pos=\count277
\lst@lostspace=\dimen151
\lst@width=\dimen152
\lst@newlines=\count278
\lst@lineno=\count279
\lst@maxwidth=\dimen153

(/usr/local/texlive/2024/texmf-dist/tex/latex/listings/lstpatch.sty
File: lstpatch.sty 2024/02/21 1.10 (Carsten Heinz)
)
(/usr/local/texlive/2024/texmf-dist/tex/latex/listings/lstmisc.sty
File: lstmisc.sty 2024/02/21 1.10 (Carsten Heinz)
\c@lstnumber=\count280
\lst@skipnumbers=\count281
\lst@framebox=\box54
)
(/usr/local/texlive/2024/texmf-dist/tex/latex/listings/listings.cfg
File: listings.cfg 2024/02/21 1.10 listings configuration
))
Package: listings 2024/02/21 1.10 (Carsten Heinz)

(/usr/local/texlive/2024/texmf-dist/tex/latex/graphics/color.sty
Package: color 2022/01/06 v1.3d Standard LaTeX Color (DPC)

(/usr/local/texlive/2024/texmf-dist/tex/latex/graphics-cfg/color.cfg
File: color.cfg 2016/01/02 v1.6 sample color configuration
)
Package color Info: Driver file: pdftex.def on input line 149.

(/usr/local/texlive/2024/texmf-dist/tex/latex/graphics-def/pdftex.def
File: pdftex.def 2022/09/22 v1.2b Graphics/color driver for pdftex
)
(/usr/local/texlive/2024/texmf-dist/tex/latex/graphics/mathcolor.ltx))
(/usr/local/texlive/2024/texmf-dist/tex/latex/xcolor/xcolor.sty
Package: xcolor 2023/11/15 v3.01 LaTeX color extensions (UK)

(/usr/local/texlive/2024/texmf-dist/tex/latex/graphics-cfg/color.cfg
File: color.cfg 2016/01/02 v1.6 sample color configuration
)
Package xcolor Info: Driver file: pdftex.def on input line 274.
LaTeX Info: Redefining \color on input line 758.

(/usr/local/texlive/2024/texmf-dist/tex/latex/graphics/mathcolor.ltx)
Package xcolor Info: Model `cmy' substituted by `cmy0' on input line 1350.
Package xcolor Info: Model `hsb' substituted by `rgb' on input line 1354.
Package xcolor Info: Model `RGB' extended on input line 1366.
Package xcolor Info: Model `HTML' substituted by `rgb' on input line 1368.
Package xcolor Info: Model `Hsb' substituted by `hsb' on input line 1369.
Package xcolor Info: Model `tHsb' substituted by `hsb' on input line 1370.
Package xcolor Info: Model `HSB' substituted by `hsb' on input line 1371.
Package xcolor Info: Model `Gray' substituted by `gray' on input line 1372.
Package xcolor Info: Model `wave' substituted by `hsb' on input line 1373.
)
(/usr/local/texlive/2024/texmf-dist/tex/latex/graphics/graphicx.sty
Package: graphicx 2021/09/16 v1.2d Enhanced LaTeX Graphics (DPC,SPQR)

(/usr/local/texlive/2024/texmf-dist/tex/latex/graphics/graphics.sty
Package: graphics 2022/03/10 v1.4e Standard LaTeX Graphics (DPC,SPQR)

(/usr/local/texlive/2024/texmf-dist/tex/latex/graphics/trig.sty
Package: trig 2021/08/11 v1.11 sin cos tan (DPC)
)
(/usr/local/texlive/2024/texmf-dist/tex/latex/graphics-cfg/graphics.cfg
File: graphics.cfg 2016/06/04 v1.11 sample graphics configuration
)
Package graphics Info: Driver file: pdftex.def on input line 107.
)
\Gin@req@height=\dimen154
\Gin@req@width=\dimen155
)
(/usr/local/texlive/2024/texmf-dist/tex/latex/hyperref/hyperref.sty
Package: hyperref 2024-01-20 v7.01h Hypertext links for LaTeX

(/usr/local/texlive/2024/texmf-dist/tex/generic/iftex/iftex.sty
Package: iftex 2022/02/03 v1.0f TeX engine tests
)
(/usr/local/texlive/2024/texmf-dist/tex/latex/kvsetkeys/kvsetkeys.sty
Package: kvsetkeys 2022-10-05 v1.19 Key value parser (HO)
)
(/usr/local/texlive/2024/texmf-dist/tex/generic/kvdefinekeys/kvdefinekeys.sty
Package: kvdefinekeys 2019-12-19 v1.6 Define keys (HO)
)
(/usr/local/texlive/2024/texmf-dist/tex/generic/pdfescape/pdfescape.sty
Package: pdfescape 2019/12/09 v1.15 Implements pdfTeX's escape features (HO)

(/usr/local/texlive/2024/texmf-dist/tex/generic/ltxcmds/ltxcmds.sty
Package: ltxcmds 2023-12-04 v1.26 LaTeX kernel commands for general use (HO)
)
(/usr/local/texlive/2024/texmf-dist/tex/generic/pdftexcmds/pdftexcmds.sty
Package: pdftexcmds 2020-06-27 v0.33 Utility functions of pdfTeX for LuaTeX (HO
)

(/usr/local/texlive/2024/texmf-dist/tex/generic/infwarerr/infwarerr.sty
Package: infwarerr 2019/12/03 v1.5 Providing info/warning/error messages (HO)
)
Package pdftexcmds Info: \pdf@primitive is available.
Package pdftexcmds Info: \pdf@ifprimitive is available.
Package pdftexcmds Info: \pdfdraftmode found.
))
(/usr/local/texlive/2024/texmf-dist/tex/latex/hycolor/hycolor.sty
Package: hycolor 2020-01-27 v1.10 Color options for hyperref/bookmark (HO)
)
(/usr/local/texlive/2024/texmf-dist/tex/latex/auxhook/auxhook.sty
Package: auxhook 2019-12-17 v1.6 Hooks for auxiliary files (HO)
)
(/usr/local/texlive/2024/texmf-dist/tex/latex/hyperref/nameref.sty
Package: nameref 2023-11-26 v2.56 Cross-referencing by name of section

(/usr/local/texlive/2024/texmf-dist/tex/latex/refcount/refcount.sty
Package: refcount 2019/12/15 v3.6 Data extraction from label references (HO)
)
(/usr/local/texlive/2024/texmf-dist/tex/generic/gettitlestring/gettitlestring.s
ty
Package: gettitlestring 2019/12/15 v1.6 Cleanup title references (HO)
 (/usr/local/texlive/2024/texmf-dist/tex/latex/kvoptions/kvoptions.sty
Package: kvoptions 2022-06-15 v3.15 Key value format for package options (HO)
))
\c@section@level=\count282
)
(/usr/local/texlive/2024/texmf-dist/tex/latex/etoolbox/etoolbox.sty
Package: etoolbox 2020/10/05 v2.5k e-TeX tools for LaTeX (JAW)
\etb@tempcnta=\count283
)
\@linkdim=\dimen156
\Hy@linkcounter=\count284
\Hy@pagecounter=\count285

(/usr/local/texlive/2024/texmf-dist/tex/latex/hyperref/pd1enc.def
File: pd1enc.def 2024-01-20 v7.01h Hyperref: PDFDocEncoding definition (HO)
Now handling font encoding PD1 ...
... no UTF-8 mapping file for font encoding PD1
)
(/usr/local/texlive/2024/texmf-dist/tex/generic/intcalc/intcalc.sty
Package: intcalc 2019/12/15 v1.3 Expandable calculations with integers (HO)
)
\Hy@SavedSpaceFactor=\count286

(/usr/local/texlive/2024/texmf-dist/tex/latex/hyperref/puenc.def
File: puenc.def 2024-01-20 v7.01h Hyperref: PDF Unicode definition (HO)
Now handling font encoding PU ...
... no UTF-8 mapping file for font encoding PU
)
Package hyperref Info: Hyper figures OFF on input line 4179.
Package hyperref Info: Link nesting OFF on input line 4184.
Package hyperref Info: Hyper index ON on input line 4187.
Package hyperref Info: Plain pages OFF on input line 4194.
Package hyperref Info: Backreferencing OFF on input line 4199.
Package hyperref Info: Implicit mode ON; LaTeX internals redefined.
Package hyperref Info: Bookmarks ON on input line 4446.
\c@Hy@tempcnt=\count287

(/usr/local/texlive/2024/texmf-dist/tex/latex/url/url.sty
\Urlmuskip=\muskip17
Package: url 2013/09/16  ver 3.4  Verb mode for urls, etc.
)
LaTeX Info: Redefining \url on input line 4784.
\XeTeXLinkMargin=\dimen157

(/usr/local/texlive/2024/texmf-dist/tex/generic/bitset/bitset.sty
Package: bitset 2019/12/09 v1.3 Handle bit-vector datatype (HO)

(/usr/local/texlive/2024/texmf-dist/tex/generic/bigintcalc/bigintcalc.sty
Package: bigintcalc 2019/12/15 v1.5 Expandable calculations on big integers (HO
)
))
\Fld@menulength=\count288
\Field@Width=\dimen158
\Fld@charsize=\dimen159
Package hyperref Info: Hyper figures OFF on input line 6063.
Package hyperref Info: Link nesting OFF on input line 6068.
Package hyperref Info: Hyper index ON on input line 6071.
Package hyperref Info: backreferencing OFF on input line 6078.
Package hyperref Info: Link coloring OFF on input line 6083.
Package hyperref Info: Link coloring with OCG OFF on input line 6088.
Package hyperref Info: PDF/A mode OFF on input line 6093.

(/usr/local/texlive/2024/texmf-dist/tex/latex/base/atbegshi-ltx.sty
Package: atbegshi-ltx 2021/01/10 v1.0c Emulation of the original atbegshi
package with kernel methods
)
\Hy@abspage=\count289
\c@Item=\count290
\c@Hfootnote=\count291
)
Package hyperref Info: Driver (autodetected): hpdftex.

(/usr/local/texlive/2024/texmf-dist/tex/latex/hyperref/hpdftex.def
File: hpdftex.def 2024-01-20 v7.01h Hyperref driver for pdfTeX

(/usr/local/texlive/2024/texmf-dist/tex/latex/base/atveryend-ltx.sty
Package: atveryend-ltx 2020/08/19 v1.0a Emulation of the original atveryend pac
kage
with kernel methods
)
\Fld@listcount=\count292
\c@bookmark@seq@number=\count293

(/usr/local/texlive/2024/texmf-dist/tex/latex/rerunfilecheck/rerunfilecheck.sty
Package: rerunfilecheck 2022-07-10 v1.10 Rerun checks for auxiliary files (HO)

(/usr/local/texlive/2024/texmf-dist/tex/generic/uniquecounter/uniquecounter.sty
Package: uniquecounter 2019/12/15 v1.4 Provide unlimited unique counter (HO)
)
Package uniquecounter Info: New unique counter `rerunfilecheck' on input line 2
85.
)
\Hy@SectionHShift=\skip53
) (/usr/local/texlive/2024/texmf-dist/tex/latex/appendix/appendix.sty
Package: appendix 2020/02/08 v1.2c extra appendix facilities
\c@@pps=\count294
\c@@ppsavesec=\count295
\c@@ppsaveapp=\count296
)
(/usr/local/texlive/2024/texmf-dist/tex/latex/tabto-ltx/tabto.sty
Package: tabto 2018/12/28  v 1.4  Another tabbing mechanism
\CurrentLineWidth=\dimen160
\TabPrevPos=\dimen161
)
(/usr/local/texlive/2024/texmf-dist/tex/latex/float/float.sty
Package: float 2001/11/08 v1.3d Float enhancements (AL)
\c@float@type=\count297
\float@exts=\toks26
\float@box=\box55
\@float@everytoks=\toks27
\@floatcapt=\box56
)
(/usr/local/texlive/2024/texmf-dist/tex/latex/comment/comment.sty
\CommentStream=\write3

Excluding comment 'comment')
(/usr/local/texlive/2024/texmf-dist/tex/latex/datetime2/datetime2.sty
Package: datetime2 2021/03/21 v1.5.7 (NLCT) date and time formats

(/usr/local/texlive/2024/texmf-dist/tex/latex/tracklang/tracklang.sty
Package: tracklang 2022/12/13 v1.6.1 (NLCT) Track Languages

(/usr/local/texlive/2024/texmf-dist/tex/generic/tracklang/tracklang.tex))
(/usr/local/texlive/2024/texmf-dist/tex/latex/xkeyval/xkeyval.sty
Package: xkeyval 2022/06/16 v2.9 package option processing (HA)

(/usr/local/texlive/2024/texmf-dist/tex/generic/xkeyval/xkeyval.tex
(/usr/local/texlive/2024/texmf-dist/tex/generic/xkeyval/xkvutils.tex
\XKV@toks=\toks28
\XKV@tempa@toks=\toks29
)
\XKV@depth=\count298
File: xkeyval.tex 2014/12/03 v2.7a key=value parser (HA)
))
(/usr/local/texlive/2024/texmf-dist/tex/latex/datetime2-english/datetime2-en-GB
.ldf
File: datetime2-en-GB.ldf 2019/10/21 v1.05 (NLCT)

(/usr/local/texlive/2024/texmf-dist/tex/latex/datetime2-english/datetime2-engli
sh-base.ldf
File: datetime2-english-base.ldf 2019/10/21 v1.05 (NLCT)
)))
(/usr/local/texlive/2024/texmf-dist/tex/latex/setspace/setspace.sty
Package: setspace 2022/12/04 v6.7b set line spacing
)
(/usr/local/texlive/2024/texmf-dist/tex/latex/caption/subcaption.sty
Package: subcaption 2023/07/28 v1.6b Sub-captions (AR)

(/usr/local/texlive/2024/texmf-dist/tex/latex/caption/caption.sty
Package: caption 2023/08/05 v3.6o Customizing captions (AR)

(/usr/local/texlive/2024/texmf-dist/tex/latex/caption/caption3.sty
Package: caption3 2023/07/31 v2.4d caption3 kernel (AR)
\caption@tempdima=\dimen162
\captionmargin=\dimen163
\caption@leftmargin=\dimen164
\caption@rightmargin=\dimen165
\caption@width=\dimen166
\caption@indent=\dimen167
\caption@parindent=\dimen168
\caption@hangindent=\dimen169
Package caption Info: Standard document class detected.
)
\c@caption@flags=\count299
\c@continuedfloat=\count300
Package caption Info: float package is loaded.
Package caption Info: hyperref package is loaded.
Package caption Info: listings package is loaded.
)
Package caption Info: New subtype `subfigure' on input line 238.
\c@subfigure=\count301
Package caption Info: New subtype `subtable' on input line 238.
\c@subtable=\count302
)
(/usr/local/texlive/2024/texmf-dist/tex/latex/booktabs/booktabs.sty
Package: booktabs 2020/01/12 v1.61803398 Publication quality tables
\heavyrulewidth=\dimen170
\lightrulewidth=\dimen171
\cmidrulewidth=\dimen172
\belowrulesep=\dimen173
\belowbottomsep=\dimen174
\aboverulesep=\dimen175
\abovetopsep=\dimen176
\cmidrulesep=\dimen177
\cmidrulekern=\dimen178
\defaultaddspace=\dimen179
\@cmidla=\count303
\@cmidlb=\count304
\@aboverulesep=\dimen180
\@belowrulesep=\dimen181
\@thisruleclass=\count305
\@lastruleclass=\count306
\@thisrulewidth=\dimen182
)
(/usr/local/texlive/2024/texmf-dist/tex/latex/tools/longtable.sty
Package: longtable 2023-11-01 v4.19 Multi-page Table package (DPC)
\LTleft=\skip54
\LTright=\skip55
\LTpre=\skip56
\LTpost=\skip57
\LTchunksize=\count307
\LTcapwidth=\dimen183
\LT@head=\box57
\LT@firsthead=\box58
\LT@foot=\box59
\LT@lastfoot=\box60
\LT@gbox=\box61
\LT@cols=\count308
\LT@rows=\count309
\c@LT@tables=\count310
\c@LT@chunks=\count311
\LT@p@ftn=\toks30
)
(/usr/local/texlive/2024/texmf-dist/tex/latex/adjustbox/adjustbox.sty
Package: adjustbox 2022/10/17 v1.3a Adjusting TeX boxes (trim, clip, ...)

(/usr/local/texlive/2024/texmf-dist/tex/latex/adjustbox/adjcalc.sty
Package: adjcalc 2012/05/16 v1.1 Provides advanced setlength with multiple back
-ends (calc, etex, pgfmath)
)
(/usr/local/texlive/2024/texmf-dist/tex/latex/adjustbox/trimclip.sty
Package: trimclip 2020/08/19 v1.2 Trim and clip general TeX material

(/usr/local/texlive/2024/texmf-dist/tex/latex/collectbox/collectbox.sty
Package: collectbox 2022/10/17 v0.4c Collect macro arguments as boxes
\collectedbox=\box62
)
\tc@llx=\dimen184
\tc@lly=\dimen185
\tc@urx=\dimen186
\tc@ury=\dimen187
Package trimclip Info: Using driver 'tc-pdftex.def'.

(/usr/local/texlive/2024/texmf-dist/tex/latex/adjustbox/tc-pdftex.def
File: tc-pdftex.def 2019/01/04 v2.2 Clipping driver for pdftex
))
\adjbox@Width=\dimen188
\adjbox@Height=\dimen189
\adjbox@Depth=\dimen190
\adjbox@Totalheight=\dimen191
\adjbox@pwidth=\dimen192
\adjbox@pheight=\dimen193
\adjbox@pdepth=\dimen194
\adjbox@ptotalheight=\dimen195

(/usr/local/texlive/2024/texmf-dist/tex/latex/ifoddpage/ifoddpage.sty
Package: ifoddpage 2022/10/18 v1.2 Conditionals for odd/even page detection
\c@checkoddpage=\count312
)
(/usr/local/texlive/2024/texmf-dist/tex/latex/varwidth/varwidth.sty
Package: varwidth 2009/03/30 ver 0.92;  Variable-width minipages
\@vwid@box=\box63
\sift@deathcycles=\count313
\@vwid@loff=\dimen196
\@vwid@roff=\dimen197
))
(/usr/local/texlive/2024/texmf-dist/tex/latex/enumitem/enumitem.sty
Package: enumitem 2019/06/20 v3.9 Customized lists
\labelindent=\skip58
\enit@outerparindent=\dimen198
\enit@toks=\toks31
\enit@inbox=\box64
\enit@count@id=\count314
\enitdp@description=\count315
)
(/usr/local/texlive/2024/texmf-dist/tex/latex/fancyhdr/fancyhdr.sty
Package: fancyhdr 2022/11/09 v4.1 Extensive control of page headers and footers

\f@nch@headwidth=\skip59
\f@nch@O@elh=\skip60
\f@nch@O@erh=\skip61
\f@nch@O@olh=\skip62
\f@nch@O@orh=\skip63
\f@nch@O@elf=\skip64
\f@nch@O@erf=\skip65
\f@nch@O@olf=\skip66
\f@nch@O@orf=\skip67
)
(/usr/local/texlive/2024/texmf-dist/tex/latex/lastpage/lastpage.sty
Package: lastpage 2023/10/14 v2.0e lastpage: 2.09 or 2e? (HMM)

(/usr/local/texlive/2024/texmf-dist/tex/latex/lastpage/lastpage2e.sty
Package: lastpage2e 2023/10/14 v2.0e Decide which 2e lastpage version to use (H
MM)

(/usr/local/texlive/2024/texmf-dist/tex/latex/lastpage/lastpagemodern.sty
Package: lastpagemodern 2023-10-14 v2.0e Refers to last page's name (HMM; JPG)
\c@lastpagecount=\count316
) 
)) (/usr/local/texlive/2024/texmf-dist/tex/latex/geometry/geometry.sty
Package: geometry 2020/01/02 v5.9 Page Geometry

(/usr/local/texlive/2024/texmf-dist/tex/generic/iftex/ifvtex.sty
Package: ifvtex 2019/10/25 v1.7 ifvtex legacy package. Use iftex instead.
)
\Gm@cnth=\count317
\Gm@cntv=\count318
\c@Gm@tempcnt=\count319
\Gm@bindingoffset=\dimen199
\Gm@wd@mp=\dimen256
\Gm@odd@mp=\dimen257
\Gm@even@mp=\dimen258
\Gm@layoutwidth=\dimen259
\Gm@layoutheight=\dimen260
\Gm@layouthoffset=\dimen261
\Gm@layoutvoffset=\dimen262
\Gm@dimlist=\toks32
)

Package geometry Warning: Over-specification in `v'-direction.
    `height' (702.78307pt) is ignored.

Package hyperref Info: Option `colorlinks' set `true' on input line 60.
) (/usr/local/texlive/2024/texmf-dist/tex/latex/l3backend/l3backend-pdftex.def
File: l3backend-pdftex.def 2024-02-20 L3 backend support: PDF output (pdfTeX)
\l__color_backend_stack_int=\count320
\l__pdf_internal_box=\box65
) (./typhoon.aux)
\openout1 = `typhoon.aux'.

LaTeX Font Info:    Checking defaults for OML/cmm/m/it on input line 8.
LaTeX Font Info:    ... okay on input line 8.
LaTeX Font Info:    Checking defaults for OMS/cmsy/m/n on input line 8.
LaTeX Font Info:    ... okay on input line 8.
LaTeX Font Info:    Checking defaults for OT1/cmr/m/n on input line 8.
LaTeX Font Info:    ... okay on input line 8.
LaTeX Font Info:    Checking defaults for T1/cmr/m/n on input line 8.
LaTeX Font Info:    ... okay on input line 8.
LaTeX Font Info:    Checking defaults for TS1/cmr/m/n on input line 8.
LaTeX Font Info:    ... okay on input line 8.
LaTeX Font Info:    Checking defaults for OMX/cmex/m/n on input line 8.
LaTeX Font Info:    ... okay on input line 8.
LaTeX Font Info:    Checking defaults for U/cmr/m/n on input line 8.
LaTeX Font Info:    ... okay on input line 8.
LaTeX Font Info:    Checking defaults for PD1/pdf/m/n on input line 8.
LaTeX Font Info:    ... okay on input line 8.
LaTeX Font Info:    Checking defaults for PU/pdf/m/n on input line 8.
LaTeX Font Info:    ... okay on input line 8.
\c@lstlisting=\count321

(/usr/local/texlive/2024/texmf-dist/tex/context/base/mkii/supp-pdf.mkii
[Loading MPS to PDF converter (version 2006.09.02).]
\scratchcounter=\count322
\scratchdimen=\dimen263
\scratchbox=\box66
\nofMPsegments=\count323
\nofMParguments=\count324
\everyMPshowfont=\toks33
\MPscratchCnt=\count325
\MPscratchDim=\dimen264
\MPnumerator=\count326
\makeMPintoPDFobject=\count327
\everyMPtoPDFconversion=\toks34
) (/usr/local/texlive/2024/texmf-dist/tex/latex/epstopdf-pkg/epstopdf-base.sty
Package: epstopdf-base 2020-01-24 v2.11 Base part for package epstopdf
Package epstopdf-base Info: Redefining graphics rule for `.eps' on input line 4
85.

(/usr/local/texlive/2024/texmf-dist/tex/latex/latexconfig/epstopdf-sys.cfg
File: epstopdf-sys.cfg 2010/07/13 v1.3 Configuration of (r)epstopdf for TeX Liv
e
))
Package hyperref Info: Link coloring ON on input line 8.

(./typhoon.out) (./typhoon.out)
\@outlinefile=\write4
\openout4 = `typhoon.out'.

Package caption Info: Begin \AtBeginDocument code.
Package caption Info: longtable package is loaded.

(/usr/local/texlive/2024/texmf-dist/tex/latex/caption/ltcaption.sty
Package: ltcaption 2021/01/08 v1.4c longtable captions (AR)
)
Package caption Info: End \AtBeginDocument code.

*geometry* driver: auto-detecting
*geometry* detected driver: pdftex
*geometry* verbose mode - [ preamble ] result:
* driver: pdftex
* paper: a4paper
* layout: <same size as paper>
* layoutoffset:(h,v)=(0.0pt,0.0pt)
* modes: 
* h-part:(L,W,R)=(56.9055pt, 483.69684pt, 56.90553pt)
* v-part:(T,H,B)=(71.13188pt, 702.78308pt, 71.13188pt)
* \paperwidth=597.50787pt
* \paperheight=845.04684pt
* \textwidth=483.69684pt
* \textheight=702.78308pt
* \oddsidemargin=-15.36449pt
* \evensidemargin=-15.36449pt
* \topmargin=-38.1381pt
* \headheight=12.0pt
* \headsep=25.0pt
* \topskip=11.0pt
* \footskip=30.0pt
* \marginparwidth=50.0pt
* \marginparsep=10.0pt
* \columnsep=10.0pt
* \skip\footins=10.0pt plus 4.0pt minus 2.0pt
* \hoffset=0.0pt
* \voffset=0.0pt
* \mag=1000
* \@twocolumnfalse
* \@twosidefalse
* \@mparswitchfalse
* \@reversemarginfalse
* (1in=72.27pt=25.4mm, 1cm=28.453pt)

<../shared/Logos/MKM_logo.png, id=84, 105.339pt x 38.982pt>
File: ../shared/Logos/MKM_logo.png Graphic file (type png)
<use ../shared/Logos/MKM_logo.png>
Package pdftex.def Info: ../shared/Logos/MKM_logo.png  used on input line 9.
(pdftex.def)             Requested size: 193.47577pt x 71.60518pt.
[1

{/usr/local/texlive/2024/texmf-var/fonts/map/pdftex/updmap/pdftex.map} <../shar
ed/Logos/MKM_logo.png>]
pdfTeX warning (ext4): destination with the same identifier (name{page.1}) has 
been already used, duplicate ignored
<to be read again> 
                   \relax 
l.10 \mkmlegalpage
                   [1

{/usr/local/texlive/2024/texmf-dist/fonts/enc/dvips/cm-super/cm-super-ts1.enc}]
 (./typhoon.toc
LaTeX Font Info:    Trying to load font information for U+msa on input line 3.

(/usr/local/texlive/2024/texmf-dist/tex/latex/amsfonts/umsa.fd
File: umsa.fd 2013/01/14 v3.01 AMS symbols A
)
LaTeX Font Info:    Trying to load font information for U+msb on input line 3.

(/usr/local/texlive/2024/texmf-dist/tex/latex/amsfonts/umsb.fd
File: umsb.fd 2013/01/14 v3.01 AMS symbols B
))
\tf@toc=\write5
\openout5 = `typhoon.toc'.

 [2

]
Overfull \hbox (14.028pt too wide) in paragraph at lines 36--39
[]\OT1/cmr/m/n/10.95 The model is catchment-agnostic. Catchment-specific cal-i-
bra-tion is sup-plied through \OT1/cmtt/m/n/10.95 config.typhoon
 []

[3

]
Overfull \hbox (51.06314pt too wide) in paragraph at lines 103--110
\OT1/cmr/m/n/10.95 (mo-ti-va-tion, cal-i-bra-tion, val-i-da-tion cri-te-ria) li
ves in \OT1/cmtt/m/n/10.95 docs/models/storm[]typhoon[]coupling/coupling[]spec.
md\OT1/cmr/m/n/10.95 ;
 []


Overfull \hbox (89.17354pt too wide) in paragraph at lines 119--130
\OT1/cmr/m/n/10.95 exceedance curve, $\OML/cmm/m/it/10.95 V[] \OT1/cmr/m/n/10.9
5 = \OML/cmm/m/it/10.95 S[]\OT1/cmr/m/n/10.95 (1 \OMS/cmsy/m/n/10.95 ^^@ \OML/c
mm/m/it/10.95 ^^Z[]\OT1/cmr/m/n/10.95 )$ (\OT1/cmtt/m/n/10.95 coupled[]genesis[
]wind\OT1/cmr/m/n/10.95 , us-ing \OT1/cmtt/m/n/10.95 coupling[]floor\OT1/cmr/m/
n/10.95 , \OT1/cmtt/m/n/10.95 mixture[]peak[]wind[]exceedance\OT1/cmr/m/n/10.95
 ,
 []

[4]
Overfull \hbox (6.43599pt too wide) in paragraph at lines 165--168
[]\OT1/cmtt/m/n/10.95 src/models/typhoon/data[]structures.py \OT1/cmr/m/n/10.95
 | run-time types (\OT1/cmtt/m/n/10.95 TyphoonState\OT1/cmr/m/n/10.95 , \OT1/cm
tt/m/n/10.95 TyphoonParticle\OT1/cmr/m/n/10.95 ,
 []

[5] (./test_results.tex
Underfull \hbox (badness 1902) in paragraph at lines 34--34
[]|\OT1/cmr/m/n/10.95 Offset pass-ing storm yields uni-
 []


Underfull \hbox (badness 10000) in paragraph at lines 34--34
[]|\OT1/cmtt/m/n/8 4 <= peak[]idx <= 8\OT1/cmr/m/n/8 ; \OT1/cmtt/m/n/8 60.0 <
 []


Underfull \hbox (badness 10000) in paragraph at lines 34--34
\OT1/cmtt/m/n/8 out.distance[]at[]peak[]km < 100.0
 []


Underfull \hbox (badness 1902) in paragraph at lines 35--35
[]|\OT1/cmr/m/n/10.95 Offset pass-ing storm yields uni-
 []


Underfull \hbox (badness 10000) in paragraph at lines 35--35
[]|\OT1/cmtt/m/n/8 4 <= peak[]idx <= 8\OT1/cmr/m/n/8 ; \OT1/cmtt/m/n/8 60.0 <
 []


Underfull \hbox (badness 10000) in paragraph at lines 35--35
\OT1/cmtt/m/n/8 out.distance[]at[]peak[]km < 100.0
 []


Underfull \hbox (badness 10000) in paragraph at lines 36--36
[]|\OT1/cmtt/m/n/8 s.n[]realizations == 0\OT1/cmr/m/n/8 ;
 []


Underfull \hbox (badness 10000) in paragraph at lines 36--36
\OT1/cmtt/m/n/8 s.peak[]sustained[]samples == []
 []


Underfull \hbox (badness 10000) in paragraph at lines 37--37
[]|\OT1/cmtt/m/n/8 s.n[]realizations == 0\OT1/cmr/m/n/8 ;
 []


Underfull \hbox (badness 10000) in paragraph at lines 37--37
\OT1/cmtt/m/n/8 s.peak[]sustained[]samples == []
 []


Underfull \hbox (badness 10000) in paragraph at lines 38--38
[]|\OT1/cmtt/m/n/8 s.n[]realizations == 5\OT1/cmr/m/n/8 ;
 []


Underfull \hbox (badness 10000) in paragraph at lines 38--38
\OT1/cmtt/m/n/8 s.peak[]sustained[]mean ==
 []


Underfull \hbox (badness 10000) in paragraph at lines 39--39
[]|\OT1/cmtt/m/n/8 s.n[]realizations == 5\OT1/cmr/m/n/8 ;
 []


Underfull \hbox (badness 10000) in paragraph at lines 39--39
\OT1/cmtt/m/n/8 s.peak[]sustained[]mean ==
 []


Underfull \hbox (badness 10000) in paragraph at lines 40--40
[]|\OT1/cmtt/m/n/8 s.threshold[]exceedance[17.5] == 0.5\OT1/cmr/m/n/8 ;
 []


Underfull \hbox (badness 10000) in paragraph at lines 40--40
\OT1/cmtt/m/n/8 s.mean[]duration[]above[]ms[17.5] ==
 []


Underfull \hbox (badness 10000) in paragraph at lines 41--41
[]|\OT1/cmtt/m/n/8 s.threshold[]exceedance[17.5] == 0.5\OT1/cmr/m/n/8 ;
 []


Underfull \hbox (badness 10000) in paragraph at lines 41--41
\OT1/cmtt/m/n/8 s.mean[]duration[]above[]ms[17.5] ==
 []


Underfull \hbox (badness 10000) in paragraph at lines 43--43
[]|\OT1/cmtt/m/n/8 cfg.catchment[]id == "halong"\OT1/cmr/m/n/8 ;
 []


Underfull \hbox (badness 10000) in paragraph at lines 43--43
\OT1/cmtt/m/n/8 cfg.land[]mask(ref[]lon, ref[]lat)
 []


Underfull \hbox (badness 10000) in paragraph at lines 44--44
[]|\OT1/cmtt/m/n/8 asymmetry[]factor(45.0, 45.0, 0.2) ==
 []


Underfull \hbox (badness 10000) in paragraph at lines 45--45
[]|\OT1/cmtt/m/n/8 asymmetry[]factor(45.0, 45.0, 0.2) ==
 []


Underfull \hbox (badness 10000) in paragraph at lines 46--46
[]|\OT1/cmtt/m/n/8 asymmetry[]factor(0.0, 0.0, 0.0) ==
 []


Underfull \hbox (badness 10000) in paragraph at lines 47--47
[]|\OT1/cmtt/m/n/8 asymmetry[]factor(0.0, 0.0, 0.0) ==
 []


Underfull \hbox (badness 10000) in paragraph at lines 48--48
[]|\OT1/cmtt/m/n/8 asymmetry[]factor(225.0, 45.0, 0.2) ==
 []


Underfull \hbox (badness 10000) in paragraph at lines 49--49
[]|\OT1/cmtt/m/n/8 asymmetry[]factor(225.0, 45.0, 0.2) ==
 []


Underfull \hbox (badness 10000) in paragraph at lines 60--60
[]|\OT1/cmtt/m/n/8 v[]at[]outer == pytest.approx(v[]ref,
 []


Underfull \hbox (badness 10000) in paragraph at lines 61--61
[]|\OT1/cmtt/m/n/8 v[]at[]outer == pytest.approx(v[]ref,
 []


Underfull \hbox (badness 10000) in paragraph at lines 66--66
[]|\OT1/cmtt/m/n/8 duration[]above[]threshold([], [],
 []


Underfull \hbox (badness 10000) in paragraph at lines 67--67
[]|\OT1/cmtt/m/n/8 duration[]above[]threshold([], [],
 []


Underfull \hbox (badness 10000) in paragraph at lines 68--68
[]|\OT1/cmtt/m/n/8 duration[]above[]threshold([0.0, 1.0,
 []


Underfull \hbox (badness 10000) in paragraph at lines 69--69
[]|\OT1/cmtt/m/n/8 duration[]above[]threshold([0.0, 1.0,
 []


Underfull \hbox (badness 10000) in paragraph at lines 70--70
[]|\OT1/cmtt/m/n/8 duration[]above[]threshold(ts, vs,
 []


Underfull \hbox (badness 10000) in paragraph at lines 71--71
[]|\OT1/cmtt/m/n/8 duration[]above[]threshold(ts, vs,
 []


Underfull \hbox (badness 10000) in paragraph at lines 72--72
[]|\OT1/cmtt/m/n/8 duration[]above[]threshold([0.0, 1.0,
 []


Underfull \hbox (badness 10000) in paragraph at lines 73--73
[]|\OT1/cmtt/m/n/8 duration[]above[]threshold([0.0, 1.0,
 []


Underfull \hbox (badness 10000) in paragraph at lines 76--76
[]|\OT1/cmtt/m/n/8 eps == pytest.approx(0.6 * (20.0 /
 []


Underfull \hbox (badness 10000) in paragraph at lines 77--77
[]|\OT1/cmtt/m/n/8 eps == pytest.approx(0.6 * (20.0 /
 []


Underfull \hbox (badness 10000) in paragraph at lines 80--80
[]|\OT1/cmtt/m/n/8 v ==
 []


Overfull \hbox (2.63211pt too wide) in paragraph at lines 80--80
\OT1/cmtt/m/n/8 pytest.approx(default[]params.alpha[]eye
 []


Underfull \hbox (badness 10000) in paragraph at lines 81--81
[]|\OT1/cmtt/m/n/8 v ==
 []


Overfull \hbox (2.63211pt too wide) in paragraph at lines 81--81
\OT1/cmtt/m/n/8 pytest.approx(default[]params.alpha[]eye
 []


Underfull \hbox (badness 10000) in paragraph at lines 82--82
[]|\OT1/cmtt/m/n/8 v2 == pytest.approx(2.0 * v1,
 []


Underfull \hbox (badness 10000) in paragraph at lines 83--83
[]|\OT1/cmtt/m/n/8 v2 == pytest.approx(2.0 * v1,
 []


Underfull \hbox (badness 10000) in paragraph at lines 86--86
[]|\OT1/cmtt/m/n/8 isinstance(result, PointWind)\OT1/cmr/m/n/8 ;
 []


Underfull \hbox (badness 10000) in paragraph at lines 87--87
[]|\OT1/cmtt/m/n/8 isinstance(result, PointWind)\OT1/cmr/m/n/8 ;
 []


Underfull \hbox (badness 10000) in paragraph at lines 88--88
[]|\OT1/cmtt/m/n/8 v[]land == pytest.approx(expected,
 []


Underfull \hbox (badness 10000) in paragraph at lines 89--89
[]|\OT1/cmtt/m/n/8 v[]land == pytest.approx(expected,
 []


Underfull \hbox (badness 10000) in paragraph at lines 90--90
[]|\OT1/cmtt/m/n/8 out.time[]hours == []\OT1/cmr/m/n/8 ;
 []


Underfull \hbox (badness 10000) in paragraph at lines 91--91
[]|\OT1/cmtt/m/n/8 out.time[]hours == []\OT1/cmr/m/n/8 ;
 []


Underfull \hbox (badness 10000) in paragraph at lines 92--92
[]|\OT1/cmtt/m/n/8 out.time[]of[]peak[]hours ==
 []


Underfull \hbox (badness 10000) in paragraph at lines 93--93
[]|\OT1/cmtt/m/n/8 out.time[]of[]peak[]hours ==
 []


Underfull \hbox (badness 10000) in paragraph at lines 94--94
[]|\OT1/cmtt/m/n/8 out.point[]id == "P1"\OT1/cmr/m/n/8 ;
 []


Underfull \hbox (badness 10000) in paragraph at lines 94--94
\OT1/cmtt/m/n/8 len(out.time[]hours) ==
 []


Underfull \hbox (badness 10000) in paragraph at lines 95--95
[]|\OT1/cmtt/m/n/8 out.point[]id == "P1"\OT1/cmr/m/n/8 ;
 []


Underfull \hbox (badness 10000) in paragraph at lines 95--95
\OT1/cmtt/m/n/8 len(out.time[]hours) ==
 []


Underfull \hbox (badness 10000) in paragraph at lines 96--96
[]|\OT1/cmtt/m/n/8 105.0 <= lon[]min < lon[]max <= 125.0\OT1/cmr/m/n/8 ;
 []


Overfull \hbox (51.25278pt too wide) in paragraph at lines 97--97
[]|\OT1/cmtt/m/n/8 isinstance(halong[]tc.HALONG[]TYPHOON[]GENESIS[]PRIOR,
 []


Underfull \hbox (badness 10000) in paragraph at lines 98--98
[]|\OT1/cmtt/m/n/8 set(weights.keys())
 []


Underfull \hbox (badness 10000) in paragraph at lines 98--98
\OT1/cmtt/m/n/8 == set(RegimeClass)\OT1/cmr/m/n/8 ;
 []


Underfull \hbox (badness 10000) in paragraph at lines 98--98
\OT1/cmtt/m/n/8 math.isclose(sum(weights.values()),
 []


Underfull \hbox (badness 10000) in paragraph at lines 99--99
[]|\OT1/cmtt/m/n/8 set(mix.keys()) ==
 []


Underfull \hbox (badness 10000) in paragraph at lines 99--99
\OT1/cmtt/m/n/8 set(ScenarioFamily)\OT1/cmr/m/n/8 ;
 []


Underfull \hbox (badness 10000) in paragraph at lines 99--99
\OT1/cmtt/m/n/8 math.isclose(sum(mix.values()),
 []

LaTeX Font Info:    Trying to load font information for OMS+cmtt on input line 
101.
LaTeX Font Info:    No file OMScmtt.fd. on input line 101.

LaTeX Font Warning: Font shape `OMS/cmtt/m/n' undefined
(Font)              using `OMS/cmsy/m/n' instead
(Font)              for symbol `textbraceleft' on input line 101.


Underfull \hbox (badness 10000) in paragraph at lines 102--102
[]|\OT1/cmtt/m/n/8 d == pytest.approx(expected,
 []


Underfull \hbox (badness 10000) in paragraph at lines 103--103
[]|\OT1/cmtt/m/n/8 d == pytest.approx(expected,
 []


Underfull \hbox (badness 10000) in paragraph at lines 106--106
[]|\OT1/cmtt/m/n/8 haversine[]distance[]km(LON, LAT, LON,
 []


Underfull \hbox (badness 10000) in paragraph at lines 107--107
[]|\OT1/cmtt/m/n/8 haversine[]distance[]km(LON, LAT, LON,
 []


Underfull \hbox (badness 10000) in paragraph at lines 112--112
\OT1/cmr/m/n/10.95 in sr-c/-mod-el-s/-ty-phoon/ source.
 []


Underfull \hbox (badness 10000) in paragraph at lines 113--113
\OT1/cmr/m/n/10.95 in sr-c/-mod-el-s/-ty-phoon/ source.
 []


Underfull \hbox (badness 10000) in paragraph at lines 114--114
\OT1/cmr/m/n/10.95 in sr-c/-mod-el-s/-ty-phoon/ source.
 []


Underfull \hbox (badness 10000) in paragraph at lines 115--115
\OT1/cmr/m/n/10.95 in sr-c/-mod-el-s/-ty-phoon/ source.
 []


Underfull \hbox (badness 10000) in paragraph at lines 116--116
\OT1/cmr/m/n/10.95 in sr-c/-mod-el-s/-ty-phoon/ source.
 []


Underfull \hbox (badness 10000) in paragraph at lines 117--117
\OT1/cmr/m/n/10.95 in sr-c/-mod-el-s/-ty-phoon/ source.
 []


Underfull \hbox (badness 10000) in paragraph at lines 118--118
\OT1/cmr/m/n/10.95 in sr-c/-mod-el-s/-ty-phoon/ source.
 []


Underfull \hbox (badness 10000) in paragraph at lines 119--119
\OT1/cmr/m/n/10.95 in sr-c/-mod-el-s/-ty-phoon/ source.
 []


Underfull \hbox (badness 10000) in paragraph at lines 120--120
\OT1/cmr/m/n/10.95 in sr-c/-mod-el-s/-ty-phoon/ source.
 []


Underfull \hbox (badness 10000) in paragraph at lines 121--121
\OT1/cmr/m/n/10.95 in sr-c/-mod-el-s/-ty-phoon/ source.
 []


Underfull \hbox (badness 10000) in paragraph at lines 122--122
\OT1/cmr/m/n/10.95 in sr-c/-mod-el-s/-ty-phoon/ source.
 []


Underfull \hbox (badness 10000) in paragraph at lines 123--123
\OT1/cmr/m/n/10.95 in sr-c/-mod-el-s/-ty-phoon/ source.
 []


Underfull \hbox (badness 10000) in paragraph at lines 124--124
\OT1/cmr/m/n/10.95 in sr-c/-mod-el-s/-ty-phoon/ source.
 []


Underfull \hbox (badness 10000) in paragraph at lines 125--125
\OT1/cmr/m/n/10.95 in sr-c/-mod-el-s/-ty-phoon/ source.
 []


Underfull \hbox (badness 10000) in paragraph at lines 126--126
\OT1/cmr/m/n/10.95 in sr-c/-mod-el-s/-ty-phoon/ source.
 []


Underfull \hbox (badness 10000) in paragraph at lines 127--127
\OT1/cmr/m/n/10.95 in sr-c/-mod-el-s/-ty-phoon/ source.
 []


Underfull \hbox (badness 10000) in paragraph at lines 128--128
\OT1/cmr/m/n/10.95 in sr-c/-mod-el-s/-ty-phoon/ source.
 []


Underfull \hbox (badness 10000) in paragraph at lines 129--129
\OT1/cmr/m/n/10.95 in sr-c/-mod-el-s/-ty-phoon/ source.
 []


Underfull \hbox (badness 1107) in paragraph at lines 130--130
[]|\OT1/cmr/m/n/10.95 No source file im-ports for-bid-den
 []


Underfull \hbox (badness 1107) in paragraph at lines 131--131
[]|\OT1/cmr/m/n/10.95 No source file im-ports for-bid-den
 []


Underfull \hbox (badness 1107) in paragraph at lines 132--132
[]|\OT1/cmr/m/n/10.95 No source file im-ports for-bid-den
 []


Underfull \hbox (badness 1107) in paragraph at lines 133--133
[]|\OT1/cmr/m/n/10.95 No source file im-ports for-bid-den
 []


Underfull \hbox (badness 1107) in paragraph at lines 134--134
[]|\OT1/cmr/m/n/10.95 No source file im-ports for-bid-den
 []


Underfull \hbox (badness 1107) in paragraph at lines 135--135
[]|\OT1/cmr/m/n/10.95 No source file im-ports for-bid-den
 []


Underfull \hbox (badness 10000) in paragraph at lines 138--138
[]|\OT1/cmtt/m/n/8 p.k[]land[]per[]hour > 0\OT1/cmr/m/n/8 ;
 []


Overfull \hbox (35.44257pt too wide) in paragraph at lines 140--140
[]|\OT1/cmtt/m/n/8 isinstance(halong[]tc.HALONG[]TYPHOON[]INTENSITY,
 []


Overfull \hbox (48.19275pt too wide) in paragraph at lines 141--141
[]|\OT1/cmtt/m/n/8 isinstance(halong[]tc.HALONG[]TYPHOON[]PLAUSIBILITY,
 []


Overfull \hbox (14.19226pt too wide) in paragraph at lines 142--142
[]|\OT1/cmtt/m/n/8 isinstance(halong[]tc.HALONG[]TYPHOON[]SIZE,
 []


Overfull \hbox (38.5026pt too wide) in paragraph at lines 143--143
[]|\OT1/cmtt/m/n/8 isinstance(halong[]tc.HALONG[]TYPHOON[]WIND[]FIELD,
 []


Underfull \hbox (badness 10000) in paragraph at lines 144--144
[]|\OT1/cmtt/m/n/8 halong[]tc.halong[]land[]mask(108.0,
 []


Underfull \hbox (badness 10000) in paragraph at lines 145--145
[]|\OT1/cmtt/m/n/8 halong[]tc.halong[]land[]mask(109.5,
 []


Underfull \hbox (badness 10000) in paragraph at lines 146--146
[]|\OT1/cmtt/m/n/8 halong[]tc.halong[]land[]mask(lon, lat)
 []


Underfull \hbox (badness 10000) in paragraph at lines 147--147
[]|\OT1/cmtt/m/n/8 halong[]tc.halong[]land[]mask(115.0,
 []


Underfull \hbox (badness 10000) in paragraph at lines 148--148
[]|\OT1/cmtt/m/n/8 r in m.mean[]speed[]kmh\OT1/cmr/m/n/8 ; \OT1/cmtt/m/n/8 r in

 []


Overfull \hbox (22.69238pt too wide) in paragraph at lines 149--149
[]|\OT1/cmtt/m/n/8 isinstance(halong[]tc.HALONG[]TYPHOON[]MOTION,
 []


Underfull \hbox (badness 2343) in paragraph at lines 150--150
[]|\OT1/cmr/m/n/10.95 Stalled regime has low-est mean
 []


Underfull \hbox (badness 10000) in paragraph at lines 150--150
[]|\OT1/cmtt/m/n/8 speeds[RegimeClass.STALLED] ==
 []


Underfull \hbox (badness 10000) in paragraph at lines 151--151
[]|\OT1/cmtt/m/n/8 r in
 []


Underfull \hbox (badness 10000) in paragraph at lines 151--151
\OT1/cmtt/m/n/8 neutral[]config.motion.mean[]speed[]kmh\OT1/cmr/m/n/8 ;
 []


Underfull \hbox (badness 10000) in paragraph at lines 151--151
\OT1/cmtt/m/n/8 r in
 []


Overfull \hbox (1.44208pt too wide) in paragraph at lines 151--151
\OT1/cmtt/m/n/8 neutral[]config.motion.mean[]heading[]deg| 
 []


Underfull \hbox (badness 10000) in paragraph at lines 153--153
[]|\OT1/cmtt/m/n/8 isinstance(neutral[]config,
 []


Underfull \hbox (badness 10000) in paragraph at lines 153--153
\OT1/cmtt/m/n/8 CatchmentTyphoonConfig)\OT1/cmr/m/n/8 ;
 []


Underfull \hbox (badness 10000) in paragraph at lines 153--153
\OT1/cmtt/m/n/8 neutral[]config.catchment[]id ==
 []


Underfull \hbox (badness 10000) in paragraph at lines 155--155
[]|\OT1/cmtt/m/n/8 thresholds == sorted(thresholds)\OT1/cmr/m/n/8 ;
 []


Underfull \hbox (badness 10000) in paragraph at lines 156--156
[]|\OT1/cmtt/m/n/8 callable(neutral[]config.land[]mask)\OT1/cmr/m/n/8 ;
 []


Underfull \hbox (badness 10000) in paragraph at lines 156--156
\OT1/cmtt/m/n/8 neutral[]config.land[]mask(115.0, 21.0)
 []


Underfull \hbox (badness 10000) in paragraph at lines 157--157
[]|\OT1/cmtt/m/n/8 len(neutral[]config.property[]points)
 []


Underfull \hbox (badness 10000) in paragraph at lines 158--158
[]|\OT1/cmtt/m/n/8 set(pw.keys()) ==
 []


Underfull \hbox (badness 10000) in paragraph at lines 158--158
\OT1/cmtt/m/n/8 set(ScenarioFamily)\OT1/cmr/m/n/8 ;
 []


Underfull \hbox (badness 10000) in paragraph at lines 159--159
[]|\OT1/cmtt/m/n/8 pw[ScenarioFamily.EXTREME].alpha <
 []


Underfull \hbox (badness 4048) in paragraph at lines 162--162
[]|\OT1/cmtt/m/n/8 p.mu[]ms == 40.0\OT1/cmr/m/n/8 ; \OT1/cmtt/m/n/8 p.v[]min[]m
s < p.mu[]ms
 []


Underfull \hbox (badness 10000) in paragraph at lines 167--167
[]|\OT1/cmtt/m/n/8 pick[]representative[]trajectory([]) is
 []


Underfull \hbox (badness 10000) in paragraph at lines 168--168
[]|\OT1/cmtt/m/n/8 pick[]representative[]trajectory([]) is
 []


Underfull \hbox (badness 10000) in paragraph at lines 169--169
[]|\OT1/cmtt/m/n/8 rep is not None\OT1/cmr/m/n/8 ; \OT1/cmtt/m/n/8 rep in
 []


Underfull \hbox (badness 10000) in paragraph at lines 170--170
[]|\OT1/cmtt/m/n/8 rep is not None\OT1/cmr/m/n/8 ; \OT1/cmtt/m/n/8 rep in
 []


Underfull \hbox (badness 10000) in paragraph at lines 171--171
[]|\OT1/cmtt/m/n/8 p.heading[]jump[]weight <= 0.5\OT1/cmr/m/n/8 ;
 []


Underfull \hbox (badness 10000) in paragraph at lines 171--171
\OT1/cmtt/m/n/8 p.speed[]jump[]weight <= 0.5 \OT1/cmr/m/n/8 (+2
 []


Underfull \hbox (badness 10000) in paragraph at lines 172--172
[]|\OT1/cmtt/m/n/8 centre.longitude == ref[]lon\OT1/cmr/m/n/8 ;
 []


Overfull \hbox (9.9422pt too wide) in paragraph at lines 175--175
[]|\OT1/cmtt/m/n/8 len(halong[]tc.HALONG[]TYPHOON[]PROPERTIES)
 []


Underfull \hbox (badness 10000) in paragraph at lines 180--180
[]|\OT1/cmtt/m/n/8 isinstance(k, str)\OT1/cmr/m/n/8 ; \OT1/cmtt/m/n/8 isinstanc
e(k,
 []


Underfull \hbox (badness 10000) in paragraph at lines 181--181
[]|\OT1/cmtt/m/n/8 isinstance(k, str)\OT1/cmr/m/n/8 ; \OT1/cmtt/m/n/8 isinstanc
e(k,
 []


Underfull \hbox (badness 10000) in paragraph at lines 185--185
[]|\OT1/cmtt/m/n/8 RegimeClass.LANDFALL[]DECAY.value ==
 []


Underfull \hbox (badness 10000) in paragraph at lines 186--186
[]|\OT1/cmtt/m/n/8 RegimeClass.LANDFALL[]DECAY.value ==
 []


Underfull \hbox (badness 10000) in paragraph at lines 187--187
[]|\OT1/cmtt/m/n/8 RegimeClass.NW[]RECURVER.value ==
 []


Underfull \hbox (badness 10000) in paragraph at lines 188--188
[]|\OT1/cmtt/m/n/8 RegimeClass.NW[]RECURVER.value ==
 []


Underfull \hbox (badness 10000) in paragraph at lines 189--189
[]|\OT1/cmtt/m/n/8 RegimeClass(r.value) is r\OT1/cmr/m/n/8 ;
 []


Underfull \hbox (badness 10000) in paragraph at lines 190--190
[]|\OT1/cmtt/m/n/8 RegimeClass(r.value) is r\OT1/cmr/m/n/8 ;
 []


Underfull \hbox (badness 10000) in paragraph at lines 191--191
[]|\OT1/cmr/m/n/10.95 Roundtrip via
 []


Underfull \hbox (badness 10000) in paragraph at lines 191--191
\OT1/cmr/m/n/10.95 value[regimeclass.landfall de-cay]
 []


Overfull \hbox (44.77365pt too wide) in paragraph at lines 191--191
\OT1/cmr/m/n/10.95 [regime=<RegimeClass.LANDFALL[]DECAY:
 []


Underfull \hbox (badness 10000) in paragraph at lines 191--191
[]|\OT1/cmtt/m/n/8 RegimeClass(regime.value) is regime\OT1/cmr/m/n/8 ;
 []


Underfull \hbox (badness 10000) in paragraph at lines 191--191
\OT1/cmtt/m/n/8 ScenarioFamily(scenario.value) is
 []


Underfull \hbox (badness 10000) in paragraph at lines 192--192
[]|\OT1/cmr/m/n/10.95 Roundtrip via
 []


Underfull \hbox (badness 10000) in paragraph at lines 192--192
\OT1/cmr/m/n/10.95 value[regimeclass.nw re-curver]
 []


Overfull \hbox (27.74028pt too wide) in paragraph at lines 192--192
\OT1/cmr/m/n/10.95 [regime=<RegimeClass.NW[]RECURVER:
 []


Underfull \hbox (badness 10000) in paragraph at lines 192--192
[]|\OT1/cmtt/m/n/8 RegimeClass(regime.value) is regime\OT1/cmr/m/n/8 ;
 []


Underfull \hbox (badness 10000) in paragraph at lines 192--192
\OT1/cmtt/m/n/8 ScenarioFamily(scenario.value) is
 []


Underfull \hbox (badness 10000) in paragraph at lines 193--193
[]|\OT1/cmr/m/n/10.95 Roundtrip via
 []


Underfull \hbox (badness 10000) in paragraph at lines 193--193
\OT1/cmr/m/n/10.95 value[regimeclass.sharp re-curve]
 []


Overfull \hbox (38.23404pt too wide) in paragraph at lines 193--193
\OT1/cmr/m/n/10.95 [regime=<RegimeClass.SHARP[]RECURVE:
 []


Underfull \hbox (badness 10000) in paragraph at lines 193--193
[]|\OT1/cmtt/m/n/8 RegimeClass(regime.value) is regime\OT1/cmr/m/n/8 ;
 []


Underfull \hbox (badness 10000) in paragraph at lines 193--193
\OT1/cmtt/m/n/8 ScenarioFamily(scenario.value) is
 []


Underfull \hbox (badness 10000) in paragraph at lines 194--194
[]|\OT1/cmr/m/n/10.95 Roundtrip via
 []


Underfull \hbox (badness 10000) in paragraph at lines 194--194
\OT1/cmr/m/n/10.95 value[regimeclass.stalled]
 []


Underfull \hbox (badness 10000) in paragraph at lines 194--194
\OT1/cmr/m/n/10.95 [regime=<RegimeClass.STALLED:
 []


Underfull \hbox (badness 10000) in paragraph at lines 194--194
[]|\OT1/cmtt/m/n/8 RegimeClass(regime.value) is regime\OT1/cmr/m/n/8 ;
 []


Underfull \hbox (badness 10000) in paragraph at lines 194--194
\OT1/cmtt/m/n/8 ScenarioFamily(scenario.value) is
 []


Underfull \hbox (badness 10000) in paragraph at lines 195--195
[]|\OT1/cmr/m/n/10.95 Roundtrip via
 []


Underfull \hbox (badness 10000) in paragraph at lines 195--195
\OT1/cmr/m/n/10.95 value[regimeclass.straight
 []


Underfull \hbox (badness 10000) in paragraph at lines 195--195
\OT1/cmr/m/n/10.95 west-ward]
 []


Overfull \hbox (72.3768pt too wide) in paragraph at lines 195--195
\OT1/cmr/m/n/10.95 [regime=<RegimeClass.STRAIGHT[]WESTWARD:
 []


Underfull \hbox (badness 10000) in paragraph at lines 195--195
[]|\OT1/cmtt/m/n/8 RegimeClass(regime.value) is regime\OT1/cmr/m/n/8 ;
 []


Underfull \hbox (badness 10000) in paragraph at lines 195--195
\OT1/cmtt/m/n/8 ScenarioFamily(scenario.value) is
 []


Underfull \hbox (badness 10000) in paragraph at lines 196--196
[]|\OT1/cmtt/m/n/8 RegimeClass.SHARP[]RECURVE.value ==
 []


Underfull \hbox (badness 10000) in paragraph at lines 197--197
[]|\OT1/cmtt/m/n/8 RegimeClass.SHARP[]RECURVE.value ==
 []


Underfull \hbox (badness 10000) in paragraph at lines 198--198
[]|\OT1/cmtt/m/n/8 RegimeClass.STALLED.value ==
 []


Underfull \hbox (badness 10000) in paragraph at lines 199--199
[]|\OT1/cmtt/m/n/8 RegimeClass.STALLED.value ==
 []


Underfull \hbox (badness 10000) in paragraph at lines 200--200
[]|\OT1/cmtt/m/n/8 RegimeClass.STRAIGHT[]WESTWARD.value
 []


Underfull \hbox (badness 10000) in paragraph at lines 201--201
[]|\OT1/cmtt/m/n/8 RegimeClass.STRAIGHT[]WESTWARD.value
 []


Underfull \hbox (badness 10000) in paragraph at lines 202--202
[]|\OT1/cmtt/m/n/8 r.value == r.value.lower()\OT1/cmr/m/n/8 ; \OT1/cmtt/m/n/8 "
 " not
 []


Underfull \hbox (badness 10000) in paragraph at lines 203--203
[]|\OT1/cmtt/m/n/8 ScenarioFamily.BASELINE.value ==
 []


Underfull \hbox (badness 10000) in paragraph at lines 204--204
[]|\OT1/cmtt/m/n/8 ScenarioFamily.BASELINE.value ==
 []


Underfull \hbox (badness 10000) in paragraph at lines 205--205
[]|\OT1/cmtt/m/n/8 ScenarioFamily.EXTREME.value ==
 []


Underfull \hbox (badness 10000) in paragraph at lines 206--206
[]|\OT1/cmtt/m/n/8 ScenarioFamily.EXTREME.value ==
 []


Underfull \hbox (badness 10000) in paragraph at lines 210--210
[]|\OT1/cmtt/m/n/8 ScenarioFamily.HISTORICAL.value ==
 []


Underfull \hbox (badness 10000) in paragraph at lines 211--211
[]|\OT1/cmtt/m/n/8 ScenarioFamily.HISTORICAL.value ==
 []


Underfull \hbox (badness 10000) in paragraph at lines 212--212
[]|\OT1/cmtt/m/n/8 ScenarioFamily.MODERATE.value ==
 []


Underfull \hbox (badness 10000) in paragraph at lines 213--213
[]|\OT1/cmtt/m/n/8 ScenarioFamily.MODERATE.value ==
 []


Underfull \hbox (badness 10000) in paragraph at lines 214--214
[]|\OT1/cmtt/m/n/8 RegimeClass(r.value) is r\OT1/cmr/m/n/8 ;
 []


Underfull \hbox (badness 10000) in paragraph at lines 215--215
[]|\OT1/cmtt/m/n/8 RegimeClass(r.value) is r\OT1/cmr/m/n/8 ;
 []


Underfull \hbox (badness 10000) in paragraph at lines 216--216
[]|\OT1/cmr/m/n/10.95 Roundtrip via
 []


Underfull \hbox (badness 6842) in paragraph at lines 216--216
\OT1/cmr/m/n/10.95 value[scenariofamily.baseline] [sce-
 []


Underfull \hbox (badness 10000) in paragraph at lines 216--216
\OT1/cmr/m/n/10.95 nario=<ScenarioFamily.BASELINE:
 []


Underfull \hbox (badness 10000) in paragraph at lines 216--216
[]|\OT1/cmtt/m/n/8 RegimeClass(regime.value) is regime\OT1/cmr/m/n/8 ;
 []


Underfull \hbox (badness 10000) in paragraph at lines 216--216
\OT1/cmtt/m/n/8 ScenarioFamily(scenario.value) is
 []


Underfull \hbox (badness 10000) in paragraph at lines 217--217
[]|\OT1/cmr/m/n/10.95 Roundtrip via
 []


Underfull \hbox (badness 6125) in paragraph at lines 217--217
\OT1/cmr/m/n/10.95 value[scenariofamily.extreme] [sce-
 []


Underfull \hbox (badness 10000) in paragraph at lines 217--217
\OT1/cmr/m/n/10.95 nario=<ScenarioFamily.EXTREME:
 []


Underfull \hbox (badness 10000) in paragraph at lines 217--217
[]|\OT1/cmtt/m/n/8 RegimeClass(regime.value) is regime\OT1/cmr/m/n/8 ;
 []


Underfull \hbox (badness 10000) in paragraph at lines 217--217
\OT1/cmtt/m/n/8 ScenarioFamily(scenario.value) is
 []


Underfull \hbox (badness 10000) in paragraph at lines 218--218
[]|\OT1/cmr/m/n/10.95 Roundtrip via
 []


Overfull \hbox (12.90913pt too wide) in paragraph at lines 218--218
\OT1/cmr/m/n/10.95 nario=<ScenarioFamily.HISTORICAL:
 []


Underfull \hbox (badness 10000) in paragraph at lines 218--218
[]|\OT1/cmtt/m/n/8 RegimeClass(regime.value) is regime\OT1/cmr/m/n/8 ;
 []


Underfull \hbox (badness 10000) in paragraph at lines 218--218
\OT1/cmtt/m/n/8 ScenarioFamily(scenario.value) is
 []


Underfull \hbox (badness 10000) in paragraph at lines 219--219
[]|\OT1/cmr/m/n/10.95 Roundtrip via
 []


Overfull \hbox (8.34662pt too wide) in paragraph at lines 219--219
\OT1/cmr/m/n/10.95 nario=<ScenarioFamily.MODERATE:
 []


Underfull \hbox (badness 10000) in paragraph at lines 219--219
[]|\OT1/cmtt/m/n/8 RegimeClass(regime.value) is regime\OT1/cmr/m/n/8 ;
 []


Underfull \hbox (badness 10000) in paragraph at lines 219--219
\OT1/cmtt/m/n/8 ScenarioFamily(scenario.value) is
 []


Underfull \hbox (badness 10000) in paragraph at lines 220--220
[]|\OT1/cmr/m/n/10.95 Roundtrip via
 []


Underfull \hbox (badness 10000) in paragraph at lines 220--220
\OT1/cmr/m/n/10.95 value[scenariofamily.severe] [sce-
 []


Underfull \hbox (badness 10000) in paragraph at lines 220--220
\OT1/cmr/m/n/10.95 nario=<ScenarioFamily.SEVERE:
 []


Underfull \hbox (badness 10000) in paragraph at lines 220--220
[]|\OT1/cmtt/m/n/8 RegimeClass(regime.value) is regime\OT1/cmr/m/n/8 ;
 []


Underfull \hbox (badness 10000) in paragraph at lines 220--220
\OT1/cmtt/m/n/8 ScenarioFamily(scenario.value) is
 []


Underfull \hbox (badness 10000) in paragraph at lines 221--221
[]|\OT1/cmtt/m/n/8 ScenarioFamily.SEVERE.value ==
 []


Underfull \hbox (badness 10000) in paragraph at lines 222--222
[]|\OT1/cmtt/m/n/8 ScenarioFamily.SEVERE.value ==
 []


Underfull \hbox (badness 10000) in paragraph at lines 225--225
[]|\OT1/cmtt/m/n/8 len(result.trajectories) == 15\OT1/cmr/m/n/8 ;
 []


Underfull \hbox (badness 10000) in paragraph at lines 226--226
[]|\OT1/cmtt/m/n/8 len(result.trajectories) == 15\OT1/cmr/m/n/8 ;
 []


Underfull \hbox (badness 10000) in paragraph at lines 229--229
[]|\OT1/cmtt/m/n/8 isinstance(t, TyphoonTrajectory)\OT1/cmr/m/n/8 ;
 []


Underfull \hbox (badness 10000) in paragraph at lines 230--230
[]|\OT1/cmtt/m/n/8 isinstance(t, TyphoonTrajectory)\OT1/cmr/m/n/8 ;
 []


Underfull \hbox (badness 10000) in paragraph at lines 231--231
[]|\OT1/cmtt/m/n/8 isinstance(result, EventResult)\OT1/cmr/m/n/8 ;
 []


Underfull \hbox (badness 10000) in paragraph at lines 231--231
\OT1/cmtt/m/n/8 len(result.trajectories) == 10 \OT1/cmr/m/n/8 (+1
 []


Underfull \hbox (badness 10000) in paragraph at lines 232--232
[]|\OT1/cmtt/m/n/8 isinstance(result, EventResult)\OT1/cmr/m/n/8 ;
 []


Underfull \hbox (badness 10000) in paragraph at lines 232--232
\OT1/cmtt/m/n/8 len(result.trajectories) == 10 \OT1/cmr/m/n/8 (+1
 []


Underfull \hbox (badness 10000) in paragraph at lines 233--233
[]|\OT1/cmtt/m/n/8 p.k[]land[]per[]hour > 0\OT1/cmr/m/n/8 ;
 []


Underfull \hbox (badness 10000) in paragraph at lines 234--234
[]|\OT1/cmtt/m/n/8 math.exp(p.r[]outer[]intercept[]log[]km)
 []


Underfull \hbox (badness 10000) in paragraph at lines 235--235
[]|\OT1/cmtt/m/n/8 surface[]factor(is[]land=True,
 []


Underfull \hbox (badness 10000) in paragraph at lines 236--236
[]|\OT1/cmtt/m/n/8 surface[]factor(is[]land=True,
 []


Underfull \hbox (badness 10000) in paragraph at lines 237--237
[]|\OT1/cmtt/m/n/8 surface[]factor(is[]land=False,
 []


Underfull \hbox (badness 10000) in paragraph at lines 238--238
[]|\OT1/cmtt/m/n/8 surface[]factor(is[]land=False,
 []


Underfull \hbox (badness 10000) in paragraph at lines 239--239
[]|\OT1/cmtt/m/n/8 v2 == pytest.approx(2.0 * v1,
 []


Underfull \hbox (badness 10000) in paragraph at lines 240--240
[]|\OT1/cmtt/m/n/8 v2 == pytest.approx(2.0 * v1,
 []


Underfull \hbox (badness 10000) in paragraph at lines 241--241
[]|\OT1/cmtt/m/n/8 v == pytest.approx(expected,
 []


Underfull \hbox (badness 10000) in paragraph at lines 242--242
[]|\OT1/cmtt/m/n/8 v == pytest.approx(expected,
 []


Underfull \hbox (badness 10000) in paragraph at lines 245--245
[]|\OT1/cmtt/m/n/8 v == pytest.approx(0.4 * 40.0,
 []


Underfull \hbox (badness 10000) in paragraph at lines 246--246
[]|\OT1/cmtt/m/n/8 v == pytest.approx(0.4 * 40.0,
 []


Underfull \hbox (badness 10000) in paragraph at lines 253--253
[]|\OT1/cmtt/m/n/8 sample[]state.longitude ==
 []


Underfull \hbox (badness 10000) in paragraph at lines 253--253
\OT1/cmtt/m/n/8 5.0\OT1/cmr/m/n/8 ; \OT1/cmtt/m/n/8 sample[]state.regime is
 []


Underfull \hbox (badness 10000) in paragraph at lines 253--253
\OT1/cmtt/m/n/8 RegimeClass.STRAIGHT[]WESTWARD \OT1/cmr/m/n/8 (+10
 []


Underfull \hbox (badness 10000) in paragraph at lines 254--254
[]|\OT1/cmtt/m/n/8 sample[]state.longitude ==
 []


Underfull \hbox (badness 10000) in paragraph at lines 254--254
\OT1/cmtt/m/n/8 5.0\OT1/cmr/m/n/8 ; \OT1/cmtt/m/n/8 sample[]state.regime is
 []


Underfull \hbox (badness 10000) in paragraph at lines 254--254
\OT1/cmtt/m/n/8 RegimeClass.STRAIGHT[]WESTWARD \OT1/cmr/m/n/8 (+10
 []


Underfull \hbox (badness 5288) in paragraph at lines 259--259
[]|\OT1/cmtt/m/n/8 restored == p\OT1/cmr/m/n/8 ; \OT1/cmtt/m/n/8 restored.paren
t[]id is
 []


Underfull \hbox (badness 5288) in paragraph at lines 260--260
[]|\OT1/cmtt/m/n/8 restored == p\OT1/cmr/m/n/8 ; \OT1/cmtt/m/n/8 restored.paren
t[]id is
 []


Underfull \hbox (badness 10000) in paragraph at lines 261--261
[]|\OT1/cmtt/m/n/8 sample[]state.longitude ==
 []


Underfull \hbox (badness 10000) in paragraph at lines 261--261
\OT1/cmtt/m/n/8 5.0\OT1/cmr/m/n/8 ; \OT1/cmtt/m/n/8 sample[]state.regime is
 []


Underfull \hbox (badness 10000) in paragraph at lines 261--261
\OT1/cmtt/m/n/8 RegimeClass.STRAIGHT[]WESTWARD \OT1/cmr/m/n/8 (+10
 []


Underfull \hbox (badness 10000) in paragraph at lines 262--262
[]|\OT1/cmtt/m/n/8 sample[]state.longitude ==
 []


Underfull \hbox (badness 10000) in paragraph at lines 262--262
\OT1/cmtt/m/n/8 5.0\OT1/cmr/m/n/8 ; \OT1/cmtt/m/n/8 sample[]state.regime is
 []


Underfull \hbox (badness 10000) in paragraph at lines 262--262
\OT1/cmtt/m/n/8 RegimeClass.STRAIGHT[]WESTWARD \OT1/cmr/m/n/8 (+10
 []


Underfull \hbox (badness 10000) in paragraph at lines 265--265
[]|\OT1/cmtt/m/n/8 restored == landfall[]state\OT1/cmr/m/n/8 ;
 []


Underfull \hbox (badness 10000) in paragraph at lines 265--265
\OT1/cmtt/m/n/8 restored.land[]flag is True \OT1/cmr/m/n/8 (+1
 []


Underfull \hbox (badness 10000) in paragraph at lines 266--266
[]|\OT1/cmtt/m/n/8 restored == landfall[]state\OT1/cmr/m/n/8 ;
 []


Underfull \hbox (badness 10000) in paragraph at lines 266--266
\OT1/cmtt/m/n/8 restored.land[]flag is True \OT1/cmr/m/n/8 (+1
 []


Underfull \hbox (badness 10000) in paragraph at lines 271--271
[]|\OT1/cmtt/m/n/8 sample[]state.longitude ==
 []


Underfull \hbox (badness 10000) in paragraph at lines 271--271
\OT1/cmtt/m/n/8 5.0\OT1/cmr/m/n/8 ; \OT1/cmtt/m/n/8 sample[]state.regime is
 []


Underfull \hbox (badness 10000) in paragraph at lines 271--271
\OT1/cmtt/m/n/8 RegimeClass.STRAIGHT[]WESTWARD \OT1/cmr/m/n/8 (+10
 []


Underfull \hbox (badness 10000) in paragraph at lines 272--272
[]|\OT1/cmtt/m/n/8 sample[]state.longitude ==
 []


Underfull \hbox (badness 10000) in paragraph at lines 272--272
\OT1/cmtt/m/n/8 5.0\OT1/cmr/m/n/8 ; \OT1/cmtt/m/n/8 sample[]state.regime is
 []


Underfull \hbox (badness 10000) in paragraph at lines 272--272
\OT1/cmtt/m/n/8 RegimeClass.STRAIGHT[]WESTWARD \OT1/cmr/m/n/8 (+10
 []


Underfull \hbox (badness 10000) in paragraph at lines 275--275
[]|\OT1/cmtt/m/n/8 sample[]trajectory.horizon[]hours ==
 []


Underfull \hbox (badness 10000) in paragraph at lines 276--276
[]|\OT1/cmtt/m/n/8 sample[]trajectory.horizon[]hours ==
 []


Underfull \hbox (badness 10000) in paragraph at lines 281--281
[]|\OT1/cmtt/m/n/8 class[]call ==
 []


Underfull \hbox (badness 10000) in paragraph at lines 282--282
[]|\OT1/cmtt/m/n/8 class[]call ==
 []


Underfull \hbox (badness 7273) in paragraph at lines 285--285
[]|\OT1/cmr/m/n/10.95 Evaluate tra-jec-tory uses con-fig
 []


Underfull \hbox (badness 10000) in paragraph at lines 285--285
[]|\OT1/cmtt/m/n/8 set(out.duration[]above[]ms.keys()) ==
 []


Underfull \hbox (badness 7273) in paragraph at lines 286--286
[]|\OT1/cmr/m/n/10.95 Evaluate tra-jec-tory uses con-fig
 []


Underfull \hbox (badness 10000) in paragraph at lines 286--286
[]|\OT1/cmtt/m/n/8 set(out.duration[]above[]ms.keys()) ==
 []


Underfull \hbox (badness 10000) in paragraph at lines 287--287
[]|\OT1/cmtt/m/n/8 set(out.duration[]above[]ms.keys()) ==
 []


Underfull \hbox (badness 10000) in paragraph at lines 288--288
[]|\OT1/cmtt/m/n/8 set(out.duration[]above[]ms.keys()) ==
 []


Underfull \hbox (badness 10000) in paragraph at lines 289--289
[]|\OT1/cmtt/m/n/8 sample[]state.longitude ==
 []


Underfull \hbox (badness 10000) in paragraph at lines 289--289
\OT1/cmtt/m/n/8 5.0\OT1/cmr/m/n/8 ; \OT1/cmtt/m/n/8 sample[]state.regime is
 []


Underfull \hbox (badness 10000) in paragraph at lines 289--289
\OT1/cmtt/m/n/8 RegimeClass.STRAIGHT[]WESTWARD \OT1/cmr/m/n/8 (+10
 []


Underfull \hbox (badness 10000) in paragraph at lines 290--290
[]|\OT1/cmtt/m/n/8 sample[]state.longitude ==
 []


Underfull \hbox (badness 10000) in paragraph at lines 290--290
\OT1/cmtt/m/n/8 5.0\OT1/cmr/m/n/8 ; \OT1/cmtt/m/n/8 sample[]state.regime is
 []


Underfull \hbox (badness 10000) in paragraph at lines 290--290
\OT1/cmtt/m/n/8 RegimeClass.STRAIGHT[]WESTWARD \OT1/cmr/m/n/8 (+10
 []


Underfull \hbox (badness 10000) in paragraph at lines 291--291
[]|\OT1/cmtt/m/n/8 sample[]wind[]output.peak[]sustained[]ms
 []


Underfull \hbox (badness 10000) in paragraph at lines 292--292
[]|\OT1/cmtt/m/n/8 sample[]wind[]output.peak[]sustained[]ms
 []


Underfull \hbox (badness 10000) in paragraph at lines 300--300
[]|\OT1/cmtt/m/n/8 0.0 <= p.rho[]surf[]land <=
 []

[6] [7] [8] [9] [10] [11] [12] [13] [14] [15] [16] [17] [18] [19])
Overfull \hbox (75.85928pt too wide) in paragraph at lines 221--222
\OT1/cmr/m/it/10.95 To be com-pleted in Phase 1.7+. Sen-si-tiv-i-ties will be g
en-er-ated by \OT1/cmtt/m/it/10.95 docs/models/sensitivities/typhoon/generator/
\OT1/cmr/m/it/10.95 . 
 []

[20]
Overfull \hbox (646.90204pt too wide) in paragraph at lines 249--257
[] 
 []

[21] 
enddocument/afterlastpage: lastpage setting LastPage.
(./typhoon.aux)
 ***********
LaTeX2e <2023-11-01> patch level 1
L3 programming layer <2024-02-20>
 ***********


LaTeX Font Warning: Some font shapes were not available, defaults substituted.

Package rerunfilecheck Info: File `typhoon.out' has not changed.
(rerunfilecheck)             Checksum: 9E8DB7644F37F1916993EF5E17BDF8A2;3002.
 ) 
Here is how much of TeX's memory you used:
 18249 strings out of 474116
 310842 string characters out of 5743682
 2083187 words of memory out of 5000000
 40300 multiletter control sequences out of 15000+600000
 566032 words of font info for 66 fonts, out of 8000000 for 9000
 1141 hyphenation exceptions out of 8191
 88i,13n,134p,552b,578s stack positions out of 10000i,1000n,20000p,200000b,200000s
</usr/local/texlive/2024/texmf-dist/fonts/type1/public/amsfonts/cm/cmbx10.pfb
></usr/local/texlive/2024/texmf-dist/fonts/type1/public/amsfonts/cm/cmbx12.pfb>
</usr/local/texlive/2024/texmf-dist/fonts/type1/public/amsfonts/cm/cmitt10.pfb>
</usr/local/texlive/2024/texmf-dist/fonts/type1/public/amsfonts/cm/cmmi10.pfb><
/usr/local/texlive/2024/texmf-dist/fonts/type1/public/amsfonts/cm/cmmi8.pfb></u
sr/local/texlive/2024/texmf-dist/fonts/type1/public/amsfonts/cm/cmr10.pfb></usr
/local/texlive/2024/texmf-dist/fonts/type1/public/amsfonts/cm/cmr12.pfb></usr/l
ocal/texlive/2024/texmf-dist/fonts/type1/public/amsfonts/cm/cmr8.pfb></usr/loca
l/texlive/2024/texmf-dist/fonts/type1/public/amsfonts/cm/cmsy10.pfb></usr/local
/texlive/2024/texmf-dist/fonts/type1/public/amsfonts/cm/cmsy8.pfb></usr/local/t
exlive/2024/texmf-dist/fonts/type1/public/amsfonts/cm/cmti10.pfb></usr/local/te
xlive/2024/texmf-dist/fonts/type1/public/amsfonts/cm/cmtt10.pfb></usr/local/tex
live/2024/texmf-dist/fonts/type1/public/amsfonts/cm/cmtt8.pfb></usr/local/texli
ve/2024/texmf-dist/fonts/type1/public/cm-super/sfrm1095.pfb>
Output written on typhoon.pdf (22 pages, 256130 bytes).
PDF statistics:
 316 PDF objects out of 1000 (max. 8388607)
 259 compressed objects within 3 object streams
 49 named destinations out of 1000 (max. 500000)
 166 words of extra memory for PDF output out of 10000 (max. 10000000)

