
MKM Portfolio Generator
Catchment: thames
Output: /Users/davidkerrkelly/Github/PhysicalRisk/data/input/thames

1. Generating Gauges...
   52 gauges generated  (52/52 successful)  →  gauge.json
  ⚠ Dependencies require update: synthetic_gauges, properties, gaugehd, stressm, hazard, mortgages, propertyts, propertyhc, propertyshd, propertyshe, blotter, propertytsd, propertytse

1.5 Generating Synthetic Gauges...
   20 synthetic gauges  →  gauge.json (updated)

2. Generating Properties...
   20 properties generated  (20/20 successful)  →  property.json
  ⚠ Dependencies require update: mortgages, propertyts, propertytsd, propertytse, propertyhc, propertyshd, propertyshe

3. Generating Mortgages...
   20 mortgages generated  (20/20 successful)  →  mortgage.json

4. Generating Gauge Historical Data...
   72 gauge histories  ×  50 years  →  gaugehd/
  ⚠ Dependencies require update: stressm, hazard, propertyts, propertyhc, propertyshd, propertyshe, blotter, propertytsd, propertytse

5. Multi-Storm Sequences + Gaugets + Stress Storms...
  Removed training_summary.json from classifiers/
  Generating 1,000 storm sequences...
  1,000 sequences  ->  storm_sequences.json  (0.2s)
  Types: cluster: 222  doublet: 172  isolated: 498  persistent: 108
  Loaded 72 gauge baselines from gaugehd/
  Loaded 72 gauges from gauge.json
  Spatial model: 72 gauges, max distance 86 km
  Computing compound gauge responses (1,000 sequences x 72 gauges)...
  Base levels: seasonal
    [500/1,000]  37/s  ETA 13s
  Gauge responses computed in 0.4 min

  Generating gaugets (base simulation + storm responses)...
    Base simulation: 72 gauge files  →  gaugets/
    Storm responses: 1,000 sequences × 72 gauges merged into gaugets/
    Stress storms: 295 alert-breaching  →  stress_storms/
  ->  sequence_gauge/  (73 files, 24.4 MB)

============================================================
 Multi-Storm Stress Summary
============================================================
 Sequences generated : 1,000
 Types               : cluster: 222  doublet: 172  isolated: 498  persistent: 108
 Gauges              : 72
 Alert sequences     : 295
 Warning sequences   : 187
 Severe sequences    : 120
 Elapsed             : 33s (0.6 min)
============================================================
   Output files:
   gaugets/ (base simulation + storm responses)
   stress_storms/ (per-storm files)
   storm_sequences.json
   sequences_summary.json
   sequence_gauge_summary.json
  ⚠ Dependencies require update: hazard, propertyts, propertyhc, propertyshd, propertyshe, blotter, propertytsd, propertytse

6. Building Hazard Curves...
   72 gauge curves  (2,108 individual storms  |  dist: GEV)
   avg annual P(alert): 11.49%  P(warning): 6.19%  P(severe): 4.57%
  ⚠ Dependencies require update: propertyts, propertyhc, propertyshd, propertyshe, blotter, propertytsd, propertytse

7. Generating Property Flood Time Series...
   20 properties  |  4 with flood events  |  17 total events
   max depth: 0.62m  |  max damage ratio: 28.5%
  ⚠ Dependencies require update: propertytsd, propertytse, propertyhc, propertyshd, propertyshe

7a. Generating Synthetic Distance Timeseries (propertytsd)...
   20 properties  |  18 with flood events  |  403 total events

7b. Generating Synthetic Elevation Timeseries (propertytse)...
   20 properties  |  4 with flood events  |  17 total events

8. Building Property Hazard Curves + PRS Pricing...
   20 properties  |  20 processed  |  0 skipped
   avg spread: 8.5 bps  |  avg transmission: 2.0%

8a. Building Synthetic Distance Hazard Curves (propertyshd)...
   20 properties  |  avg spread: 128.0 bps

8b. Building Synthetic Elevation Hazard Curves (propertyshe)...
   20 properties  |  avg spread: 8.5 bps

8c. Attaching Spread Decomposition to propertyhc.json...
   20 properties decomposed

9. Generating Counterparties...
   22 counterparties generated  →  counterparty.json
  ⚠ Dependencies require update: blotter

10. Generating Trading Book (Blotter)...
  + 4 property PRS client trades

============================================================
  Market-Making Book Summary
============================================================
  Total trades:     54
  Payer (short):    28 trades, GBP 210,000,000 notional
  Receiver (long):  26 trades, GBP 206,000,000 notional
  Net notional:     GBP 4,000,000
  Total NPV:        GBP 548,569
============================================================

  Generating trade confirmation PDFs...
  Generated 54 PDFs
  Generating 3 months of historical EOD data...
  Generated 63 historical EOD snapshots


========================================================================
  MKM PORTFOLIO GENERATION REPORT
  26-May-2026 10:46
========================================================================

  1. GAUGE NETWORK
  --------------------------------------------------------------------
    Gauges generated                 72
    Time series (gaugets)            52 files
    Historical daily (gaugehd)       52 files
    Tidal classification             29 non-tidal, 8 partially tidal, 35 tidal
    Avg winter baseline (DJF)        1.729 m
    Avg summer baseline (JJA)        1.121 m
    Seasonal range                   0.608 m

  2. STORM SEQUENCES
  --------------------------------------------------------------------
    Sequences generated              1,000
    Sequence types                   cluster: 222, doublet: 172, isolated: 498, persistent: 108
    Intensity categories             catastrophic: 182, extreme: 598, moderate: 627, severe: 701
    Precipitation (mm)               min 15 / mean 161 / max 1322
    Duration (hours)                 min 14 / mean 99 / max 156

  3. STRESS TESTING
  --------------------------------------------------------------------
    Alert-breaching sequences        295
    GBM classifiers trained          0

  4. HAZARD CURVES
  --------------------------------------------------------------------
    Gauge hazard curves (GEV)        72
    Property hazard curves           20

  5. PROPERTIES & MORTGAGES
  --------------------------------------------------------------------
    Properties generated             20
    Flood time series                20 files
    Synthetic distance TS            20 files
    Synthetic elevation TS           20 files
    Mortgages linked                 20
    Counterparties                   22

  6. TRADING BOOK
  --------------------------------------------------------------------
    PRS gauge trades                 50
    PRS property trades              4
    Total PRS trades                 54
    Historical EOD snapshots         63

  7. OUTPUT FILES
  --------------------------------------------------------------------
    gauge.json                       72 flood gauges
    property.json                    20 properties
    mortgage.json                    20 mortgages
    counterparty.json                22 counterparties
    storm_sequences.json             1,000 sequences
    stress_storms/                   295 alert storms
    gaugehc.json                     72 hazard curves
    propertyhc.json                  20 property curves
    propertyshd.json                 20 synthetic distance curves
    propertyshe.json                 20 synthetic elevation curves
    gaugets/                         52 gauge time series
    gaugehd/                         52 historical daily
    propertyts/                      20 property flood series
    propertytsd/                     20 synthetic distance series
    propertytse/                     20 synthetic elevation series
    stressm/                         0 classifiers
    prs/                             50 gauge + 4 property trades
    eod/                             63 EOD snapshots
    Total data size                  192.4 MB

========================================================================


  PDF report: /Users/davidkerrkelly/Github/PhysicalRisk/data/output/audit/port_thames.pdf
  PRS report: /Users/davidkerrkelly/Github/PhysicalRisk/data/output/audit/prs_portfolio_report.pdf

  ⚠ Data lineage: 1 stale step(s)
    - properties
Complete! Files in: /Users/davidkerrkelly/Github/PhysicalRisk/data/input/thames
