/Library/Frameworks/Python.framework/Versions/3.13/lib/python3.13/getpass.py:90: GetPassWarning: Can not control echo on the terminal.
  passwd = fallback_getpass(prompt, stream)
Warning: Password input may be echoed.
  Admin password: 
MKM Portfolio Generator — Admin Authentication
Traceback (most recent call last):
  File "/Library/Frameworks/Python.framework/Versions/3.13/lib/python3.13/getpass.py", line 68, in unix_getpass
    old = termios.tcgetattr(fd)     # a copy to save
termios.error: (19, 'Operation not supported by device')

During handling of the above exception, another exception occurred:

Traceback (most recent call last):
  File "/Users/davidkerrkelly/Github/PhysicalRisk/app.py", line 67, in <module>
    main()
    ~~~~^^
  File "/Users/davidkerrkelly/Github/PhysicalRisk/app.py", line 63, in main
    args.func(args)
    ~~~~~~~~~^^^^^^
  File "/Users/davidkerrkelly/Github/PhysicalRisk/app/commands/port.py", line 152, in cmd_port
    _authenticate()
    ~~~~~~~~~~~~~^^
  File "/Users/davidkerrkelly/Github/PhysicalRisk/app/commands/port.py", line 48, in _authenticate
    _verify_password()
    ~~~~~~~~~~~~~~~~^^
  File "/Users/davidkerrkelly/Github/PhysicalRisk/app/commands/port.py", line 85, in _verify_password
    pw = getpass.getpass("  Admin password: ")
  File "/Library/Frameworks/Python.framework/Versions/3.13/lib/python3.13/getpass.py", line 90, in unix_getpass
    passwd = fallback_getpass(prompt, stream)
  File "/Library/Frameworks/Python.framework/Versions/3.13/lib/python3.13/getpass.py", line 126, in fallback_getpass
    return _raw_input(prompt, stream)
  File "/Library/Frameworks/Python.framework/Versions/3.13/lib/python3.13/getpass.py", line 148, in _raw_input
    raise EOFError
EOFError
