........................................................................ [  0%]
........................................................................ [  1%]
........................................................................ [  2%]
........................................................................ [  3%]
..........................FF................ss.......................... [  3%]
............................s........................................... [  4%]
........................................................................ [  5%]
........................................................................ [  6%]
....................FF...F.........xxxxx...............................X [  7%]
Xx...................................................................... [  7%]
........................................................................ [  8%]
........................................................................ [  9%]
........................................................................ [ 10%]
........................................................................ [ 10%]
........................................................................ [ 11%]
........................................................................ [ 12%]
........................................................................ [ 13%]
........................................................................ [ 14%]
........................................................................ [ 14%]
........................................................................ [ 15%]
........................................................................ [ 16%]
........................................................................ [ 17%]
........................................................................ [ 18%]
........................................................................ [ 18%]
........................................................................ [ 19%]
........................................................................ [ 20%]
...........................................................F............ [ 21%]
......F......F......................................................F.F. [ 21%]
........................................................................ [ 22%]
........................................................................ [ 23%]
.........................F.............................................. [ 24%]
........................................................................ [ 25%]
........................................................................ [ 25%]
........................................................................ [ 26%]
........................................................................ [ 27%]
........................................................................ [ 28%]
.............................