\BOOKMARK [1][-]{section.1}{\376\377\000E\000x\000e\000c\000u\000t\000i\000v\000e\000\040\000S\000u\000m\000m\000a\000r\000y}{}% 1
\BOOKMARK [2][-]{subsection.1.1}{\376\377\000P\000u\000r\000p\000o\000s\000e}{section.1}% 2
\BOOKMARK [2][-]{subsection.1.2}{\376\377\000S\000c\000o\000p\000e}{section.1}% 3
\BOOKMARK [1][-]{section.2}{\376\377\000P\000R\000S\000\040\000P\000r\000i\000c\000i\000n\000g\000\040\040\024\000\040\000A\000n\000a\000l\000y\000t\000i\000c\000a\000l\000\040\000M\000o\000d\000e\000l\000\040\000\050\000M\000K\000M\000-\000P\000R\000-\0000\0000\0001\000\051}{}% 4
\BOOKMARK [2][-]{subsection.2.1}{\376\377\000B\000a\000s\000i\000s\000\040\000W\000a\000t\000e\000r\000f\000a\000l\000l\000\040\000C\000o\000m\000p\000o\000n\000e\000n\000t\000s}{section.2}% 5
\BOOKMARK [2][-]{subsection.2.2}{\376\377\000T\000e\000r\000r\000a\000i\000n\000\040\000B\000a\000s\000i\000s\000\040\000b\000y\000\040\000E\000A\000\040\000F\000l\000o\000o\000d\000\040\000Z\000o\000n\000e\000\040\000\050\000b\000p\000s\000\051}{section.2}% 6
\BOOKMARK [2][-]{subsection.2.3}{\376\377\000C\000o\000m\000p\000o\000s\000i\000t\000i\000o\000n\000\040\000B\000a\000s\000i\000s\000\040\000b\000y\000\040\000P\000r\000o\000p\000e\000r\000t\000y\000\040\000T\000y\000p\000e\000\040\000\050\000b\000p\000s\000\051}{section.2}% 7
\BOOKMARK [2][-]{subsection.2.4}{\376\377\000R\000e\000c\000o\000v\000e\000r\000y\000\040\000R\000a\000t\000e\000s\000\040\000b\000y\000\040\000T\000r\000i\000g\000g\000e\000r}{section.2}% 8
\BOOKMARK [2][-]{subsection.2.5}{\376\377\000C\000D\000S\000\040\000P\000r\000i\000c\000i\000n\000g}{section.2}% 9
\BOOKMARK [1][-]{section.3}{\376\377\000P\000R\000S\000\040\000P\000r\000i\000c\000i\000n\000g\000\040\040\024\000\040\000Q\000u\000a\000n\000t\000L\000i\000b\000\040\000C\000D\000S\000\040\000\050\000M\000K\000M\000-\000P\000R\000-\0000\0000\0001\000\051}{}% 10
\BOOKMARK [2][-]{subsection.3.1}{\376\377\000D\000e\000f\000a\000u\000l\000t\000\040\000T\000r\000a\000d\000e\000\040\000P\000a\000r\000a\000m\000e\000t\000e\000r\000s}{section.3}% 11
\BOOKMARK [2][-]{subsection.3.2}{\376\377\000Q\000u\000a\000n\000t\000L\000i\000b\000\040\000C\000o\000n\000v\000e\000n\000t\000i\000o\000n\000s}{section.3}% 12
\BOOKMARK [1][-]{section.4}{\376\377\000G\000E\000V\000\040\000H\000a\000z\000a\000r\000d\000\040\000C\000u\000r\000v\000e\000\040\000M\000o\000d\000e\000l\000\040\000\050\000M\000K\000M\000-\000G\000H\000-\0000\0000\0001\000\051}{}% 13
\BOOKMARK [2][-]{subsection.4.1}{\376\377\000H\000a\000z\000a\000r\000d\000\040\000C\000u\000r\000v\000e\000\040\000C\000o\000n\000s\000t\000r\000u\000c\000t\000i\000o\000n}{section.4}% 14
\BOOKMARK [2][-]{subsection.4.2}{\376\377\000T\000e\000r\000m\000\040\000S\000t\000r\000u\000c\000t\000u\000r\000e}{section.4}% 15
\BOOKMARK [1][-]{section.5}{\376\377\000S\000t\000o\000r\000m\000-\000G\000a\000u\000g\000e\000\040\000R\000e\000s\000p\000o\000n\000s\000e\000\040\000M\000o\000d\000e\000l\000\040\000\050\000M\000K\000M\000-\000S\000G\000-\0000\0000\0001\000\051}{}% 16
\BOOKMARK [2][-]{subsection.5.1}{\376\377\000G\000a\000u\000g\000e\000\040\000A\000l\000e\000r\000t\000\040\000T\000h\000r\000e\000s\000h\000o\000l\000d\000s\000\040\000\050\000d\000e\000f\000a\000u\000l\000t\000s\000\051}{section.5}% 17
\BOOKMARK [2][-]{subsection.5.2}{\376\377\000R\000e\000s\000p\000o\000n\000s\000e\000\040\000C\000a\000l\000i\000b\000r\000a\000t\000i\000o\000n}{section.5}% 18
\BOOKMARK [2][-]{subsection.5.3}{\376\377\000F\000o\000r\000w\000a\000r\000d\000\040\000M\000o\000d\000e\000l\000\040\040\024\000\040\000S\000p\000a\000t\000i\000a\000l\000\040\000D\000e\000c\000a\000y}{section.5}% 19
\BOOKMARK [1][-]{section.6}{\376\377\000S\000t\000o\000r\000m\000\040\000I\000n\000t\000e\000n\000s\000i\000t\000y\000\040\000D\000i\000s\000t\000r\000i\000b\000u\000t\000i\000o\000n\000\040\000\050\000M\000K\000M\000-\000S\000I\000-\0000\0000\0001\000\051}{}% 20
\BOOKMARK [2][-]{subsection.6.1}{\376\377\000D\000i\000s\000t\000r\000i\000b\000u\000t\000i\000o\000n\000\040\000D\000e\000f\000a\000u\000l\000t\000s}{section.6}% 21
\BOOKMARK [2][-]{subsection.6.2}{\376\377\000S\000c\000e\000n\000a\000r\000i\000o\000\040\000F\000a\000m\000i\000l\000i\000e\000s}{section.6}% 22
\BOOKMARK [1][-]{section.7}{\376\377\000F\000l\000o\000o\000d\000\040\000R\000i\000s\000k\000\040\040\024\000\040\000D\000e\000p\000t\000h\000-\000D\000a\000m\000a\000g\000e\000\040\000a\000n\000d\000\040\000V\000e\000l\000o\000c\000i\000t\000y\000\040\000\050\000M\000K\000M\000-\000D\000D\000-\0000\0000\0001\000\051}{}% 23
\BOOKMARK [2][-]{subsection.7.1}{\376\377\000U\000K\000\040\000D\000e\000p\000t\000h\000-\000D\000a\000m\000a\000g\000e\000\040\000C\000u\000r\000v\000e}{section.7}% 24
\BOOKMARK [2][-]{subsection.7.2}{\376\377\000P\000r\000o\000p\000e\000r\000t\000y\000\040\000T\000y\000p\000e\000\040\000F\000a\000c\000t\000o\000r\000s}{section.7}% 25
\BOOKMARK [2][-]{subsection.7.3}{\376\377\000M\000a\000n\000n\000i\000n\000g\000\040\000V\000e\000l\000o\000c\000i\000t\000y\000\040\000M\000o\000d\000e\000l}{section.7}% 26
\BOOKMARK [1][-]{section.8}{\376\377\000S\000p\000a\000t\000i\000a\000l\000\040\000I\000n\000t\000e\000r\000p\000o\000l\000a\000t\000i\000o\000n\000\040\000\050\000M\000K\000M\000-\000S\000P\000-\0000\0000\0001\000\051}{}% 27
\BOOKMARK [2][-]{subsection.8.1}{\376\377\000S\000p\000a\000t\000i\000a\000l\000\040\000P\000a\000r\000a\000m\000e\000t\000e\000r\000s}{section.8}% 28
\BOOKMARK [1][-]{section.9}{\376\377\000R\000i\000s\000k\000\040\000A\000n\000a\000l\000y\000t\000i\000c\000s\000\040\000\050\000M\000K\000M\000-\000R\000A\000-\0000\0000\0001\000\051}{}% 29
\BOOKMARK [2][-]{subsection.9.1}{\376\377\000M\000o\000n\000t\000e\000\040\000C\000a\000r\000l\000o\000\040\000S\000e\000t\000t\000i\000n\000g\000s}{section.9}% 30
\BOOKMARK [2][-]{subsection.9.2}{\376\377\000R\000i\000s\000k\000\040\000C\000l\000a\000s\000s\000i\000f\000i\000c\000a\000t\000i\000o\000n\000\040\000T\000h\000r\000e\000s\000h\000o\000l\000d\000s}{section.9}% 31
\BOOKMARK [1][-]{section.10}{\376\377\000R\000i\000s\000k\000\040\000A\000s\000s\000e\000s\000s\000m\000e\000n\000t\000\040\000M\000o\000d\000e\000l\000\040\000\050\000M\000K\000M\000-\000R\000A\000-\0000\0000\0001\000\051}{}% 32
\BOOKMARK [2][-]{subsection.10.1}{\376\377\000F\000l\000o\000o\000d\000\040\000D\000e\000p\000t\000h\000\040\000T\000h\000r\000e\000s\000h\000o\000l\000d\000s}{section.10}% 33
\BOOKMARK [2][-]{subsection.10.2}{\376\377\000L\000T\000V\000\040\000R\000i\000s\000k\000\040\000T\000h\000r\000e\000s\000h\000o\000l\000d\000s}{section.10}% 34
\BOOKMARK [2][-]{subsection.10.3}{\376\377\000F\000l\000o\000o\000d\000\040\000R\000i\000s\000k\000\040\000S\000c\000o\000r\000e\000s}{section.10}% 35
\BOOKMARK [2][-]{subsection.10.4}{\376\377\000L\000T\000V\000\040\000M\000u\000l\000t\000i\000p\000l\000i\000e\000r\000s}{section.10}% 36
\BOOKMARK [2][-]{subsection.10.5}{\376\377\000C\000o\000n\000s\000t\000r\000u\000c\000t\000i\000o\000n\000\040\000T\000y\000p\000e\000\040\000F\000a\000c\000t\000o\000r\000s}{section.10}% 37
\BOOKMARK [2][-]{subsection.10.6}{\376\377\000A\000g\000e\000\040\000F\000a\000c\000t\000o\000r\000s}{section.10}% 38
\BOOKMARK [2][-]{subsection.10.7}{\376\377\000I\000n\000s\000u\000r\000a\000n\000c\000e\000\040\000P\000r\000e\000m\000i\000u\000m\000\040\000B\000a\000s\000e\000\040\000R\000a\000t\000e\000s}{section.10}% 39
\BOOKMARK [2][-]{subsection.10.8}{\376\377\000D\000i\000s\000t\000a\000n\000c\000e\000\040\000R\000i\000s\000k\000\040\000F\000a\000c\000t\000o\000r\000s}{section.10}% 40
\BOOKMARK [1][-]{section.11}{\376\377\000P\000r\000o\000p\000e\000r\000t\000y\000\040\000V\000a\000l\000u\000a\000t\000i\000o\000n\000\040\000M\000o\000d\000e\000l\000\040\000\050\000M\000K\000M\000-\000P\000V\000-\0000\0000\0001\000\051}{}% 41
\BOOKMARK [2][-]{subsection.11.1}{\376\377\000F\000l\000o\000o\000r\000\040\000A\000r\000e\000a\000\040\000R\000a\000n\000g\000e\000s\000\040\000\050\000s\000q\000\040\000m\000\051}{section.11}% 42
\BOOKMARK [2][-]{subsection.11.2}{\376\377\000B\000a\000s\000e\000\040\000P\000r\000i\000c\000e\000\040\000p\000e\000r\000\040\000s\000q\000m\000\040\000\050\000G\000B\000P\000\051}{section.11}% 43
\BOOKMARK [2][-]{subsection.11.3}{\376\377\000A\000g\000e\000\040\000B\000a\000n\000d\000\040\000F\000a\000c\000t\000o\000r\000s\000\040\000\050\000m\000u\000l\000t\000i\000p\000l\000i\000e\000r\000\040\000r\000a\000n\000g\000e\000\051}{section.11}% 44
\BOOKMARK [2][-]{subsection.11.4}{\376\377\000C\000o\000n\000d\000i\000t\000i\000o\000n\000\040\000F\000a\000c\000t\000o\000r\000s}{section.11}% 45
\BOOKMARK [2][-]{subsection.11.5}{\376\377\000F\000l\000o\000o\000d\000\040\000R\000i\000s\000k\000\040\000F\000a\000c\000t\000o\000r\000s}{section.11}% 46
\BOOKMARK [2][-]{subsection.11.6}{\376\377\000E\000P\000C\000\040\000R\000a\000t\000i\000n\000g\000\040\000F\000a\000c\000t\000o\000r\000s}{section.11}% 47
\BOOKMARK [2][-]{subsection.11.7}{\376\377\000V\000a\000l\000u\000a\000t\000i\000o\000n\000\040\000B\000o\000u\000n\000d\000s}{section.11}% 48
\BOOKMARK [1][-]{section.12}{\376\377\000I\000n\000s\000u\000r\000a\000n\000c\000e\000\040\000P\000r\000e\000m\000i\000u\000m\000\040\000M\000o\000d\000e\000l\000\040\000\050\000M\000K\000M\000-\000I\000P\000-\0000\0000\0001\000\051}{}% 49
\BOOKMARK [2][-]{subsection.12.1}{\376\377\000P\000r\000o\000p\000e\000r\000t\000y\000\040\000T\000y\000p\000e\000\040\000P\000r\000e\000m\000i\000u\000m\000\040\000F\000a\000c\000t\000o\000r\000s}{section.12}% 50
\BOOKMARK [2][-]{subsection.12.2}{\376\377\000F\000l\000o\000o\000d\000\040\000R\000i\000s\000k\000\040\000P\000r\000e\000m\000i\000u\000m\000\040\000F\000a\000c\000t\000o\000r\000s}{section.12}% 51
\BOOKMARK [2][-]{subsection.12.3}{\376\377\000P\000r\000e\000m\000i\000u\000m\000\040\000B\000o\000u\000n\000d\000s}{section.12}% 52
\BOOKMARK [1][-]{section.13}{\376\377\000M\000o\000r\000t\000g\000a\000g\000e\000\040\000P\000r\000i\000c\000e\000r\000\040\000\050\000M\000K\000M\000-\000M\000P\000-\0000\0000\0001\000\051}{}% 53
\BOOKMARK [2][-]{subsection.13.1}{\376\377\000C\000r\000e\000d\000i\000t\000\040\000S\000p\000r\000e\000a\000d\000\040\000S\000c\000h\000e\000d\000u\000l\000e}{section.13}% 54
\BOOKMARK [2][-]{subsection.13.2}{\376\377\000F\000l\000o\000o\000d\000\040\000R\000i\000s\000k\000\040\000M\000u\000l\000t\000i\000p\000l\000i\000e\000r\000s}{section.13}% 55
\BOOKMARK [2][-]{subsection.13.3}{\376\377\000L\000T\000V\000\040\000I\000m\000p\000a\000c\000t\000\040\000T\000h\000r\000e\000s\000h\000o\000l\000d\000s}{section.13}% 56
\BOOKMARK [2][-]{subsection.13.4}{\376\377\000D\000e\000f\000a\000u\000l\000t\000\040\000A\000s\000s\000u\000m\000p\000t\000i\000o\000n\000s}{section.13}% 57
\BOOKMARK [1][-]{section.14}{\376\377\000T\000i\000m\000e\000s\000e\000r\000i\000e\000s\000\040\000S\000t\000a\000t\000i\000s\000t\000i\000c\000s\000\040\000\050\000M\000K\000M\000-\000T\000S\000-\0000\0000\0001\000\051}{}% 58
\BOOKMARK [2][-]{subsection.14.1}{\376\377\000S\000t\000a\000t\000i\000s\000t\000i\000c\000a\000l\000\040\000P\000a\000r\000a\000m\000e\000t\000e\000r\000s}{section.14}% 59
\BOOKMARK [2][-]{subsection.14.2}{\376\377\000S\000y\000n\000t\000h\000e\000t\000i\000c\000\040\000W\000a\000t\000e\000r\000\040\000L\000e\000v\000e\000l\000\040\000G\000e\000n\000e\000r\000a\000t\000i\000o\000n}{section.14}% 60
\BOOKMARK [1][-]{section.15}{\376\377\000D\000o\000c\000u\000m\000e\000n\000t\000\040\000H\000i\000s\000t\000o\000r\000y}{}% 61
