This is pdfTeX, Version 3.141592653-2.6-1.40.26 (TeX Live 2024) (preloaded format=pdflatex 2024.8.12)  16 FEB 2026 05:21
entering extended mode
 restricted \write18 enabled.
 %&-line parsing enabled.
**/Users/newdavid/Documents/PhysicalRisk/docs/models/parameter_inventory/parame
ter_inventory.tex

(/Users/newdavid/Documents/PhysicalRisk/docs/models/parameter_inventory/paramet
er_inventory.tex
LaTeX2e <2023-11-01> patch level 1
L3 programming layer <2024-02-20>
(/usr/local/texlive/2024/texmf-dist/tex/latex/base/article.cls
Document Class: article 2023/05/17 v1.4n Standard LaTeX document class
(/usr/local/texlive/2024/texmf-dist/tex/latex/base/size11.clo
File: size11.clo 2023/05/17 v1.4n Standard LaTeX file (size option)
)
\c@part=\count188
\c@section=\count189
\c@subsection=\count190
\c@subsubsection=\count191
\c@paragraph=\count192
\c@subparagraph=\count193
\c@figure=\count194
\c@table=\count195
\abovecaptionskip=\skip48
\belowcaptionskip=\skip49
\bibindent=\dimen140
)
(/Users/newdavid/Documents/PhysicalRisk/docs/models/parameter_inventory/../shar
ed/mkm_header.tex
(/usr/local/texlive/2024/texmf-dist/tex/latex/base/inputenc.sty
Package: inputenc 2021/02/14 v1.3d Input encoding file
\inpenc@prehook=\toks17
\inpenc@posthook=\toks18
)
(/usr/local/texlive/2024/texmf-dist/tex/latex/amsmath/amsmath.sty
Package: amsmath 2023/05/13 v2.17o AMS math features
\@mathmargin=\skip50

For additional information on amsmath, use the `?' option.
(/usr/local/texlive/2024/texmf-dist/tex/latex/amsmath/amstext.sty
Package: amstext 2021/08/26 v2.01 AMS text

(/usr/local/texlive/2024/texmf-dist/tex/latex/amsmath/amsgen.sty
File: amsgen.sty 1999/11/30 v2.0 generic functions
\@emptytoks=\toks19
\ex@=\dimen141
))
(/usr/local/texlive/2024/texmf-dist/tex/latex/amsmath/amsbsy.sty
Package: amsbsy 1999/11/29 v1.2d Bold Symbols
\pmbraise@=\dimen142
)
(/usr/local/texlive/2024/texmf-dist/tex/latex/amsmath/amsopn.sty
Package: amsopn 2022/04/08 v2.04 operator names
)
\inf@bad=\count196
LaTeX Info: Redefining \frac on input line 234.
\uproot@=\count197
\leftroot@=\count198
LaTeX Info: Redefining \overline on input line 399.
LaTeX Info: Redefining \colon on input line 410.
\classnum@=\count199
\DOTSCASE@=\count266
LaTeX Info: Redefining \ldots on input line 496.
LaTeX Info: Redefining \dots on input line 499.
LaTeX Info: Redefining \cdots on input line 620.
\Mathstrutbox@=\box51
\strutbox@=\box52
LaTeX Info: Redefining \big on input line 722.
LaTeX Info: Redefining \Big on input line 723.
LaTeX Info: Redefining \bigg on input line 724.
LaTeX Info: Redefining \Bigg on input line 725.
\big@size=\dimen143
LaTeX Font Info:    Redeclaring font encoding OML on input line 743.
LaTeX Font Info:    Redeclaring font encoding OMS on input line 744.
\macc@depth=\count267
LaTeX Info: Redefining \bmod on input line 905.
LaTeX Info: Redefining \pmod on input line 910.
LaTeX Info: Redefining \smash on input line 940.
LaTeX Info: Redefining \relbar on input line 970.
LaTeX Info: Redefining \Relbar on input line 971.
\c@MaxMatrixCols=\count268
\dotsspace@=\muskip16
\c@parentequation=\count269
\dspbrk@lvl=\count270
\tag@help=\toks20
\row@=\count271
\column@=\count272
\maxfields@=\count273
\andhelp@=\toks21
\eqnshift@=\dimen144
\alignsep@=\dimen145
\tagshift@=\dimen146
\tagwidth@=\dimen147
\totwidth@=\dimen148
\lineht@=\dimen149
\@envbody=\toks22
\multlinegap=\skip51
\multlinetaggap=\skip52
\mathdisplay@stack=\toks23
LaTeX Info: Redefining \[ on input line 2953.
LaTeX Info: Redefining \] on input line 2954.
)
(/usr/local/texlive/2024/texmf-dist/tex/latex/amsfonts/amsfonts.sty
Package: amsfonts 2013/01/14 v3.01 Basic AMSFonts support
\symAMSa=\mathgroup4
\symAMSb=\mathgroup5
LaTeX Font Info:    Redeclaring math symbol \hbar on input line 98.
LaTeX Font Info:    Overwriting math alphabet `\mathfrak' in version `bold'
(Font)                  U/euf/m/n --> U/euf/b/n on input line 106.
)
(/usr/local/texlive/2024/texmf-dist/tex/latex/amsfonts/amssymb.sty
Package: amssymb 2013/01/14 v3.01 AMS font symbols
)
(/usr/local/texlive/2024/texmf-dist/tex/latex/listings/listings.sty
(/usr/local/texlive/2024/texmf-dist/tex/latex/graphics/keyval.sty
Package: keyval 2022/05/29 v1.15 key=value parser (DPC)
\KV@toks@=\toks24
)
\lst@mode=\count274
\lst@gtempboxa=\box53
\lst@token=\toks25
\lst@length=\count275
\lst@currlwidth=\dimen150
\lst@column=\count276
\lst@pos=\count277
\lst@lostspace=\dimen151
\lst@width=\dimen152
\lst@newlines=\count278
\lst@lineno=\count279
\lst@maxwidth=\dimen153

(/usr/local/texlive/2024/texmf-dist/tex/latex/listings/lstpatch.sty
File: lstpatch.sty 2024/02/21 1.10 (Carsten Heinz)
)
(/usr/local/texlive/2024/texmf-dist/tex/latex/listings/lstmisc.sty
File: lstmisc.sty 2024/02/21 1.10 (Carsten Heinz)
\c@lstnumber=\count280
\lst@skipnumbers=\count281
\lst@framebox=\box54
)
(/usr/local/texlive/2024/texmf-dist/tex/latex/listings/listings.cfg
File: listings.cfg 2024/02/21 1.10 listings configuration
))
Package: listings 2024/02/21 1.10 (Carsten Heinz)

(/usr/local/texlive/2024/texmf-dist/tex/latex/graphics/color.sty
Package: color 2022/01/06 v1.3d Standard LaTeX Color (DPC)

(/usr/local/texlive/2024/texmf-dist/tex/latex/graphics-cfg/color.cfg
File: color.cfg 2016/01/02 v1.6 sample color configuration
)
Package color Info: Driver file: pdftex.def on input line 149.

(/usr/local/texlive/2024/texmf-dist/tex/latex/graphics-def/pdftex.def
File: pdftex.def 2022/09/22 v1.2b Graphics/color driver for pdftex
)
(/usr/local/texlive/2024/texmf-dist/tex/latex/graphics/mathcolor.ltx))
(/usr/local/texlive/2024/texmf-dist/tex/latex/xcolor/xcolor.sty
Package: xcolor 2023/11/15 v3.01 LaTeX color extensions (UK)

(/usr/local/texlive/2024/texmf-dist/tex/latex/graphics-cfg/color.cfg
File: color.cfg 2016/01/02 v1.6 sample color configuration
)
Package xcolor Info: Driver file: pdftex.def on input line 274.
LaTeX Info: Redefining \color on input line 758.

(/usr/local/texlive/2024/texmf-dist/tex/latex/graphics/mathcolor.ltx)
Package xcolor Info: Model `cmy' substituted by `cmy0' on input line 1350.
Package xcolor Info: Model `hsb' substituted by `rgb' on input line 1354.
Package xcolor Info: Model `RGB' extended on input line 1366.
Package xcolor Info: Model `HTML' substituted by `rgb' on input line 1368.
Package xcolor Info: Model `Hsb' substituted by `hsb' on input line 1369.
Package xcolor Info: Model `tHsb' substituted by `hsb' on input line 1370.
Package xcolor Info: Model `HSB' substituted by `hsb' on input line 1371.
Package xcolor Info: Model `Gray' substituted by `gray' on input line 1372.
Package xcolor Info: Model `wave' substituted by `hsb' on input line 1373.
)
(/usr/local/texlive/2024/texmf-dist/tex/latex/graphics/graphicx.sty
Package: graphicx 2021/09/16 v1.2d Enhanced LaTeX Graphics (DPC,SPQR)

(/usr/local/texlive/2024/texmf-dist/tex/latex/graphics/graphics.sty
Package: graphics 2022/03/10 v1.4e Standard LaTeX Graphics (DPC,SPQR)

(/usr/local/texlive/2024/texmf-dist/tex/latex/graphics/trig.sty
Package: trig 2021/08/11 v1.11 sin cos tan (DPC)
)
(/usr/local/texlive/2024/texmf-dist/tex/latex/graphics-cfg/graphics.cfg
File: graphics.cfg 2016/06/04 v1.11 sample graphics configuration
)
Package graphics Info: Driver file: pdftex.def on input line 107.
)
\Gin@req@height=\dimen154
\Gin@req@width=\dimen155
)
(/usr/local/texlive/2024/texmf-dist/tex/latex/hyperref/hyperref.sty
Package: hyperref 2024-01-20 v7.01h Hypertext links for LaTeX

(/usr/local/texlive/2024/texmf-dist/tex/generic/iftex/iftex.sty
Package: iftex 2022/02/03 v1.0f TeX engine tests
)
(/usr/local/texlive/2024/texmf-dist/tex/latex/kvsetkeys/kvsetkeys.sty
Package: kvsetkeys 2022-10-05 v1.19 Key value parser (HO)
)
(/usr/local/texlive/2024/texmf-dist/tex/generic/kvdefinekeys/kvdefinekeys.sty
Package: kvdefinekeys 2019-12-19 v1.6 Define keys (HO)
)
(/usr/local/texlive/2024/texmf-dist/tex/generic/pdfescape/pdfescape.sty
Package: pdfescape 2019/12/09 v1.15 Implements pdfTeX's escape features (HO)

(/usr/local/texlive/2024/texmf-dist/tex/generic/ltxcmds/ltxcmds.sty
Package: ltxcmds 2023-12-04 v1.26 LaTeX kernel commands for general use (HO)
)
(/usr/local/texlive/2024/texmf-dist/tex/generic/pdftexcmds/pdftexcmds.sty
Package: pdftexcmds 2020-06-27 v0.33 Utility functions of pdfTeX for LuaTeX (HO
)

(/usr/local/texlive/2024/texmf-dist/tex/generic/infwarerr/infwarerr.sty
Package: infwarerr 2019/12/03 v1.5 Providing info/warning/error messages (HO)
)
Package pdftexcmds Info: \pdf@primitive is available.
Package pdftexcmds Info: \pdf@ifprimitive is available.
Package pdftexcmds Info: \pdfdraftmode found.
))
(/usr/local/texlive/2024/texmf-dist/tex/latex/hycolor/hycolor.sty
Package: hycolor 2020-01-27 v1.10 Color options for hyperref/bookmark (HO)
)
(/usr/local/texlive/2024/texmf-dist/tex/latex/auxhook/auxhook.sty
Package: auxhook 2019-12-17 v1.6 Hooks for auxiliary files (HO)
)
(/usr/local/texlive/2024/texmf-dist/tex/latex/hyperref/nameref.sty
Package: nameref 2023-11-26 v2.56 Cross-referencing by name of section

(/usr/local/texlive/2024/texmf-dist/tex/latex/refcount/refcount.sty
Package: refcount 2019/12/15 v3.6 Data extraction from label references (HO)
)
(/usr/local/texlive/2024/texmf-dist/tex/generic/gettitlestring/gettitlestring.s
ty
Package: gettitlestring 2019/12/15 v1.6 Cleanup title references (HO)
 (/usr/local/texlive/2024/texmf-dist/tex/latex/kvoptions/kvoptions.sty
Package: kvoptions 2022-06-15 v3.15 Key value format for package options (HO)
))
\c@section@level=\count282
)
(/usr/local/texlive/2024/texmf-dist/tex/latex/etoolbox/etoolbox.sty
Package: etoolbox 2020/10/05 v2.5k e-TeX tools for LaTeX (JAW)
\etb@tempcnta=\count283
)
\@linkdim=\dimen156
\Hy@linkcounter=\count284
\Hy@pagecounter=\count285

(/usr/local/texlive/2024/texmf-dist/tex/latex/hyperref/pd1enc.def
File: pd1enc.def 2024-01-20 v7.01h Hyperref: PDFDocEncoding definition (HO)
Now handling font encoding PD1 ...
... no UTF-8 mapping file for font encoding PD1
)
(/usr/local/texlive/2024/texmf-dist/tex/generic/intcalc/intcalc.sty
Package: intcalc 2019/12/15 v1.3 Expandable calculations with integers (HO)
)
\Hy@SavedSpaceFactor=\count286

(/usr/local/texlive/2024/texmf-dist/tex/latex/hyperref/puenc.def
File: puenc.def 2024-01-20 v7.01h Hyperref: PDF Unicode definition (HO)
Now handling font encoding PU ...
... no UTF-8 mapping file for font encoding PU
)
Package hyperref Info: Hyper figures OFF on input line 4179.
Package hyperref Info: Link nesting OFF on input line 4184.
Package hyperref Info: Hyper index ON on input line 4187.
Package hyperref Info: Plain pages OFF on input line 4194.
Package hyperref Info: Backreferencing OFF on input line 4199.
Package hyperref Info: Implicit mode ON; LaTeX internals redefined.
Package hyperref Info: Bookmarks ON on input line 4446.
\c@Hy@tempcnt=\count287

(/usr/local/texlive/2024/texmf-dist/tex/latex/url/url.sty
\Urlmuskip=\muskip17
Package: url 2013/09/16  ver 3.4  Verb mode for urls, etc.
)
LaTeX Info: Redefining \url on input line 4784.
\XeTeXLinkMargin=\dimen157

(/usr/local/texlive/2024/texmf-dist/tex/generic/bitset/bitset.sty
Package: bitset 2019/12/09 v1.3 Handle bit-vector datatype (HO)

(/usr/local/texlive/2024/texmf-dist/tex/generic/bigintcalc/bigintcalc.sty
Package: bigintcalc 2019/12/15 v1.5 Expandable calculations on big integers (HO
)
))
\Fld@menulength=\count288
\Field@Width=\dimen158
\Fld@charsize=\dimen159
Package hyperref Info: Hyper figures OFF on input line 6063.
Package hyperref Info: Link nesting OFF on input line 6068.
Package hyperref Info: Hyper index ON on input line 6071.
Package hyperref Info: backreferencing OFF on input line 6078.
Package hyperref Info: Link coloring OFF on input line 6083.
Package hyperref Info: Link coloring with OCG OFF on input line 6088.
Package hyperref Info: PDF/A mode OFF on input line 6093.

(/usr/local/texlive/2024/texmf-dist/tex/latex/base/atbegshi-ltx.sty
Package: atbegshi-ltx 2021/01/10 v1.0c Emulation of the original atbegshi
package with kernel methods
)
\Hy@abspage=\count289
\c@Item=\count290
\c@Hfootnote=\count291
)
Package hyperref Info: Driver (autodetected): hpdftex.

(/usr/local/texlive/2024/texmf-dist/tex/latex/hyperref/hpdftex.def
File: hpdftex.def 2024-01-20 v7.01h Hyperref driver for pdfTeX

(/usr/local/texlive/2024/texmf-dist/tex/latex/base/atveryend-ltx.sty
Package: atveryend-ltx 2020/08/19 v1.0a Emulation of the original atveryend pac
kage
with kernel methods
)
\Fld@listcount=\count292
\c@bookmark@seq@number=\count293

(/usr/local/texlive/2024/texmf-dist/tex/latex/rerunfilecheck/rerunfilecheck.sty
Package: rerunfilecheck 2022-07-10 v1.10 Rerun checks for auxiliary files (HO)

(/usr/local/texlive/2024/texmf-dist/tex/generic/uniquecounter/uniquecounter.sty
Package: uniquecounter 2019/12/15 v1.4 Provide unlimited unique counter (HO)
)
Package uniquecounter Info: New unique counter `rerunfilecheck' on input line 2
85.
)
\Hy@SectionHShift=\skip53
) (/usr/local/texlive/2024/texmf-dist/tex/latex/appendix/appendix.sty
Package: appendix 2020/02/08 v1.2c extra appendix facilities
\c@@pps=\count294
\c@@ppsavesec=\count295
\c@@ppsaveapp=\count296
)
(/usr/local/texlive/2024/texmf-dist/tex/latex/tabto-ltx/tabto.sty
Package: tabto 2018/12/28  v 1.4  Another tabbing mechanism
\CurrentLineWidth=\dimen160
\TabPrevPos=\dimen161
)
(/usr/local/texlive/2024/texmf-dist/tex/latex/float/float.sty
Package: float 2001/11/08 v1.3d Float enhancements (AL)
\c@float@type=\count297
\float@exts=\toks26
\float@box=\box55
\@float@everytoks=\toks27
\@floatcapt=\box56
)
(/usr/local/texlive/2024/texmf-dist/tex/latex/comment/comment.sty
\CommentStream=\write3

Excluding comment 'comment')
(/usr/local/texlive/2024/texmf-dist/tex/latex/datetime2/datetime2.sty
Package: datetime2 2021/03/21 v1.5.7 (NLCT) date and time formats

(/usr/local/texlive/2024/texmf-dist/tex/latex/tracklang/tracklang.sty
Package: tracklang 2022/12/13 v1.6.1 (NLCT) Track Languages

(/usr/local/texlive/2024/texmf-dist/tex/generic/tracklang/tracklang.tex))
(/usr/local/texlive/2024/texmf-dist/tex/latex/xkeyval/xkeyval.sty
Package: xkeyval 2022/06/16 v2.9 package option processing (HA)

(/usr/local/texlive/2024/texmf-dist/tex/generic/xkeyval/xkeyval.tex
(/usr/local/texlive/2024/texmf-dist/tex/generic/xkeyval/xkvutils.tex
\XKV@toks=\toks28
\XKV@tempa@toks=\toks29
)
\XKV@depth=\count298
File: xkeyval.tex 2014/12/03 v2.7a key=value parser (HA)
))
(/usr/local/texlive/2024/texmf-dist/tex/latex/datetime2-english/datetime2-en-GB
.ldf
File: datetime2-en-GB.ldf 2019/10/21 v1.05 (NLCT)

(/usr/local/texlive/2024/texmf-dist/tex/latex/datetime2-english/datetime2-engli
sh-base.ldf
File: datetime2-english-base.ldf 2019/10/21 v1.05 (NLCT)
)))
(/usr/local/texlive/2024/texmf-dist/tex/latex/setspace/setspace.sty
Package: setspace 2022/12/04 v6.7b set line spacing
)
(/usr/local/texlive/2024/texmf-dist/tex/latex/caption/subcaption.sty
Package: subcaption 2023/07/28 v1.6b Sub-captions (AR)

(/usr/local/texlive/2024/texmf-dist/tex/latex/caption/caption.sty
Package: caption 2023/08/05 v3.6o Customizing captions (AR)

(/usr/local/texlive/2024/texmf-dist/tex/latex/caption/caption3.sty
Package: caption3 2023/07/31 v2.4d caption3 kernel (AR)
\caption@tempdima=\dimen162
\captionmargin=\dimen163
\caption@leftmargin=\dimen164
\caption@rightmargin=\dimen165
\caption@width=\dimen166
\caption@indent=\dimen167
\caption@parindent=\dimen168
\caption@hangindent=\dimen169
Package caption Info: Standard document class detected.
)
\c@caption@flags=\count299
\c@continuedfloat=\count300
Package caption Info: float package is loaded.
Package caption Info: hyperref package is loaded.
Package caption Info: listings package is loaded.
)
Package caption Info: New subtype `subfigure' on input line 238.
\c@subfigure=\count301
Package caption Info: New subtype `subtable' on input line 238.
\c@subtable=\count302
)
(/usr/local/texlive/2024/texmf-dist/tex/latex/booktabs/booktabs.sty
Package: booktabs 2020/01/12 v1.61803398 Publication quality tables
\heavyrulewidth=\dimen170
\lightrulewidth=\dimen171
\cmidrulewidth=\dimen172
\belowrulesep=\dimen173
\belowbottomsep=\dimen174
\aboverulesep=\dimen175
\abovetopsep=\dimen176
\cmidrulesep=\dimen177
\cmidrulekern=\dimen178
\defaultaddspace=\dimen179
\@cmidla=\count303
\@cmidlb=\count304
\@aboverulesep=\dimen180
\@belowrulesep=\dimen181
\@thisruleclass=\count305
\@lastruleclass=\count306
\@thisrulewidth=\dimen182
)
(/usr/local/texlive/2024/texmf-dist/tex/latex/tools/longtable.sty
Package: longtable 2023-11-01 v4.19 Multi-page Table package (DPC)
\LTleft=\skip54
\LTright=\skip55
\LTpre=\skip56
\LTpost=\skip57
\LTchunksize=\count307
\LTcapwidth=\dimen183
\LT@head=\box57
\LT@firsthead=\box58
\LT@foot=\box59
\LT@lastfoot=\box60
\LT@gbox=\box61
\LT@cols=\count308
\LT@rows=\count309
\c@LT@tables=\count310
\c@LT@chunks=\count311
\LT@p@ftn=\toks30
)
(/usr/local/texlive/2024/texmf-dist/tex/latex/adjustbox/adjustbox.sty
Package: adjustbox 2022/10/17 v1.3a Adjusting TeX boxes (trim, clip, ...)

(/usr/local/texlive/2024/texmf-dist/tex/latex/adjustbox/adjcalc.sty
Package: adjcalc 2012/05/16 v1.1 Provides advanced setlength with multiple back
-ends (calc, etex, pgfmath)
)
(/usr/local/texlive/2024/texmf-dist/tex/latex/adjustbox/trimclip.sty
Package: trimclip 2020/08/19 v1.2 Trim and clip general TeX material

(/usr/local/texlive/2024/texmf-dist/tex/latex/collectbox/collectbox.sty
Package: collectbox 2022/10/17 v0.4c Collect macro arguments as boxes
\collectedbox=\box62
)
\tc@llx=\dimen184
\tc@lly=\dimen185
\tc@urx=\dimen186
\tc@ury=\dimen187
Package trimclip Info: Using driver 'tc-pdftex.def'.

(/usr/local/texlive/2024/texmf-dist/tex/latex/adjustbox/tc-pdftex.def
File: tc-pdftex.def 2019/01/04 v2.2 Clipping driver for pdftex
))
\adjbox@Width=\dimen188
\adjbox@Height=\dimen189
\adjbox@Depth=\dimen190
\adjbox@Totalheight=\dimen191
\adjbox@pwidth=\dimen192
\adjbox@pheight=\dimen193
\adjbox@pdepth=\dimen194
\adjbox@ptotalheight=\dimen195

(/usr/local/texlive/2024/texmf-dist/tex/latex/ifoddpage/ifoddpage.sty
Package: ifoddpage 2022/10/18 v1.2 Conditionals for odd/even page detection
\c@checkoddpage=\count312
)
(/usr/local/texlive/2024/texmf-dist/tex/latex/varwidth/varwidth.sty
Package: varwidth 2009/03/30 ver 0.92;  Variable-width minipages
\@vwid@box=\box63
\sift@deathcycles=\count313
\@vwid@loff=\dimen196
\@vwid@roff=\dimen197
))
(/usr/local/texlive/2024/texmf-dist/tex/latex/enumitem/enumitem.sty
Package: enumitem 2019/06/20 v3.9 Customized lists
\labelindent=\skip58
\enit@outerparindent=\dimen198
\enit@toks=\toks31
\enit@inbox=\box64
\enit@count@id=\count314
\enitdp@description=\count315
)
(/usr/local/texlive/2024/texmf-dist/tex/latex/fancyhdr/fancyhdr.sty
Package: fancyhdr 2022/11/09 v4.1 Extensive control of page headers and footers

\f@nch@headwidth=\skip59
\f@nch@O@elh=\skip60
\f@nch@O@erh=\skip61
\f@nch@O@olh=\skip62
\f@nch@O@orh=\skip63
\f@nch@O@elf=\skip64
\f@nch@O@erf=\skip65
\f@nch@O@olf=\skip66
\f@nch@O@orf=\skip67
)
(/usr/local/texlive/2024/texmf-dist/tex/latex/lastpage/lastpage.sty
Package: lastpage 2023/10/14 v2.0e lastpage: 2.09 or 2e? (HMM)

(/usr/local/texlive/2024/texmf-dist/tex/latex/lastpage/lastpage2e.sty
Package: lastpage2e 2023/10/14 v2.0e Decide which 2e lastpage version to use (H
MM)

(/usr/local/texlive/2024/texmf-dist/tex/latex/lastpage/lastpagemodern.sty
Package: lastpagemodern 2023-10-14 v2.0e Refers to last page's name (HMM; JPG)
\c@lastpagecount=\count316
) 
)) (/usr/local/texlive/2024/texmf-dist/tex/latex/geometry/geometry.sty
Package: geometry 2020/01/02 v5.9 Page Geometry

(/usr/local/texlive/2024/texmf-dist/tex/generic/iftex/ifvtex.sty
Package: ifvtex 2019/10/25 v1.7 ifvtex legacy package. Use iftex instead.
)
\Gm@cnth=\count317
\Gm@cntv=\count318
\c@Gm@tempcnt=\count319
\Gm@bindingoffset=\dimen199
\Gm@wd@mp=\dimen256
\Gm@odd@mp=\dimen257
\Gm@even@mp=\dimen258
\Gm@layoutwidth=\dimen259
\Gm@layoutheight=\dimen260
\Gm@layouthoffset=\dimen261
\Gm@layoutvoffset=\dimen262
\Gm@dimlist=\toks32
)

Package geometry Warning: Over-specification in `v'-direction.
    `height' (702.78307pt) is ignored.

Package hyperref Info: Option `colorlinks' set `true' on input line 60.
) (/usr/local/texlive/2024/texmf-dist/tex/latex/l3backend/l3backend-pdftex.def
File: l3backend-pdftex.def 2024-02-20 L3 backend support: PDF output (pdfTeX)
\l__color_backend_stack_int=\count320
\l__pdf_internal_box=\box65
)
(/Users/newdavid/Documents/PhysicalRisk/docs/models/parameter_inventory/paramet
er_inventory.aux)
\openout1 = `parameter_inventory.aux'.

LaTeX Font Info:    Checking defaults for OML/cmm/m/it on input line 9.
LaTeX Font Info:    ... okay on input line 9.
LaTeX Font Info:    Checking defaults for OMS/cmsy/m/n on input line 9.
LaTeX Font Info:    ... okay on input line 9.
LaTeX Font Info:    Checking defaults for OT1/cmr/m/n on input line 9.
LaTeX Font Info:    ... okay on input line 9.
LaTeX Font Info:    Checking defaults for T1/cmr/m/n on input line 9.
LaTeX Font Info:    ... okay on input line 9.
LaTeX Font Info:    Checking defaults for TS1/cmr/m/n on input line 9.
LaTeX Font Info:    ... okay on input line 9.
LaTeX Font Info:    Checking defaults for OMX/cmex/m/n on input line 9.
LaTeX Font Info:    ... okay on input line 9.
LaTeX Font Info:    Checking defaults for U/cmr/m/n on input line 9.
LaTeX Font Info:    ... okay on input line 9.
LaTeX Font Info:    Checking defaults for PD1/pdf/m/n on input line 9.
LaTeX Font Info:    ... okay on input line 9.
LaTeX Font Info:    Checking defaults for PU/pdf/m/n on input line 9.
LaTeX Font Info:    ... okay on input line 9.
\c@lstlisting=\count321

(/usr/local/texlive/2024/texmf-dist/tex/context/base/mkii/supp-pdf.mkii
[Loading MPS to PDF converter (version 2006.09.02).]
\scratchcounter=\count322
\scratchdimen=\dimen263
\scratchbox=\box66
\nofMPsegments=\count323
\nofMParguments=\count324
\everyMPshowfont=\toks33
\MPscratchCnt=\count325
\MPscratchDim=\dimen264
\MPnumerator=\count326
\makeMPintoPDFobject=\count327
\everyMPtoPDFconversion=\toks34
) (/usr/local/texlive/2024/texmf-dist/tex/latex/epstopdf-pkg/epstopdf-base.sty
Package: epstopdf-base 2020-01-24 v2.11 Base part for package epstopdf
Package epstopdf-base Info: Redefining graphics rule for `.eps' on input line 4
85.

(/usr/local/texlive/2024/texmf-dist/tex/latex/latexconfig/epstopdf-sys.cfg
File: epstopdf-sys.cfg 2010/07/13 v1.3 Configuration of (r)epstopdf for TeX Liv
e
))
Package hyperref Info: Link coloring ON on input line 9.

(/Users/newdavid/Documents/PhysicalRisk/docs/models/parameter_inventory/paramet
er_inventory.out)
(/Users/newdavid/Documents/PhysicalRisk/docs/models/parameter_inventory/paramet
er_inventory.out)
\@outlinefile=\write4
\openout4 = `parameter_inventory.out'.

Package caption Info: Begin \AtBeginDocument code.
Package caption Info: longtable package is loaded.

(/usr/local/texlive/2024/texmf-dist/tex/latex/caption/ltcaption.sty
Package: ltcaption 2021/01/08 v1.4c longtable captions (AR)
)
Package caption Info: End \AtBeginDocument code.

*geometry* driver: auto-detecting
*geometry* detected driver: pdftex
*geometry* verbose mode - [ preamble ] result:
* driver: pdftex
* paper: a4paper
* layout: <same size as paper>
* layoutoffset:(h,v)=(0.0pt,0.0pt)
* modes: 
* h-part:(L,W,R)=(56.9055pt, 483.69684pt, 56.90553pt)
* v-part:(T,H,B)=(71.13188pt, 702.78308pt, 71.13188pt)
* \paperwidth=597.50787pt
* \paperheight=845.04684pt
* \textwidth=483.69684pt
* \textheight=702.78308pt
* \oddsidemargin=-15.36449pt
* \evensidemargin=-15.36449pt
* \topmargin=-38.1381pt
* \headheight=12.0pt
* \headsep=25.0pt
* \topskip=11.0pt
* \footskip=30.0pt
* \marginparwidth=50.0pt
* \marginparsep=10.0pt
* \columnsep=10.0pt
* \skip\footins=10.0pt plus 4.0pt minus 2.0pt
* \hoffset=0.0pt
* \voffset=0.0pt
* \mag=1000
* \@twocolumnfalse
* \@twosidefalse
* \@mparswitchfalse
* \@reversemarginfalse
* (1in=72.27pt=25.4mm, 1cm=28.453pt)

<../shared/Logos/MKM_logo.png, id=249, 105.339pt x 38.982pt>
File: ../shared/Logos/MKM_logo.png Graphic file (type png)
<use ../shared/Logos/MKM_logo.png>
Package pdftex.def Info: ../shared/Logos/MKM_logo.png  used on input line 10.
(pdftex.def)             Requested size: 193.47577pt x 71.60518pt.
[1

{/usr/local/texlive/2024/texmf-var/fonts/map/pdftex/updmap/pdftex.map} </Users/
newdavid/Documents/PhysicalRisk/docs/models/parameter_inventory/../shared/Logos
/MKM_logo.png>]
pdfTeX warning (ext4): destination with the same identifier (name{page.1}) has 
been already used, duplicate ignored
<to be read again> 
                   \relax 
l.11 \mkmlegalpage
                   [1

{/usr/local/texlive/2024/texmf-dist/fonts/enc/dvips/cm-super/cm-super-ts1.enc}]

(/Users/newdavid/Documents/PhysicalRisk/docs/models/parameter_inventory/paramet
er_inventory.toc
LaTeX Font Info:    Trying to load font information for U+msa on input line 2.
 (/usr/local/texlive/2024/texmf-dist/tex/latex/amsfonts/umsa.fd
File: umsa.fd 2013/01/14 v3.01 AMS symbols A
)
LaTeX Font Info:    Trying to load font information for U+msb on input line 2.
 (/usr/local/texlive/2024/texmf-dist/tex/latex/amsfonts/umsb.fd
File: umsb.fd 2013/01/14 v3.01 AMS symbols B
) [2

])
\tf@toc=\write5
\openout5 = `parameter_inventory.toc'.

 [3]
[4

]
Overfull \hbox (47.99998pt too wide) in alignment at lines 39--43
 [] [] [] [] 
 []


Overfull \hbox (47.99998pt too wide) in alignment at lines 43--47
 [] [] [] [] 
 []


Overfull \hbox (47.99998pt too wide) in alignment at lines 47--49
 [] [] [] [] 
 []


Overfull \hbox (3.69215pt too wide) in paragraph at lines 50--50
[]|\OT1/cmtt/m/n/10.95 MODEL[]UNCERTAINTY[]BPS| 
 []


Overfull \hbox (13.97697pt too wide) in paragraph at lines 50--51
[]|\OT1/cmtt/m/n/8 hazard/prs[]analytical.py:20| 
 []


Overfull \hbox (17.71895pt too wide) in paragraph at lines 51--51
[]|\OT1/cmtt/m/n/10.95 DISTANCE[]RATE[]BPS[]PER[]KM| 
 []


Overfull \hbox (13.97697pt too wide) in paragraph at lines 51--52
[]|\OT1/cmtt/m/n/8 hazard/prs[]analytical.py:46| 
 []


Overfull \hbox (13.97697pt too wide) in paragraph at lines 52--53
[]|\OT1/cmtt/m/n/8 hazard/prs[]analytical.py:47| 
 []


Overfull \hbox (13.97697pt too wide) in paragraph at lines 53--54
[]|\OT1/cmtt/m/n/8 hazard/prs[]analytical.py:48| 
 []


Overfull \hbox (17.71895pt too wide) in paragraph at lines 54--54
[]|\OT1/cmtt/m/n/10.95 ELEVATION[]RATE[]BPS[]PER[]M| 
 []


Overfull \hbox (13.97697pt too wide) in paragraph at lines 54--55
[]|\OT1/cmtt/m/n/8 hazard/prs[]analytical.py:51| 
 []


Overfull \hbox (25.07727pt too wide) in paragraph at lines 55--55
[]|\OT1/cmtt/m/n/10.95 ELEVATION[]MAX[]BENEFIT[]BPS| 
 []


Overfull \hbox (13.97697pt too wide) in paragraph at lines 55--56
[]|\OT1/cmtt/m/n/8 hazard/prs[]analytical.py:52| 
 []


Overfull \hbox (13.97697pt too wide) in paragraph at lines 56--57
[]|\OT1/cmtt/m/n/8 hazard/prs[]analytical.py:62| 
 []


Overfull \hbox (20.93822pt too wide) in paragraph at lines 57--57
[]|\OT1/cmtt/m/n/10.95 CONSTRUCTION[]YEAR[]CUTOFF| 
 []


Overfull \hbox (13.97697pt too wide) in paragraph at lines 57--58
[]|\OT1/cmtt/m/n/8 hazard/prs[]analytical.py:43| 
 []


Overfull \hbox (47.99998pt too wide) in alignment at lines 49--58
 [] [] [] [] 
 []


Overfull \hbox (47.99998pt too wide) in alignment at lines 62--66
 [] [] [] [] 
 []


Overfull \hbox (47.99998pt too wide) in alignment at lines 66--70
 [] [] [] [] 
 []


Overfull \hbox (47.99998pt too wide) in alignment at lines 70--72
 [] [] [] [] 
 []


Overfull \hbox (26.72716pt too wide) in paragraph at lines 73--74
[]|\OT1/cmtt/m/n/8 hazard/prs[]analytical.py:23-30| 
 []


Overfull \hbox (26.72716pt too wide) in paragraph at lines 74--75
[]|\OT1/cmtt/m/n/8 hazard/prs[]analytical.py:23-30| 
 []


Overfull \hbox (26.72716pt too wide) in paragraph at lines 75--76
[]|\OT1/cmtt/m/n/8 hazard/prs[]analytical.py:23-30| 
 []


Overfull \hbox (26.72716pt too wide) in paragraph at lines 76--77
[]|\OT1/cmtt/m/n/8 hazard/prs[]analytical.py:23-30| 
 []


Overfull \hbox (47.99998pt too wide) in alignment at lines 72--77
 [] [] [] [] 
 []


Overfull \hbox (47.99998pt too wide) in alignment at lines 81--85
 [] [] [] [] 
 []


Overfull \hbox (47.99998pt too wide) in alignment at lines 85--89
 [] [] [] [] 
 []


Overfull \hbox (47.99998pt too wide) in alignment at lines 89--91
 [] [] [] [] 
 []


Overfull \hbox (26.72716pt too wide) in paragraph at lines 92--93
[]|\OT1/cmtt/m/n/8 hazard/prs[]analytical.py:33-40| 
 []


Overfull \hbox (26.72716pt too wide) in paragraph at lines 93--94
[]|\OT1/cmtt/m/n/8 hazard/prs[]analytical.py:33-40| 
 []


Overfull \hbox (26.72716pt too wide) in paragraph at lines 94--95
[]|\OT1/cmtt/m/n/8 hazard/prs[]analytical.py:33-40| 
 []


Underfull \hbox (badness 10000) in paragraph at lines 95--95
[]|\OT1/cmtt/m/n/10.95 Semi-detached /
 []


Overfull \hbox (26.72716pt too wide) in paragraph at lines 95--96
[]|\OT1/cmtt/m/n/8 hazard/prs[]analytical.py:33-40| 
 []


Overfull \hbox (47.99998pt too wide) in alignment at lines 91--96
 [] [] [] [] 
 []


Overfull \hbox (47.99998pt too wide) in alignment at lines 100--104
 [] [] [] [] 
 []


Overfull \hbox (47.99998pt too wide) in alignment at lines 104--108
 [] [] [] [] 
 []


Overfull \hbox (47.99998pt too wide) in alignment at lines 108--110
 [] [] [] [] 
 []


Overfull \hbox (26.72716pt too wide) in paragraph at lines 111--112
[]|\OT1/cmtt/m/n/8 hazard/prs[]analytical.py:55-59| 
 []


Overfull \hbox (26.72716pt too wide) in paragraph at lines 112--113
[]|\OT1/cmtt/m/n/8 hazard/prs[]analytical.py:55-59| 
 []


Overfull \hbox (26.72716pt too wide) in paragraph at lines 113--114
[]|\OT1/cmtt/m/n/8 hazard/prs[]analytical.py:55-59| 
 []


Overfull \hbox (47.99998pt too wide) in alignment at lines 110--114
 [] [] [] [] 
 []

[5

]
Overfull \hbox (47.99998pt too wide) in alignment at lines 118--122
 [] [] [] [] 
 []


Overfull \hbox (47.99998pt too wide) in alignment at lines 122--126
 [] [] [] [] 
 []


Overfull \hbox (47.99998pt too wide) in alignment at lines 126--128
 [] [] [] [] 
 []


Overfull \hbox (13.97697pt too wide) in paragraph at lines 129--130
[]|\OT1/cmtt/m/n/8 hazard/prs[]analytical.py:97| 
 []


Overfull \hbox (7.8312pt too wide) in paragraph at lines 130--130
[]|\OT1/cmtt/m/n/10.95 max[]annual[]hazard[]rate| 
 []


Overfull \hbox (13.97697pt too wide) in paragraph at lines 130--131
[]|\OT1/cmtt/m/n/8 hazard/prs[]analytical.py:95| 
 []


Overfull \hbox (47.99998pt too wide) in alignment at lines 128--131
 [] [] [] [] 
 []

[6]
Overfull \hbox (47.99998pt too wide) in alignment at lines 141--145
 [] [] [] [] 
 []


Overfull \hbox (47.99998pt too wide) in alignment at lines 145--149
 [] [] [] [] 
 []


Overfull \hbox (47.99998pt too wide) in alignment at lines 149--151
 [] [] [] [] 
 []


Overfull \hbox (15.84697pt too wide) in paragraph at lines 152--153
[]|\OT1/cmtt/m/n/8 prs[]with[]hazard[]curve.py:131| 
 []


Overfull \hbox (15.84697pt too wide) in paragraph at lines 153--154
[]|\OT1/cmtt/m/n/8 prs[]with[]hazard[]curve.py:132| 
 []


Overfull \hbox (15.84697pt too wide) in paragraph at lines 154--155
[]|\OT1/cmtt/m/n/8 prs[]with[]hazard[]curve.py:133| 
 []


Overfull \hbox (15.84697pt too wide) in paragraph at lines 155--156
[]|\OT1/cmtt/m/n/8 prs[]with[]hazard[]curve.py:134| 
 []

LaTeX Font Info:    Trying to load font information for OMS+cmr on input line 1
56.
(/usr/local/texlive/2024/texmf-dist/tex/latex/base/omscmr.fd
File: omscmr.fd 2023/04/13 v2.5m Standard LaTeX font definitions
)
LaTeX Font Info:    Font shape `OMS/cmr/m/n' in size <10.95> not available
(Font)              Font shape `OMS/cmsy/m/n' tried instead on input line 156.

Overfull \hbox (15.84697pt too wide) in paragraph at lines 156--157
[]|\OT1/cmtt/m/n/8 prs[]with[]hazard[]curve.py:135| 
 []


Underfull \hbox (badness 10000) in paragraph at lines 157--157
[]|\OT1/cmtt/m/n/10.95 implied[]hazard[]rate
 []


Overfull \hbox (11.59691pt too wide) in paragraph at lines 157--158
[]|\OT1/cmtt/m/n/8 prs[]with[]hazard[]curve.py:83| 
 []


Overfull \hbox (47.99998pt too wide) in alignment at lines 151--158
 [] [] [] [] 
 []


Overfull \hbox (47.99998pt too wide) in alignment at lines 162--166
 [] [] [] [] 
 []


Overfull \hbox (47.99998pt too wide) in alignment at lines 166--170
 [] [] [] [] 
 []


Overfull \hbox (47.99998pt too wide) in alignment at lines 170--172
 [] [] [] [] 
 []


Overfull \hbox (15.84697pt too wide) in paragraph at lines 173--174
[]|\OT1/cmtt/m/n/8 prs[]with[]hazard[]curve.py:194| 
 []


Overfull \hbox (15.84697pt too wide) in paragraph at lines 174--175
[]|\OT1/cmtt/m/n/8 prs[]with[]hazard[]curve.py:182| 
 []


Overfull \hbox (15.84697pt too wide) in paragraph at lines 175--176
[]|\OT1/cmtt/m/n/8 prs[]with[]hazard[]curve.py:184| 
 []


Underfull \hbox (badness 10000) in paragraph at lines 176--176
[]|\OT1/cmtt/m/n/10.95 Business day
 []


Overfull \hbox (15.84697pt too wide) in paragraph at lines 176--177
[]|\OT1/cmtt/m/n/8 prs[]with[]hazard[]curve.py:183| 
 []


Underfull \hbox (badness 10000) in paragraph at lines 177--177
[]|\OT1/cmtt/m/n/10.95 Date generation
 []


Overfull \hbox (15.84697pt too wide) in paragraph at lines 177--178
[]|\OT1/cmtt/m/n/8 prs[]with[]hazard[]curve.py:198| 
 []


Overfull \hbox (47.99998pt too wide) in alignment at lines 172--178
 [] [] [] [] 
 []

[7

]
Overfull \hbox (47.99998pt too wide) in alignment at lines 188--192
 [] [] [] [] 
 []


Overfull \hbox (47.99998pt too wide) in alignment at lines 192--196
 [] [] [] [] 
 []


Overfull \hbox (47.99998pt too wide) in alignment at lines 196--198
 [] [] [] [] 
 []


Underfull \hbox (badness 10000) in paragraph at lines 201--201
[]|\OT1/cmtt/m/n/10.95 exceedance[]prob
 []


Overfull \hbox (47.99998pt too wide) in alignment at lines 198--202
 [] [] [] [] 
 []


Overfull \hbox (47.99998pt too wide) in alignment at lines 206--210
 [] [] [] [] 
 []


Overfull \hbox (47.99998pt too wide) in alignment at lines 210--214
 [] [] [] [] 
 []


Overfull \hbox (47.99998pt too wide) in alignment at lines 214--216
 [] [] [] [] 
 []


Overfull \hbox (47.99998pt too wide) in alignment at lines 216--218
 [] [] [] [] 
 []

[8

]
Overfull \hbox (47.99998pt too wide) in alignment at lines 228--232
 [] [] [] [] 
 []


Overfull \hbox (47.99998pt too wide) in alignment at lines 232--236
 [] [] [] [] 
 []


Overfull \hbox (47.99998pt too wide) in alignment at lines 236--238
 [] [] [] [] 
 []


Overfull \hbox (13.97697pt too wide) in paragraph at lines 239--240
[]|\OT1/cmtt/m/n/8 hazard/response[]model.py:42| 
 []


Overfull \hbox (13.97697pt too wide) in paragraph at lines 240--241
[]|\OT1/cmtt/m/n/8 hazard/response[]model.py:43| 
 []


Overfull \hbox (13.97697pt too wide) in paragraph at lines 241--242
[]|\OT1/cmtt/m/n/8 hazard/response[]model.py:44| 
 []


Overfull \hbox (47.99998pt too wide) in alignment at lines 238--242
 [] [] [] [] 
 []


Overfull \hbox (47.99998pt too wide) in alignment at lines 246--250
 [] [] [] [] 
 []


Overfull \hbox (47.99998pt too wide) in alignment at lines 250--254
 [] [] [] [] 
 []


Overfull \hbox (47.99998pt too wide) in alignment at lines 254--256
 [] [] [] [] 
 []


Overfull \hbox (13.97697pt too wide) in paragraph at lines 257--258
[]|\OT1/cmtt/m/n/8 hazard/response[]model.py:59| 
 []


Underfull \hbox (badness 10000) in paragraph at lines 258--258
[]|\OT1/cmtt/m/n/10.95 response[]coef
 []


Overfull \hbox (13.97697pt too wide) in paragraph at lines 258--259
[]|\OT1/cmtt/m/n/8 hazard/response[]model.py:60| 
 []


Underfull \hbox (badness 10000) in paragraph at lines 259--259
[]|\OT1/cmtt/m/n/10.95 precip[]factor
 []


Underfull \hbox (badness 10000) in paragraph at lines 259--259
[]|\OT1/cmr/m/n/10.95 Precipitation nor-mal-i-sa-tion
 []


Overfull \hbox (13.97697pt too wide) in paragraph at lines 259--260
[]|\OT1/cmtt/m/n/8 hazard/response[]model.py:78| 
 []


Overfull \hbox (13.97697pt too wide) in paragraph at lines 260--261
[]|\OT1/cmtt/m/n/8 hazard/response[]model.py:79| 
 []


Overfull \hbox (13.97697pt too wide) in paragraph at lines 261--262
[]|\OT1/cmtt/m/n/8 hazard/response[]model.py:89| 
 []


Overfull \hbox (47.99998pt too wide) in alignment at lines 256--262
 [] [] [] [] 
 []


Overfull \hbox (47.99998pt too wide) in alignment at lines 266--270
 [] [] [] [] 
 []


Overfull \hbox (47.99998pt too wide) in alignment at lines 270--274
 [] [] [] [] 
 []


Overfull \hbox (47.99998pt too wide) in alignment at lines 274--276
 [] [] [] [] 
 []


Overfull \hbox (19.32858pt too wide) in paragraph at lines 277--277
[]|\OT1/cmtt/m/n/10.95 intensity[]to[]level[]scale| 
 []


Underfull \hbox (badness 10000) in paragraph at lines 277--277
[]|\OT1/cmr/m/n/10.95 Intensity-to-level con-ver-sion
 []


Overfull \hbox (26.72716pt too wide) in paragraph at lines 277--278
[]|\OT1/cmtt/m/n/8 stormgauge/forward[]model.py:42| 
 []


Overfull \hbox (3.69215pt too wide) in paragraph at lines 278--278
[]|\OT1/cmtt/m/n/10.95 time[]resolution[]hours| 
 []


Overfull \hbox (26.72716pt too wide) in paragraph at lines 278--279
[]|\OT1/cmtt/m/n/8 stormgauge/forward[]model.py:43| 
 []


Overfull \hbox (26.72716pt too wide) in paragraph at lines 279--280
[]|\OT1/cmtt/m/n/8 stormgauge/forward[]model.py:44| 
 []


Overfull \hbox (26.72716pt too wide) in paragraph at lines 280--281
[]|\OT1/cmtt/m/n/8 stormgauge/forward[]model.py:45| 
 []


Underfull \hbox (badness 10000) in paragraph at lines 281--281
[]|\OT1/cmtt/m/n/10.95 gamma (intensity
 []


Overfull \hbox (30.97722pt too wide) in paragraph at lines 281--282
[]|\OT1/cmtt/m/n/8 stormgauge/forward[]model.py:195| 
 []


Underfull \hbox (badness 10000) in paragraph at lines 282--282
[]|\OT1/cmtt/m/n/10.95 rise limb
 []


Overfull \hbox (30.97722pt too wide) in paragraph at lines 282--283
[]|\OT1/cmtt/m/n/8 stormgauge/forward[]model.py:244| 
 []


Overfull \hbox (26.72716pt too wide) in paragraph at lines 283--284
[]|\OT1/cmtt/m/n/8 stormgauge/forward[]model.py:54| 
 []


Overfull \hbox (47.99998pt too wide) in alignment at lines 276--284
 [] [] [] [] 
 []

[9

]
Overfull \hbox (47.99998pt too wide) in alignment at lines 294--298
 [] [] [] [] 
 []


Overfull \hbox (47.99998pt too wide) in alignment at lines 298--302
 [] [] [] [] 
 []


Overfull \hbox (47.99998pt too wide) in alignment at lines 302--304
 [] [] [] [] 
 []


Overfull \hbox (19.41707pt too wide) in paragraph at lines 305--306
[]|\OT1/cmtt/m/n/8 intensity/distribution.py:33| 
 []


Overfull \hbox (19.41707pt too wide) in paragraph at lines 306--307
[]|\OT1/cmtt/m/n/8 intensity/distribution.py:34| 
 []


Overfull \hbox (19.41707pt too wide) in paragraph at lines 307--308
[]|\OT1/cmtt/m/n/8 intensity/distribution.py:35| 
 []


Underfull \hbox (badness 2671) in paragraph at lines 308--308
[]|\OT1/cmr/m/n/10.95 Pareto tail in-dex (heav-ier =
 []


Overfull \hbox (19.41707pt too wide) in paragraph at lines 308--309
[]|\OT1/cmtt/m/n/8 intensity/distribution.py:36| 
 []


Overfull \hbox (19.41707pt too wide) in paragraph at lines 309--310
[]|\OT1/cmtt/m/n/8 intensity/distribution.py:37| 
 []


Overfull \hbox (19.41707pt too wide) in paragraph at lines 310--311
[]|\OT1/cmtt/m/n/8 intensity/distribution.py:38| 
 []


Overfull \hbox (47.99998pt too wide) in alignment at lines 304--311
 [] [] [] [] 
 []


Overfull \hbox (47.99998pt too wide) in alignment at lines 315--319
 [] [] [] [] 
 []


Overfull \hbox (47.99998pt too wide) in alignment at lines 319--323
 [] [] [] [] 
 []


Overfull \hbox (47.99998pt too wide) in alignment at lines 323--325
 [] [] [] [] 
 []


Underfull \hbox (badness 10000) in paragraph at lines 326--326
[]|\OT1/cmr/m/n/10.95 mean=40, std=12,
 []


Overfull \hbox (23.66713pt too wide) in paragraph at lines 326--327
[]|\OT1/cmtt/m/n/8 intensity/parameters.py:43-50| 
 []


Underfull \hbox (badness 10000) in paragraph at lines 327--327
[]|\OT1/cmr/m/n/10.95 mean=45, std=15,
 []


Overfull \hbox (23.66713pt too wide) in paragraph at lines 327--328
[]|\OT1/cmtt/m/n/8 intensity/parameters.py:51-58| 
 []


Underfull \hbox (badness 10000) in paragraph at lines 328--328
[]|\OT1/cmr/m/n/10.95 mean=50, std=15,
 []


Overfull \hbox (23.66713pt too wide) in paragraph at lines 328--329
[]|\OT1/cmtt/m/n/8 intensity/parameters.py:59-66| 
 []


Underfull \hbox (badness 10000) in paragraph at lines 329--329
[]|\OT1/cmr/m/n/10.95 mean=55, std=18,
 []


Overfull \hbox (23.66713pt too wide) in paragraph at lines 329--330
[]|\OT1/cmtt/m/n/8 intensity/parameters.py:67-74| 
 []


Underfull \hbox (badness 10000) in paragraph at lines 330--330
[]|\OT1/cmr/m/n/10.95 mean=60, std=20,
 []


Overfull \hbox (23.66713pt too wide) in paragraph at lines 330--331
[]|\OT1/cmtt/m/n/8 intensity/parameters.py:75-79| 
 []


Overfull \hbox (47.99998pt too wide) in alignment at lines 325--331
 [] [] [] [] 
 []

[10

]
Overfull \hbox (47.99998pt too wide) in alignment at lines 341--345
 [] [] [] [] 
 []


Overfull \hbox (47.99998pt too wide) in alignment at lines 345--349
 [] [] [] [] 
 []


Overfull \hbox (47.99998pt too wide) in alignment at lines 349--351
 [] [] [] [] 
 []


Overfull \hbox (18.22704pt too wide) in paragraph at lines 352--353
[]|\OT1/cmtt/m/n/8 floodrisk/depth[]damage.py:80| 
 []


Overfull \hbox (18.22704pt too wide) in paragraph at lines 353--354
[]|\OT1/cmtt/m/n/8 floodrisk/depth[]damage.py:81| 
 []


Overfull \hbox (18.22704pt too wide) in paragraph at lines 354--355
[]|\OT1/cmtt/m/n/8 floodrisk/depth[]damage.py:74| 
 []


Overfull \hbox (18.22704pt too wide) in paragraph at lines 355--356
[]|\OT1/cmtt/m/n/8 floodrisk/depth[]damage.py:67| 
 []


Overfull \hbox (47.99998pt too wide) in alignment at lines 351--356
 [] [] [] [] 
 []


Overfull \hbox (47.99998pt too wide) in alignment at lines 360--364
 [] [] [] [] 
 []


Overfull \hbox (47.99998pt too wide) in alignment at lines 364--368
 [] [] [] [] 
 []


Overfull \hbox (47.99998pt too wide) in alignment at lines 368--370
 [] [] [] [] 
 []


Overfull \hbox (39.47734pt too wide) in paragraph at lines 371--372
[]|\OT1/cmtt/m/n/8 floodrisk/depth[]damage.py:130-134| 
 []


Overfull \hbox (39.47734pt too wide) in paragraph at lines 372--373
[]|\OT1/cmtt/m/n/8 floodrisk/depth[]damage.py:130-134| 
 []


Overfull \hbox (39.47734pt too wide) in paragraph at lines 373--374
[]|\OT1/cmtt/m/n/8 floodrisk/depth[]damage.py:130-134| 
 []


Overfull \hbox (47.99998pt too wide) in alignment at lines 370--374
 [] [] [] [] 
 []


Overfull \hbox (47.99998pt too wide) in alignment at lines 378--382
 [] [] [] [] 
 []


Overfull \hbox (47.99998pt too wide) in alignment at lines 382--386
 [] [] [] [] 
 []


Overfull \hbox (47.99998pt too wide) in alignment at lines 386--388
 [] [] [] [] 
 []


Overfull \hbox (2.41682pt too wide) in paragraph at lines 389--390
[]|\OT1/cmtt/m/n/8 floodrisk/velocity.py:15| 
 []


Overfull \hbox (2.41682pt too wide) in paragraph at lines 390--391
[]|\OT1/cmtt/m/n/8 floodrisk/velocity.py:21| 
 []


Overfull \hbox (32.4356pt too wide) in paragraph at lines 391--391
[]|\OT1/cmtt/m/n/10.95 DEFAULT[]ATTENUATION[]LENGTH| 
 []


Overfull \hbox (2.41682pt too wide) in paragraph at lines 391--392
[]|\OT1/cmtt/m/n/8 floodrisk/velocity.py:18| 
 []


Overfull \hbox (20.93822pt too wide) in paragraph at lines 392--392
[]|\OT1/cmtt/m/n/10.95 DEFAULT[]RECESSION[]FACTOR| 
 []


Overfull \hbox (2.41682pt too wide) in paragraph at lines 392--393
[]|\OT1/cmtt/m/n/8 floodrisk/velocity.py:24| 
 []


Overfull \hbox (47.99998pt too wide) in alignment at lines 388--393
 [] [] [] [] 
 []

[11

]
Overfull \hbox (47.99998pt too wide) in alignment at lines 403--407
 [] [] [] [] 
 []


Overfull \hbox (47.99998pt too wide) in alignment at lines 407--411
 [] [] [] [] 
 []


Overfull \hbox (47.99998pt too wide) in alignment at lines 411--413
 [] [] [] [] 
 []


Overfull \hbox (2.41682pt too wide) in paragraph at lines 415--416
[]|\OT1/cmtt/m/n/8 floodrisk/spatial.py:114| 
 []


Overfull \hbox (2.41682pt too wide) in paragraph at lines 416--417
[]|\OT1/cmtt/m/n/8 floodrisk/spatial.py:115| 
 []


Underfull \hbox (badness 10000) in paragraph at lines 417--417
[]|\OT1/cmtt/m/n/10.95 distance[]km to
 []


Overfull \hbox (47.99998pt too wide) in alignment at lines 413--418
 [] [] [] [] 
 []

[12

]
Overfull \hbox (47.99998pt too wide) in alignment at lines 428--432
 [] [] [] [] 
 []


Overfull \hbox (47.99998pt too wide) in alignment at lines 432--436
 [] [] [] [] 
 []


Overfull \hbox (47.99998pt too wide) in alignment at lines 436--438
 [] [] [] [] 
 []


Overfull \hbox (26.72716pt too wide) in paragraph at lines 439--440
[]|\OT1/cmtt/m/n/8 floodrisk/risk[]analytics.py:22| 
 []


Overfull \hbox (26.72716pt too wide) in paragraph at lines 440--441
[]|\OT1/cmtt/m/n/8 floodrisk/risk[]analytics.py:54| 
 []


Overfull \hbox (26.72716pt too wide) in paragraph at lines 441--442
[]|\OT1/cmtt/m/n/8 floodrisk/risk[]analytics.py:38| 
 []


Overfull \hbox (26.72716pt too wide) in paragraph at lines 442--443
[]|\OT1/cmtt/m/n/8 floodrisk/risk[]analytics.py:78| 
 []


Overfull \hbox (47.99998pt too wide) in alignment at lines 438--443
 [] [] [] [] 
 []


Overfull \hbox (47.99998pt too wide) in alignment at lines 447--451
 [] [] [] [] 
 []


Overfull \hbox (47.99998pt too wide) in alignment at lines 451--455
 [] [] [] [] 
 []


Overfull \hbox (47.99998pt too wide) in alignment at lines 455--457
 [] [] [] [] 
 []


Overfull \hbox (30.97722pt too wide) in paragraph at lines 458--459
[]|\OT1/cmtt/m/n/8 floodrisk/risk[]analytics.py:157| 
 []


Overfull \hbox (30.97722pt too wide) in paragraph at lines 459--460
[]|\OT1/cmtt/m/n/8 floodrisk/risk[]analytics.py:158| 
 []


Overfull \hbox (30.97722pt too wide) in paragraph at lines 460--461
[]|\OT1/cmtt/m/n/8 floodrisk/risk[]analytics.py:159| 
 []


Overfull \hbox (47.99998pt too wide) in alignment at lines 457--461
 [] [] [] [] 
 []

[13

]
Overfull \hbox (47.99998pt too wide) in alignment at lines 471--475
 [] [] [] [] 
 []


Overfull \hbox (47.99998pt too wide) in alignment at lines 475--479
 [] [] [] [] 
 []


Overfull \hbox (47.99998pt too wide) in alignment at lines 479--481
 [] [] [] [] 
 []


Overfull \hbox (13.97697pt too wide) in paragraph at lines 482--483
[]|\OT1/cmtt/m/n/8 risk/risk[]assessor.py:23-29| 
 []


Overfull \hbox (13.97697pt too wide) in paragraph at lines 483--484
[]|\OT1/cmtt/m/n/8 risk/risk[]assessor.py:23-29| 
 []


Overfull \hbox (13.97697pt too wide) in paragraph at lines 484--485
[]|\OT1/cmtt/m/n/8 risk/risk[]assessor.py:23-29| 
 []


Overfull \hbox (13.97697pt too wide) in paragraph at lines 485--486
[]|\OT1/cmtt/m/n/8 risk/risk[]assessor.py:23-29| 
 []


Overfull \hbox (13.97697pt too wide) in paragraph at lines 486--487
[]|\OT1/cmtt/m/n/8 risk/risk[]assessor.py:23-29| 
 []


Overfull \hbox (47.99998pt too wide) in alignment at lines 481--487
 [] [] [] [] 
 []


Overfull \hbox (47.99998pt too wide) in alignment at lines 491--495
 [] [] [] [] 
 []


Overfull \hbox (47.99998pt too wide) in alignment at lines 495--499
 [] [] [] [] 
 []


Overfull \hbox (47.99998pt too wide) in alignment at lines 499--501
 [] [] [] [] 
 []


Overfull \hbox (13.97697pt too wide) in paragraph at lines 502--503
[]|\OT1/cmtt/m/n/8 risk/risk[]assessor.py:31-36| 
 []


Overfull \hbox (13.97697pt too wide) in paragraph at lines 503--504
[]|\OT1/cmtt/m/n/8 risk/risk[]assessor.py:31-36| 
 []


Overfull \hbox (13.97697pt too wide) in paragraph at lines 504--505
[]|\OT1/cmtt/m/n/8 risk/risk[]assessor.py:31-36| 
 []


Overfull \hbox (13.97697pt too wide) in paragraph at lines 505--506
[]|\OT1/cmtt/m/n/8 risk/risk[]assessor.py:31-36| 
 []


Overfull \hbox (47.99998pt too wide) in alignment at lines 501--506
 [] [] [] [] 
 []


Overfull \hbox (47.99998pt too wide) in alignment at lines 510--514
 [] [] [] [] 
 []


Overfull \hbox (47.99998pt too wide) in alignment at lines 514--518
 [] [] [] [] 
 []


Overfull \hbox (47.99998pt too wide) in alignment at lines 518--520
 [] [] [] [] 
 []


Overfull \hbox (22.4771pt too wide) in paragraph at lines 521--522
[]|\OT1/cmtt/m/n/8 risk/risk[]assessor.py:154-161| 
 []


Overfull \hbox (22.4771pt too wide) in paragraph at lines 522--523
[]|\OT1/cmtt/m/n/8 risk/risk[]assessor.py:154-161| 
 []


Overfull \hbox (22.4771pt too wide) in paragraph at lines 523--524
[]|\OT1/cmtt/m/n/8 risk/risk[]assessor.py:154-161| 
 []


Overfull \hbox (22.4771pt too wide) in paragraph at lines 524--525
[]|\OT1/cmtt/m/n/8 risk/risk[]assessor.py:154-161| 
 []


Overfull \hbox (22.4771pt too wide) in paragraph at lines 525--526
[]|\OT1/cmtt/m/n/8 risk/risk[]assessor.py:154-161| 
 []


Overfull \hbox (22.4771pt too wide) in paragraph at lines 526--527
[]|\OT1/cmtt/m/n/8 risk/risk[]assessor.py:154-161| 
 []


Overfull \hbox (47.99998pt too wide) in alignment at lines 520--527
 [] [] [] [] 
 []


Overfull \hbox (47.99998pt too wide) in alignment at lines 531--535
 [] [] [] [] 
 []


Overfull \hbox (47.99998pt too wide) in alignment at lines 535--539
 [] [] [] [] 
 []


Overfull \hbox (47.99998pt too wide) in alignment at lines 539--541
 [] [] [] [] 
 []


Overfull \hbox (22.4771pt too wide) in paragraph at lines 542--543
[]|\OT1/cmtt/m/n/8 risk/risk[]assessor.py:171-176| 
 []


Overfull \hbox (22.4771pt too wide) in paragraph at lines 543--544
[]|\OT1/cmtt/m/n/8 risk/risk[]assessor.py:171-176| 
 []


Overfull \hbox (22.4771pt too wide) in paragraph at lines 544--545
[]|\OT1/cmtt/m/n/8 risk/risk[]assessor.py:171-176| 
 []


Overfull \hbox (22.4771pt too wide) in paragraph at lines 545--546
[]|\OT1/cmtt/m/n/8 risk/risk[]assessor.py:171-176| 
 []


Overfull \hbox (47.99998pt too wide) in alignment at lines 541--546
 [] [] [] [] 
 []


Overfull \hbox (47.99998pt too wide) in alignment at lines 550--554
 [] [] [] [] 
 []


Overfull \hbox (47.99998pt too wide) in alignment at lines 554--558
 [] [] [] [] 
 []


Overfull \hbox (47.99998pt too wide) in alignment at lines 558--560
 [] [] [] [] 
 []


Overfull \hbox (22.4771pt too wide) in paragraph at lines 561--562
[]|\OT1/cmtt/m/n/8 risk/risk[]assessor.py:189-197| 
 []


Overfull \hbox (22.4771pt too wide) in paragraph at lines 562--563
[]|\OT1/cmtt/m/n/8 risk/risk[]assessor.py:189-197| 
 []


Overfull \hbox (22.4771pt too wide) in paragraph at lines 563--564
[]|\OT1/cmtt/m/n/8 risk/risk[]assessor.py:189-197| 
 []


Overfull \hbox (22.4771pt too wide) in paragraph at lines 564--565
[]|\OT1/cmtt/m/n/8 risk/risk[]assessor.py:189-197| 
 []


Overfull \hbox (47.99998pt too wide) in alignment at lines 560--565
 [] [] [] [] 
 []

[14

]
Overfull \hbox (47.99998pt too wide) in alignment at lines 569--573
 [] [] [] [] 
 []


Overfull \hbox (47.99998pt too wide) in alignment at lines 573--577
 [] [] [] [] 
 []


Overfull \hbox (47.99998pt too wide) in alignment at lines 577--579
 [] [] [] [] 
 []


Overfull \hbox (22.4771pt too wide) in paragraph at lines 580--581
[]|\OT1/cmtt/m/n/8 risk/risk[]assessor.py:181-184| 
 []


Overfull \hbox (22.4771pt too wide) in paragraph at lines 581--582
[]|\OT1/cmtt/m/n/8 risk/risk[]assessor.py:181-184| 
 []


Overfull \hbox (47.99998pt too wide) in alignment at lines 579--582
 [] [] [] [] 
 []


Overfull \hbox (47.99998pt too wide) in alignment at lines 586--590
 [] [] [] [] 
 []


Overfull \hbox (47.99998pt too wide) in alignment at lines 590--594
 [] [] [] [] 
 []


Overfull \hbox (47.99998pt too wide) in alignment at lines 594--596
 [] [] [] [] 
 []


Overfull \hbox (22.4771pt too wide) in paragraph at lines 597--598
[]|\OT1/cmtt/m/n/8 risk/risk[]assessor.py:391-398| 
 []


Overfull \hbox (22.4771pt too wide) in paragraph at lines 598--599
[]|\OT1/cmtt/m/n/8 risk/risk[]assessor.py:391-398| 
 []


Overfull \hbox (22.4771pt too wide) in paragraph at lines 599--600
[]|\OT1/cmtt/m/n/8 risk/risk[]assessor.py:391-398| 
 []


Overfull \hbox (22.4771pt too wide) in paragraph at lines 600--601
[]|\OT1/cmtt/m/n/8 risk/risk[]assessor.py:391-398| 
 []


Overfull \hbox (22.4771pt too wide) in paragraph at lines 601--602
[]|\OT1/cmtt/m/n/8 risk/risk[]assessor.py:391-398| 
 []


Overfull \hbox (5.47685pt too wide) in paragraph at lines 602--603
[]|\OT1/cmtt/m/n/8 risk/risk[]assessor.py:406| 
 []


Overfull \hbox (47.99998pt too wide) in alignment at lines 596--603
 [] [] [] [] 
 []


Overfull \hbox (47.99998pt too wide) in alignment at lines 607--611
 [] [] [] [] 
 []


Overfull \hbox (47.99998pt too wide) in alignment at lines 611--615
 [] [] [] [] 
 []


Overfull \hbox (47.99998pt too wide) in alignment at lines 615--617
 [] [] [] [] 
 []


Overfull \hbox (22.4771pt too wide) in paragraph at lines 618--619
[]|\OT1/cmtt/m/n/8 risk/risk[]assessor.py:361-372| 
 []


Overfull \hbox (22.4771pt too wide) in paragraph at lines 619--620
[]|\OT1/cmtt/m/n/8 risk/risk[]assessor.py:361-372| 
 []


Overfull \hbox (22.4771pt too wide) in paragraph at lines 620--621
[]|\OT1/cmtt/m/n/8 risk/risk[]assessor.py:361-372| 
 []


Overfull \hbox (22.4771pt too wide) in paragraph at lines 621--622
[]|\OT1/cmtt/m/n/8 risk/risk[]assessor.py:361-372| 
 []


Overfull \hbox (22.4771pt too wide) in paragraph at lines 622--623
[]|\OT1/cmtt/m/n/8 risk/risk[]assessor.py:361-372| 
 []


Overfull \hbox (22.4771pt too wide) in paragraph at lines 623--624
[]|\OT1/cmtt/m/n/8 risk/risk[]assessor.py:361-372| 
 []


Overfull \hbox (47.99998pt too wide) in alignment at lines 617--624
 [] [] [] [] 
 []

[15]
Overfull \hbox (47.99998pt too wide) in alignment at lines 634--638
 [] [] [] [] 
 []


Overfull \hbox (47.99998pt too wide) in alignment at lines 638--642
 [] [] [] [] 
 []


Overfull \hbox (47.99998pt too wide) in alignment at lines 642--644
 [] [] [] [] 
 []


Overfull \hbox (39.47734pt too wide) in paragraph at lines 645--646
[]|\OT1/cmtt/m/n/8 valuation/property[]value.py:19-26| 
 []


Overfull \hbox (39.47734pt too wide) in paragraph at lines 646--647
[]|\OT1/cmtt/m/n/8 valuation/property[]value.py:19-26| 
 []


Overfull \hbox (39.47734pt too wide) in paragraph at lines 647--648
[]|\OT1/cmtt/m/n/8 valuation/property[]value.py:19-26| 
 []


Overfull \hbox (39.47734pt too wide) in paragraph at lines 648--649
[]|\OT1/cmtt/m/n/8 valuation/property[]value.py:19-26| 
 []


Overfull \hbox (39.47734pt too wide) in paragraph at lines 649--650
[]|\OT1/cmtt/m/n/8 valuation/property[]value.py:19-26| 
 []


Overfull \hbox (39.47734pt too wide) in paragraph at lines 650--651
[]|\OT1/cmtt/m/n/8 valuation/property[]value.py:19-26| 
 []


Overfull \hbox (47.99998pt too wide) in alignment at lines 644--651
 [] [] [] [] 
 []


Overfull \hbox (47.99998pt too wide) in alignment at lines 655--659
 [] [] [] [] 
 []


Overfull \hbox (47.99998pt too wide) in alignment at lines 659--663
 [] [] [] [] 
 []


Overfull \hbox (47.99998pt too wide) in alignment at lines 663--665
 [] [] [] [] 
 []


Overfull \hbox (39.47734pt too wide) in paragraph at lines 666--667
[]|\OT1/cmtt/m/n/8 valuation/property[]value.py:29-36| 
 []


Overfull \hbox (39.47734pt too wide) in paragraph at lines 667--668
[]|\OT1/cmtt/m/n/8 valuation/property[]value.py:29-36| 
 []


Overfull \hbox (39.47734pt too wide) in paragraph at lines 668--669
[]|\OT1/cmtt/m/n/8 valuation/property[]value.py:29-36| 
 []


Overfull \hbox (39.47734pt too wide) in paragraph at lines 669--670
[]|\OT1/cmtt/m/n/8 valuation/property[]value.py:29-36| 
 []


Overfull \hbox (39.47734pt too wide) in paragraph at lines 670--671
[]|\OT1/cmtt/m/n/8 valuation/property[]value.py:29-36| 
 []


Overfull \hbox (39.47734pt too wide) in paragraph at lines 671--672
[]|\OT1/cmtt/m/n/8 valuation/property[]value.py:29-36| 
 []


Overfull \hbox (47.99998pt too wide) in alignment at lines 665--672
 [] [] [] [] 
 []


Overfull \hbox (47.99998pt too wide) in alignment at lines 676--680
 [] [] [] [] 
 []


Overfull \hbox (47.99998pt too wide) in alignment at lines 680--684
 [] [] [] [] 
 []


Overfull \hbox (47.99998pt too wide) in alignment at lines 684--686
 [] [] [] [] 
 []


Overfull \hbox (39.47734pt too wide) in paragraph at lines 687--688
[]|\OT1/cmtt/m/n/8 valuation/property[]value.py:39-45| 
 []


Overfull \hbox (39.47734pt too wide) in paragraph at lines 688--689
[]|\OT1/cmtt/m/n/8 valuation/property[]value.py:39-45| 
 []


Underfull \hbox (badness 10000) in paragraph at lines 689--689
[]|\OT1/cmtt/m/n/10.95 Established
 []


Overfull \hbox (39.47734pt too wide) in paragraph at lines 689--690
[]|\OT1/cmtt/m/n/8 valuation/property[]value.py:39-45| 
 []


Overfull \hbox (39.47734pt too wide) in paragraph at lines 690--691
[]|\OT1/cmtt/m/n/8 valuation/property[]value.py:39-45| 
 []


Overfull \hbox (39.47734pt too wide) in paragraph at lines 691--692
[]|\OT1/cmtt/m/n/8 valuation/property[]value.py:39-45| 
 []


Overfull \hbox (47.99998pt too wide) in alignment at lines 686--692
 [] [] [] [] 
 []


Overfull \hbox (47.99998pt too wide) in alignment at lines 696--700
 [] [] [] [] 
 []


Overfull \hbox (47.99998pt too wide) in alignment at lines 700--704
 [] [] [] [] 
 []


Overfull \hbox (47.99998pt too wide) in alignment at lines 704--706
 [] [] [] [] 
 []


Overfull \hbox (39.47734pt too wide) in paragraph at lines 707--708
[]|\OT1/cmtt/m/n/8 valuation/property[]value.py:48-54| 
 []


Overfull \hbox (39.47734pt too wide) in paragraph at lines 708--709
[]|\OT1/cmtt/m/n/8 valuation/property[]value.py:48-54| 
 []


Overfull \hbox (39.47734pt too wide) in paragraph at lines 709--710
[]|\OT1/cmtt/m/n/8 valuation/property[]value.py:48-54| 
 []


Overfull \hbox (39.47734pt too wide) in paragraph at lines 710--711
[]|\OT1/cmtt/m/n/8 valuation/property[]value.py:48-54| 
 []


Overfull \hbox (39.47734pt too wide) in paragraph at lines 711--712
[]|\OT1/cmtt/m/n/8 valuation/property[]value.py:48-54| 
 []


Overfull \hbox (47.99998pt too wide) in alignment at lines 706--712
 [] [] [] [] 
 []

[16

]
Overfull \hbox (47.99998pt too wide) in alignment at lines 716--720
 [] [] [] [] 
 []


Overfull \hbox (47.99998pt too wide) in alignment at lines 720--724
 [] [] [] [] 
 []


Overfull \hbox (47.99998pt too wide) in alignment at lines 724--726
 [] [] [] [] 
 []


Overfull \hbox (39.47734pt too wide) in paragraph at lines 727--728
[]|\OT1/cmtt/m/n/8 valuation/property[]value.py:57-63| 
 []


Overfull \hbox (39.47734pt too wide) in paragraph at lines 728--729
[]|\OT1/cmtt/m/n/8 valuation/property[]value.py:57-63| 
 []


Overfull \hbox (39.47734pt too wide) in paragraph at lines 729--730
[]|\OT1/cmtt/m/n/8 valuation/property[]value.py:57-63| 
 []


Overfull \hbox (39.47734pt too wide) in paragraph at lines 730--731
[]|\OT1/cmtt/m/n/8 valuation/property[]value.py:57-63| 
 []


Overfull \hbox (39.47734pt too wide) in paragraph at lines 731--732
[]|\OT1/cmtt/m/n/8 valuation/property[]value.py:57-63| 
 []


Overfull \hbox (47.99998pt too wide) in alignment at lines 726--732
 [] [] [] [] 
 []


Overfull \hbox (47.99998pt too wide) in alignment at lines 736--740
 [] [] [] [] 
 []


Overfull \hbox (47.99998pt too wide) in alignment at lines 740--744
 [] [] [] [] 
 []


Overfull \hbox (47.99998pt too wide) in alignment at lines 744--746
 [] [] [] [] 
 []


Overfull \hbox (39.47734pt too wide) in paragraph at lines 747--748
[]|\OT1/cmtt/m/n/8 valuation/property[]value.py:66-74| 
 []


Overfull \hbox (39.47734pt too wide) in paragraph at lines 748--749
[]|\OT1/cmtt/m/n/8 valuation/property[]value.py:66-74| 
 []


Overfull \hbox (39.47734pt too wide) in paragraph at lines 749--750
[]|\OT1/cmtt/m/n/8 valuation/property[]value.py:66-74| 
 []


Overfull \hbox (39.47734pt too wide) in paragraph at lines 750--751
[]|\OT1/cmtt/m/n/8 valuation/property[]value.py:66-74| 
 []


Overfull \hbox (39.47734pt too wide) in paragraph at lines 751--752
[]|\OT1/cmtt/m/n/8 valuation/property[]value.py:66-74| 
 []


Overfull \hbox (39.47734pt too wide) in paragraph at lines 752--753
[]|\OT1/cmtt/m/n/8 valuation/property[]value.py:66-74| 
 []


Overfull \hbox (39.47734pt too wide) in paragraph at lines 753--754
[]|\OT1/cmtt/m/n/8 valuation/property[]value.py:66-74| 
 []


Overfull \hbox (47.99998pt too wide) in alignment at lines 746--754
 [] [] [] [] 
 []


Overfull \hbox (47.99998pt too wide) in alignment at lines 758--762
 [] [] [] [] 
 []


Overfull \hbox (47.99998pt too wide) in alignment at lines 762--766
 [] [] [] [] 
 []


Overfull \hbox (47.99998pt too wide) in alignment at lines 766--768
 [] [] [] [] 
 []


Overfull \hbox (30.97722pt too wide) in paragraph at lines 769--770
[]|\OT1/cmtt/m/n/8 valuation/property[]value.py:105| 
 []


Overfull \hbox (30.97722pt too wide) in paragraph at lines 770--771
[]|\OT1/cmtt/m/n/8 valuation/property[]value.py:106| 
 []


Overfull \hbox (47.99998pt too wide) in alignment at lines 768--771
 [] [] [] [] 
 []

[17]
Overfull \hbox (47.99998pt too wide) in alignment at lines 781--785
 [] [] [] [] 
 []


Overfull \hbox (47.99998pt too wide) in alignment at lines 785--789
 [] [] [] [] 
 []


Overfull \hbox (47.99998pt too wide) in alignment at lines 789--791
 [] [] [] [] 
 []


Overfull \hbox (19.41707pt too wide) in paragraph at lines 792--793
[]|\OT1/cmtt/m/n/8 valuation/insurance.py:20-27| 
 []


Overfull \hbox (19.41707pt too wide) in paragraph at lines 793--794
[]|\OT1/cmtt/m/n/8 valuation/insurance.py:20-27| 
 []


Overfull \hbox (19.41707pt too wide) in paragraph at lines 794--795
[]|\OT1/cmtt/m/n/8 valuation/insurance.py:20-27| 
 []


Overfull \hbox (19.41707pt too wide) in paragraph at lines 795--796
[]|\OT1/cmtt/m/n/8 valuation/insurance.py:20-27| 
 []


Overfull \hbox (19.41707pt too wide) in paragraph at lines 796--797
[]|\OT1/cmtt/m/n/8 valuation/insurance.py:20-27| 
 []


Overfull \hbox (19.41707pt too wide) in paragraph at lines 797--798
[]|\OT1/cmtt/m/n/8 valuation/insurance.py:20-27| 
 []


Overfull \hbox (47.99998pt too wide) in alignment at lines 791--798
 [] [] [] [] 
 []


Overfull \hbox (47.99998pt too wide) in alignment at lines 802--806
 [] [] [] [] 
 []


Overfull \hbox (47.99998pt too wide) in alignment at lines 806--810
 [] [] [] [] 
 []


Overfull \hbox (47.99998pt too wide) in alignment at lines 810--812
 [] [] [] [] 
 []


Overfull \hbox (19.41707pt too wide) in paragraph at lines 813--814
[]|\OT1/cmtt/m/n/8 valuation/insurance.py:30-36| 
 []


Overfull \hbox (19.41707pt too wide) in paragraph at lines 814--815
[]|\OT1/cmtt/m/n/8 valuation/insurance.py:30-36| 
 []


Overfull \hbox (19.41707pt too wide) in paragraph at lines 815--816
[]|\OT1/cmtt/m/n/8 valuation/insurance.py:30-36| 
 []


Overfull \hbox (19.41707pt too wide) in paragraph at lines 816--817
[]|\OT1/cmtt/m/n/8 valuation/insurance.py:30-36| 
 []


Overfull \hbox (19.41707pt too wide) in paragraph at lines 817--818
[]|\OT1/cmtt/m/n/8 valuation/insurance.py:30-36| 
 []


Overfull \hbox (47.99998pt too wide) in alignment at lines 812--818
 [] [] [] [] 
 []


Overfull \hbox (47.99998pt too wide) in alignment at lines 822--826
 [] [] [] [] 
 []


Overfull \hbox (47.99998pt too wide) in alignment at lines 826--830
 [] [] [] [] 
 []


Overfull \hbox (47.99998pt too wide) in alignment at lines 830--832
 [] [] [] [] 
 []


Overfull \hbox (6.66689pt too wide) in paragraph at lines 833--834
[]|\OT1/cmtt/m/n/8 valuation/insurance.py:64| 
 []


Overfull \hbox (6.66689pt too wide) in paragraph at lines 834--835
[]|\OT1/cmtt/m/n/8 valuation/insurance.py:67| 
 []


Overfull \hbox (6.66689pt too wide) in paragraph at lines 835--836
[]|\OT1/cmtt/m/n/8 valuation/insurance.py:68| 
 []


Overfull \hbox (47.99998pt too wide) in alignment at lines 832--836
 [] [] [] [] 
 []

[18

]
Overfull \hbox (47.99998pt too wide) in alignment at lines 846--850
 [] [] [] [] 
 []


Overfull \hbox (47.99998pt too wide) in alignment at lines 850--854
 [] [] [] [] 
 []


Overfull \hbox (47.99998pt too wide) in alignment at lines 854--856
 [] [] [] [] 
 []


Underfull \hbox (badness 10000) in paragraph at lines 857--857
[]|\OT1/cmtt/m/n/10.95 Affordability ratio
 []


Underfull \hbox (badness 10000) in paragraph at lines 859--859
[]|\OT1/cmtt/m/n/10.95 Default for zero
 []


Overfull \hbox (47.99998pt too wide) in alignment at lines 856--861
 [] [] [] [] 
 []


Overfull \hbox (47.99998pt too wide) in alignment at lines 865--869
 [] [] [] [] 
 []


Overfull \hbox (47.99998pt too wide) in alignment at lines 869--873
 [] [] [] [] 
 []


Overfull \hbox (47.99998pt too wide) in alignment at lines 873--875
 [] [] [] [] 
 []


Overfull \hbox (9.72691pt too wide) in paragraph at lines 876--877
[]|\OT1/cmtt/m/n/8 mortgage[]pricer.py:178-184| 
 []


Overfull \hbox (9.72691pt too wide) in paragraph at lines 877--878
[]|\OT1/cmtt/m/n/8 mortgage[]pricer.py:178-184| 
 []


Overfull \hbox (9.72691pt too wide) in paragraph at lines 878--879
[]|\OT1/cmtt/m/n/8 mortgage[]pricer.py:178-184| 
 []


Overfull \hbox (9.72691pt too wide) in paragraph at lines 879--880
[]|\OT1/cmtt/m/n/8 mortgage[]pricer.py:178-184| 
 []


Overfull \hbox (9.72691pt too wide) in paragraph at lines 880--881
[]|\OT1/cmtt/m/n/8 mortgage[]pricer.py:178-184| 
 []


Overfull \hbox (47.99998pt too wide) in alignment at lines 875--881
 [] [] [] [] 
 []


Overfull \hbox (47.99998pt too wide) in alignment at lines 885--889
 [] [] [] [] 
 []


Overfull \hbox (47.99998pt too wide) in alignment at lines 889--893
 [] [] [] [] 
 []


Overfull \hbox (47.99998pt too wide) in alignment at lines 893--895
 [] [] [] [] 
 []


Overfull \hbox (9.72691pt too wide) in paragraph at lines 896--897
[]|\OT1/cmtt/m/n/8 mortgage[]pricer.py:389-396| 
 []


Overfull \hbox (9.72691pt too wide) in paragraph at lines 897--898
[]|\OT1/cmtt/m/n/8 mortgage[]pricer.py:389-396| 
 []


Overfull \hbox (9.72691pt too wide) in paragraph at lines 898--899
[]|\OT1/cmtt/m/n/8 mortgage[]pricer.py:389-396| 
 []


Overfull \hbox (9.72691pt too wide) in paragraph at lines 899--900
[]|\OT1/cmtt/m/n/8 mortgage[]pricer.py:389-396| 
 []


Overfull \hbox (47.99998pt too wide) in alignment at lines 895--900
 [] [] [] [] 
 []


Overfull \hbox (47.99998pt too wide) in alignment at lines 904--908
 [] [] [] [] 
 []


Overfull \hbox (47.99998pt too wide) in alignment at lines 908--912
 [] [] [] [] 
 []


Overfull \hbox (47.99998pt too wide) in alignment at lines 912--914
 [] [] [] [] 
 []


Underfull \hbox (badness 10000) in paragraph at lines 916--916
[]|\OT1/cmtt/m/n/10.95 gross[]annual[]income
 []


Underfull \hbox (badness 10000) in paragraph at lines 917--917
[]|\OT1/cmtt/m/n/10.95 interest[]rate
 []


Underfull \hbox (badness 10000) in paragraph at lines 918--918
[]|\OT1/cmtt/m/n/10.95 insurance[]rate
 []


Underfull \hbox (badness 10000) in paragraph at lines 919--919
[]|\OT1/cmtt/m/n/10.95 recovery[]haircut
 []


Overfull \hbox (47.99998pt too wide) in alignment at lines 914--920
 [] [] [] [] 
 []

[19

] [20]
Overfull \hbox (47.99998pt too wide) in alignment at lines 930--934
 [] [] [] [] 
 []


Overfull \hbox (47.99998pt too wide) in alignment at lines 934--938
 [] [] [] [] 
 []


Overfull \hbox (47.99998pt too wide) in alignment at lines 938--940
 [] [] [] [] 
 []


Overfull \hbox (15.167pt too wide) in paragraph at lines 941--942
[]|\OT1/cmtt/m/n/8 statistics/timeseries.py:48| 
 []


Overfull \hbox (27.91719pt too wide) in paragraph at lines 942--943
[]|\OT1/cmtt/m/n/8 statistics/timeseries.py:69-77| 
 []


Overfull \hbox (47.99998pt too wide) in alignment at lines 940--943
 [] [] [] [] 
 []


Overfull \hbox (47.99998pt too wide) in alignment at lines 947--951
 [] [] [] [] 
 []


Overfull \hbox (47.99998pt too wide) in alignment at lines 951--955
 [] [] [] [] 
 []


Overfull \hbox (47.99998pt too wide) in alignment at lines 955--957
 [] [] [] [] 
 []


Overfull \hbox (10.91695pt too wide) in paragraph at lines 958--959
[]|\OT1/cmtt/m/n/8 statistics/synthetic.py:62| 
 []


Overfull \hbox (10.91695pt too wide) in paragraph at lines 959--960
[]|\OT1/cmtt/m/n/8 statistics/synthetic.py:63| 
 []


Overfull \hbox (10.91695pt too wide) in paragraph at lines 960--961
[]|\OT1/cmtt/m/n/8 statistics/synthetic.py:64| 
 []


Overfull \hbox (10.91695pt too wide) in paragraph at lines 961--962
[]|\OT1/cmtt/m/n/8 statistics/synthetic.py:98| 
 []


Overfull \hbox (10.91695pt too wide) in paragraph at lines 962--963
[]|\OT1/cmtt/m/n/8 statistics/synthetic.py:83| 
 []


Overfull \hbox (47.99998pt too wide) in alignment at lines 957--963
 [] [] [] [] 
 []

[21

] [22

] 
enddocument/afterlastpage: lastpage setting LastPage.

(/Users/newdavid/Documents/PhysicalRisk/docs/models/parameter_inventory/paramet
er_inventory.aux)
 ***********
LaTeX2e <2023-11-01> patch level 1
L3 programming layer <2024-02-20>
 ***********


LaTeX Warning: Label(s) may have changed. Rerun to get cross-references right.

Package rerunfilecheck Info: File `parameter_inventory.out' has not changed.
(rerunfilecheck)             Checksum: F056252780744AC9FF51C784969D47CF;11484.
 ) 
Here is how much of TeX's memory you used:
 18401 strings out of 474116
 313891 string characters out of 5743682
 1955187 words of memory out of 5000000
 40370 multiletter control sequences out of 15000+600000
 565518 words of font info for 64 fonts, out of 8000000 for 9000
 1141 hyphenation exceptions out of 8191
 88i,13n,134p,635b,578s stack positions out of 10000i,1000n,20000p,200000b,200000s
</usr/local/texlive/2024/texmf-dist/fonts/type1/public/amsfonts/cm/cmbx10.pfb
></usr/local/texlive/2024/texmf-dist/fonts/type1/public/amsfonts/cm/cmbx12.pfb>
</usr/local/texlive/2024/texmf-dist/fonts/type1/public/amsfonts/cm/cmr10.pfb></
usr/local/texlive/2024/texmf-dist/fonts/type1/public/amsfonts/cm/cmr12.pfb></us
r/local/texlive/2024/texmf-dist/fonts/type1/public/amsfonts/cm/cmsy10.pfb></usr
/local/texlive/2024/texmf-dist/fonts/type1/public/amsfonts/cm/cmtt10.pfb></usr/
local/texlive/2024/texmf-dist/fonts/type1/public/amsfonts/cm/cmtt8.pfb></usr/lo
cal/texlive/2024/texmf-dist/fonts/type1/public/cm-super/sfrm1095.pfb>
Output written on /Users/newdavid/Documents/PhysicalRisk/docs/models/parameter_
inventory/parameter_inventory.pdf (23 pages, 188388 bytes).
PDF statistics:
 553 PDF objects out of 1000 (max. 8388607)
 504 compressed objects within 6 object streams
 131 named destinations out of 1000 (max. 500000)
 494 words of extra memory for PDF output out of 10000 (max. 10000000)

