\BOOKMARK [1][-]{section.1}{\376\377\000E\000x\000e\000c\000u\000t\000i\000v\000e\000\040\000S\000u\000m\000m\000a\000r\000y}{}% 1
\BOOKMARK [1][-]{section.2}{\376\377\000M\000o\000d\000e\000l\000\040\000P\000u\000r\000p\000o\000s\000e\000\040\000a\000n\000d\000\040\000S\000c\000o\000p\000e}{}% 2
\BOOKMARK [2][-]{subsection.2.1}{\376\377\000P\000u\000r\000p\000o\000s\000e}{section.2}% 3
\BOOKMARK [2][-]{subsection.2.2}{\376\377\000S\000c\000o\000p\000e}{section.2}% 4
\BOOKMARK [2][-]{subsection.2.3}{\376\377\000R\000e\000g\000u\000l\000a\000t\000o\000r\000y\000\040\000C\000o\000n\000t\000e\000x\000t}{section.2}% 5
\BOOKMARK [1][-]{section.3}{\376\377\000M\000a\000t\000h\000e\000m\000a\000t\000i\000c\000a\000l\000\040\000F\000r\000a\000m\000e\000w\000o\000r\000k}{}% 6
\BOOKMARK [2][-]{subsection.3.1}{\376\377\000A\000m\000o\000r\000t\000i\000s\000a\000t\000i\000o\000n\000\040\000S\000c\000h\000e\000d\000u\000l\000e}{section.3}% 7
\BOOKMARK [2][-]{subsection.3.2}{\376\377\000C\000r\000e\000d\000i\000t\000\040\000S\000p\000r\000e\000a\000d\000\040\000M\000o\000d\000e\000l}{section.3}% 8
\BOOKMARK [3][-]{subsubsection.3.2.1}{\376\377\000A\000f\000f\000o\000r\000d\000a\000b\000i\000l\000i\000t\000y\000\040\000R\000a\000t\000i\000o}{subsection.3.2}% 9
\BOOKMARK [3][-]{subsubsection.3.2.2}{\376\377\000B\000a\000s\000e\000\040\000C\000r\000e\000d\000i\000t\000\040\000S\000p\000r\000e\000a\000d\000\040\000I\000n\000t\000e\000r\000p\000o\000l\000a\000t\000i\000o\000n}{subsection.3.2}% 10
\BOOKMARK [3][-]{subsubsection.3.2.3}{\376\377\000T\000e\000r\000m\000\040\000S\000t\000r\000u\000c\000t\000u\000r\000e\000\040\000A\000d\000j\000u\000s\000t\000m\000e\000n\000t}{subsection.3.2}% 11
\BOOKMARK [3][-]{subsubsection.3.2.4}{\376\377\000Z\000e\000r\000o\000-\000I\000n\000c\000o\000m\000e\000\040\000F\000a\000l\000l\000b\000a\000c\000k}{subsection.3.2}% 12
\BOOKMARK [2][-]{subsection.3.3}{\376\377\000L\000o\000a\000n\000-\000t\000o\000-\000V\000a\000l\000u\000e\000\040\000R\000i\000s\000k\000\040\000A\000d\000j\000u\000s\000t\000m\000e\000n\000t}{section.3}% 13
\BOOKMARK [2][-]{subsection.3.4}{\376\377\000F\000l\000o\000o\000d\000\040\000R\000i\000s\000k\000\040\000A\000d\000j\000u\000s\000t\000m\000e\000n\000t}{section.3}% 14
\BOOKMARK [2][-]{subsection.3.5}{\376\377\000D\000e\000f\000a\000u\000l\000t\000\040\000a\000n\000d\000\040\000S\000u\000r\000v\000i\000v\000a\000l\000\040\000P\000r\000o\000b\000a\000b\000i\000l\000i\000t\000i\000e\000s}{section.3}% 15
\BOOKMARK [2][-]{subsection.3.6}{\376\377\000L\000o\000s\000s\000\040\000G\000i\000v\000e\000n\000\040\000D\000e\000f\000a\000u\000l\000t}{section.3}% 16
\BOOKMARK [2][-]{subsection.3.7}{\376\377\000E\000x\000p\000e\000c\000t\000e\000d\000\040\000C\000a\000s\000h\000f\000l\000o\000w\000s\000\040\000a\000n\000d\000\040\000E\000x\000p\000e\000c\000t\000e\000d\000\040\000L\000o\000s\000s\000e\000s}{section.3}% 17
\BOOKMARK [2][-]{subsection.3.8}{\376\377\000P\000r\000e\000s\000e\000n\000t\000\040\000V\000a\000l\000u\000e\000\040\000a\000n\000d\000\040\000F\000a\000i\000r\000\040\000V\000a\000l\000u\000e}{section.3}% 18
\BOOKMARK [2][-]{subsection.3.9}{\376\377\000P\000o\000r\000t\000f\000o\000l\000i\000o\000\040\000A\000g\000g\000r\000e\000g\000a\000t\000i\000o\000n}{section.3}% 19
\BOOKMARK [1][-]{section.4}{\376\377\000I\000n\000p\000u\000t\000\040\000P\000a\000r\000a\000m\000e\000t\000e\000r\000s\000\040\000a\000n\000d\000\040\000C\000a\000l\000i\000b\000r\000a\000t\000i\000o\000n}{}% 20
\BOOKMARK [2][-]{subsection.4.1}{\376\377\000M\000o\000d\000e\000l\000\040\000I\000n\000p\000u\000t\000s}{section.4}% 21
\BOOKMARK [2][-]{subsection.4.2}{\376\377\000I\000n\000p\000u\000t\000\040\000V\000a\000l\000i\000d\000a\000t\000i\000o\000n\000\040\000a\000n\000d\000\040\000B\000o\000u\000n\000d\000s}{section.4}% 22
\BOOKMARK [2][-]{subsection.4.3}{\376\377\000C\000a\000l\000i\000b\000r\000a\000t\000i\000o\000n}{section.4}% 23
\BOOKMARK [3][-]{subsubsection.4.3.1}{\376\377\000C\000r\000e\000d\000i\000t\000\040\000S\000p\000r\000e\000a\000d\000\040\000S\000c\000h\000e\000d\000u\000l\000e}{subsection.4.3}% 24
\BOOKMARK [3][-]{subsubsection.4.3.2}{\376\377\000R\000e\000c\000o\000v\000e\000r\000y\000\040\000H\000a\000i\000r\000c\000u\000t}{subsection.4.3}% 25
\BOOKMARK [3][-]{subsubsection.4.3.3}{\376\377\000T\000a\000x\000\040\000R\000a\000t\000e}{subsection.4.3}% 26
\BOOKMARK [1][-]{section.5}{\376\377\000I\000m\000p\000l\000e\000m\000e\000n\000t\000a\000t\000i\000o\000n\000\040\000D\000e\000t\000a\000i\000l\000s}{}% 27
\BOOKMARK [2][-]{subsection.5.1}{\376\377\000S\000o\000f\000t\000w\000a\000r\000e\000\040\000A\000r\000c\000h\000i\000t\000e\000c\000t\000u\000r\000e}{section.5}% 28
\BOOKMARK [2][-]{subsection.5.2}{\376\377\000D\000e\000p\000e\000n\000d\000e\000n\000c\000i\000e\000s}{section.5}% 29
\BOOKMARK [2][-]{subsection.5.3}{\376\377\000N\000u\000m\000e\000r\000i\000c\000a\000l\000\040\000C\000o\000n\000s\000i\000d\000e\000r\000a\000t\000i\000o\000n\000s}{section.5}% 30
\BOOKMARK [2][-]{subsection.5.4}{\376\377\000C\000o\000m\000p\000u\000t\000a\000t\000i\000o\000n\000a\000l\000\040\000C\000o\000m\000p\000l\000e\000x\000i\000t\000y}{section.5}% 31
\BOOKMARK [1][-]{section.6}{\376\377\000S\000e\000n\000s\000i\000t\000i\000v\000i\000t\000y\000\040\000A\000n\000a\000l\000y\000s\000i\000s}{}% 32
\BOOKMARK [2][-]{subsection.6.1}{\376\377\000I\000n\000t\000e\000r\000e\000s\000t\000\040\000R\000a\000t\000e\000\040\000S\000e\000n\000s\000i\000t\000i\000v\000i\000t\000y}{section.6}% 33
\BOOKMARK [2][-]{subsection.6.2}{\376\377\000A\000f\000f\000o\000r\000d\000a\000b\000i\000l\000i\000t\000y\000\040\000R\000a\000t\000i\000o\000\040\000S\000e\000n\000s\000i\000t\000i\000v\000i\000t\000y}{section.6}% 34
\BOOKMARK [2][-]{subsection.6.3}{\376\377\000R\000e\000c\000o\000v\000e\000r\000y\000\040\000H\000a\000i\000r\000c\000u\000t\000\040\000S\000e\000n\000s\000i\000t\000i\000v\000i\000t\000y}{section.6}% 35
\BOOKMARK [2][-]{subsection.6.4}{\376\377\000T\000e\000r\000m\000\040\000S\000t\000r\000u\000c\000t\000u\000r\000e\000\040\000S\000e\000n\000s\000i\000t\000i\000v\000i\000t\000y}{section.6}% 36
\BOOKMARK [1][-]{section.7}{\376\377\000V\000a\000l\000i\000d\000a\000t\000i\000o\000n\000\040\000a\000n\000d\000\040\000B\000a\000c\000k\000t\000e\000s\000t\000i\000n\000g}{}% 37
\BOOKMARK [2][-]{subsection.7.1}{\376\377\000U\000n\000i\000t\000\040\000T\000e\000s\000t\000i\000n\000g}{section.7}% 38
\BOOKMARK [2][-]{subsection.7.2}{\376\377\000A\000n\000a\000l\000y\000t\000i\000c\000a\000l\000\040\000B\000e\000n\000c\000h\000m\000a\000r\000k\000s}{section.7}% 39
\BOOKMARK [3][-]{subsubsection.7.2.1}{\376\377\000P\000a\000r\000\040\000R\000e\000c\000o\000v\000e\000r\000y}{subsection.7.2}% 40
\BOOKMARK [3][-]{subsubsection.7.2.2}{\376\377\000M\000a\000x\000i\000m\000u\000m\000\040\000L\000o\000s\000s\000\040\000B\000o\000u\000n\000d}{subsection.7.2}% 41
\BOOKMARK [2][-]{subsection.7.3}{\376\377\000B\000a\000c\000k\000t\000e\000s\000t\000i\000n\000g\000\040\000P\000r\000o\000t\000o\000c\000o\000l}{section.7}% 42
\BOOKMARK [1][-]{section.8}{\376\377\000M\000o\000d\000e\000l\000\040\000L\000i\000m\000i\000t\000a\000t\000i\000o\000n\000s\000\040\000a\000n\000d\000\040\000K\000n\000o\000w\000n\000\040\000W\000e\000a\000k\000n\000e\000s\000s\000e\000s}{}% 43
\BOOKMARK [1][-]{section.9}{\376\377\000G\000o\000v\000e\000r\000n\000a\000n\000c\000e\000\040\000V\000a\000l\000i\000d\000a\000t\000i\000o\000n\000\040\000Q\000u\000e\000s\000t\000i\000o\000n\000s}{}% 44
\BOOKMARK [2][-]{subsection.9.1}{\376\377\000Q\0001\000\040\040\024\000\040\000R\000o\000n\000s\000e\000a\000l\000\040\000T\000e\000s\000t}{section.9}% 45
\BOOKMARK [2][-]{subsection.9.2}{\376\377\000Q\0002\000\040\040\024\000\040\000A\000c\000c\000u\000r\000a\000c\000y\000\040\000a\000n\000d\000\040\000S\000t\000a\000b\000i\000l\000i\000t\000y}{section.9}% 46
\BOOKMARK [2][-]{subsection.9.3}{\376\377\000Q\0003\000\040\040\024\000\040\000R\000e\000s\000o\000u\000r\000c\000e\000\040\000U\000s\000a\000g\000e}{section.9}% 47
\BOOKMARK [2][-]{subsection.9.4}{\376\377\000Q\0004\000\040\040\024\000\040\000O\000v\000e\000r\000r\000i\000d\000e\000\040\000C\000o\000n\000t\000r\000o\000l\000s}{section.9}% 48
\BOOKMARK [2][-]{subsection.9.5}{\376\377\000Q\0005\000\040\040\024\000\040\000O\000u\000t\000p\000u\000t\000\040\000C\000o\000n\000s\000u\000m\000p\000t\000i\000o\000n}{section.9}% 49
\BOOKMARK [2][-]{subsection.9.6}{\376\377\000Q\0006\000\040\040\024\000\040\000M\000o\000d\000e\000l\000\040\000C\000h\000a\000i\000n\000i\000n\000g}{section.9}% 50
\BOOKMARK [2][-]{subsection.9.7}{\376\377\000Q\0007\000\040\040\024\000\040\000W\000e\000a\000k\000n\000e\000s\000s\000e\000s}{section.9}% 51
\BOOKMARK [2][-]{subsection.9.8}{\376\377\000Q\0008\000\040\040\024\000\040\000M\000o\000n\000i\000t\000o\000r\000i\000n\000g}{section.9}% 52
\BOOKMARK [2][-]{subsection.9.9}{\376\377\000Q\0009\000\040\040\024\000\040\000O\000v\000e\000r\000a\000l\000l\000\040\000R\000i\000s\000k}{section.9}% 53
\BOOKMARK [1][-]{section.10}{\376\377\000C\000h\000a\000n\000g\000e\000\040\000H\000i\000s\000t\000o\000r\000y}{}% 54
\BOOKMARK [1][-]{section.11}{\376\377\000D\000o\000c\000u\000m\000e\000n\000t\000\040\000H\000i\000s\000t\000o\000r\000y}{}% 55
